Java HotSpot(TM) 64-Bit Server VM (25.151-b12) for linux-amd64 JRE (1.8.0_151-b12), built on Sep  5 2017 19:20:58 by "java_re" with gcc 4.3.0 20080428 (Red Hat 4.3.0-8)
Memory: 4k page, physical 2045252k(176572k free), swap 262140k(262140k free)
CommandLine flags: -XX:CMSInitiatingOccupancyFraction=50 -XX:CMSMaxAbortablePrecleanTime=6000 -XX:+CMSParallelRemarkEnabled -XX:+CMSScavengeBeforeRemark -XX:ConcGCThreads=4 -XX:GCLogFileSize=20971520 -XX:InitialHeapSize=536870912 -XX:MaxHeapSize=536870912 -XX:MaxTenuringThreshold=8 -XX:NewRatio=3 -XX:NumberOfGCLogFiles=9 -XX:OldPLABSize=16 -XX:-OmitStackTraceInFastThrow -XX:OnOutOfMemoryError=/root/DSE203_Demand_EDA/www/SOLR_/solr/bin/oom_solr.sh 8983 /root/DSE203_Demand_EDA/www/SOLR_/solr/server/logs -XX:ParallelGCThreads=4 -XX:+ParallelRefProcEnabled -XX:PretenureSizeThreshold=67108864 -XX:+PrintGC -XX:+PrintGCApplicationStoppedTime -XX:+PrintGCDateStamps -XX:+PrintGCDetails -XX:+PrintGCTimeStamps -XX:+PrintHeapAtGC -XX:+PrintTenuringDistribution -XX:SurvivorRatio=4 -XX:TargetSurvivorRatio=90 -XX:ThreadStackSize=256 -XX:+UseCMSInitiatingOccupancyOnly -XX:+UseCompressedClassPointers -XX:+UseCompressedOops -XX:+UseConcMarkSweepGC -XX:+UseGCLogFileRotation -XX:+UseParNewGC 
2017-10-26T05:00:22.657+0000: 0.196: Total time for which application threads were stopped: 0.0001296 seconds, Stopping threads took: 0.0000235 seconds
2017-10-26T05:00:22.850+0000: 0.389: Total time for which application threads were stopped: 0.0001662 seconds, Stopping threads took: 0.0000210 seconds
2017-10-26T05:00:23.204+0000: 0.743: Total time for which application threads were stopped: 0.0002396 seconds, Stopping threads took: 0.0000422 seconds
2017-10-26T05:00:23.508+0000: 1.047: Total time for which application threads were stopped: 0.0002170 seconds, Stopping threads took: 0.0000231 seconds
2017-10-26T05:00:23.723+0000: 1.262: Total time for which application threads were stopped: 0.0002460 seconds, Stopping threads took: 0.0000228 seconds
2017-10-26T05:00:23.758+0000: 1.297: Total time for which application threads were stopped: 0.0002720 seconds, Stopping threads took: 0.0000262 seconds
2017-10-26T05:00:24.240+0000: 1.779: Total time for which application threads were stopped: 0.0002780 seconds, Stopping threads took: 0.0000236 seconds
2017-10-26T05:00:24.279+0000: 1.818: Total time for which application threads were stopped: 0.0002780 seconds, Stopping threads took: 0.0000245 seconds
2017-10-26T05:00:24.422+0000: 1.961: Total time for which application threads were stopped: 0.0003407 seconds, Stopping threads took: 0.0000317 seconds
2017-10-26T05:00:24.681+0000: 2.220: Total time for which application threads were stopped: 0.0003226 seconds, Stopping threads took: 0.0000243 seconds
2017-10-26T05:00:24.683+0000: 2.222: Total time for which application threads were stopped: 0.0001099 seconds, Stopping threads took: 0.0000140 seconds
2017-10-26T05:00:24.690+0000: 2.229: Total time for which application threads were stopped: 0.0001180 seconds, Stopping threads took: 0.0000153 seconds
2017-10-26T05:00:24.713+0000: 2.252: Total time for which application threads were stopped: 0.0002036 seconds, Stopping threads took: 0.0000196 seconds
2017-10-26T05:00:24.883+0000: 2.422: Total time for which application threads were stopped: 0.0003108 seconds, Stopping threads took: 0.0000240 seconds
2017-10-26T05:00:25.165+0000: 2.704: Total time for which application threads were stopped: 0.0003700 seconds, Stopping threads took: 0.0000254 seconds
{Heap before GC invocations=0 (full 0):
 par new generation   total 109248K, used 87424K [0x00000000e0000000, 0x00000000e8000000, 0x00000000e8000000)
  eden space 87424K, 100% used [0x00000000e0000000, 0x00000000e5560000, 0x00000000e5560000)
  from space 21824K,   0% used [0x00000000e5560000, 0x00000000e5560000, 0x00000000e6ab0000)
  to   space 21824K,   0% used [0x00000000e6ab0000, 0x00000000e6ab0000, 0x00000000e8000000)
 concurrent mark-sweep generation total 393216K, used 0K [0x00000000e8000000, 0x0000000100000000, 0x0000000100000000)
 Metaspace       used 19579K, capacity 19940K, committed 20224K, reserved 1067008K
  class space    used 2296K, capacity 2454K, committed 2560K, reserved 1048576K
2017-10-26T05:00:25.425+0000: 2.964: [GC (Allocation Failure) 2017-10-26T05:00:25.425+0000: 2.964: [ParNew
Desired survivor size 20112992 bytes, new threshold 8 (max 8)
- age   1:   12718232 bytes,   12718232 total
: 87424K->12543K(109248K), 0.0605545 secs] 87424K->12543K(502464K), 0.0606720 secs] [Times: user=0.05 sys=0.02, real=0.06 secs] 
Heap after GC invocations=1 (full 0):
 par new generation   total 109248K, used 12543K [0x00000000e0000000, 0x00000000e8000000, 0x00000000e8000000)
  eden space 87424K,   0% used [0x00000000e0000000, 0x00000000e0000000, 0x00000000e5560000)
  from space 21824K,  57% used [0x00000000e6ab0000, 0x00000000e76efc10, 0x00000000e8000000)
  to   space 21824K,   0% used [0x00000000e5560000, 0x00000000e5560000, 0x00000000e6ab0000)
 concurrent mark-sweep generation total 393216K, used 0K [0x00000000e8000000, 0x0000000100000000, 0x0000000100000000)
 Metaspace       used 19579K, capacity 19940K, committed 20224K, reserved 1067008K
  class space    used 2296K, capacity 2454K, committed 2560K, reserved 1048576K
}
2017-10-26T05:00:25.485+0000: 3.024: Total time for which application threads were stopped: 0.0609708 seconds, Stopping threads took: 0.0000298 seconds
2017-10-26T05:00:25.529+0000: 3.068: Total time for which application threads were stopped: 0.0004371 seconds, Stopping threads took: 0.0000312 seconds
2017-10-26T05:00:25.815+0000: 3.354: Total time for which application threads were stopped: 0.0021407 seconds, Stopping threads took: 0.0020158 seconds
2017-10-26T05:00:25.821+0000: 3.360: Total time for which application threads were stopped: 0.0000846 seconds, Stopping threads took: 0.0000330 seconds
2017-10-26T05:00:25.822+0000: 3.360: Total time for which application threads were stopped: 0.0000534 seconds, Stopping threads took: 0.0000077 seconds
2017-10-26T05:00:25.837+0000: 3.376: Total time for which application threads were stopped: 0.0004816 seconds, Stopping threads took: 0.0000428 seconds
2017-10-26T05:00:25.886+0000: 3.425: Total time for which application threads were stopped: 0.0001510 seconds, Stopping threads took: 0.0000372 seconds
2017-10-26T05:00:25.992+0000: 3.530: Total time for which application threads were stopped: 0.0039138 seconds, Stopping threads took: 0.0037774 seconds
2017-10-26T05:00:25.994+0000: 3.533: Total time for which application threads were stopped: 0.0000509 seconds, Stopping threads took: 0.0000209 seconds
2017-10-26T05:00:26.049+0000: 3.588: Total time for which application threads were stopped: 0.0004859 seconds, Stopping threads took: 0.0000300 seconds
2017-10-26T05:00:26.068+0000: 3.607: Total time for which application threads were stopped: 0.0000927 seconds, Stopping threads took: 0.0000238 seconds
2017-10-26T05:00:26.120+0000: 3.659: Total time for which application threads were stopped: 0.0001237 seconds, Stopping threads took: 0.0000283 seconds
2017-10-26T05:00:26.170+0000: 3.708: Total time for which application threads were stopped: 0.0001401 seconds, Stopping threads took: 0.0000303 seconds
2017-10-26T05:00:26.231+0000: 3.770: Total time for which application threads were stopped: 0.0001281 seconds, Stopping threads took: 0.0000330 seconds
2017-10-26T05:00:26.294+0000: 3.833: Total time for which application threads were stopped: 0.0001418 seconds, Stopping threads took: 0.0000337 seconds
2017-10-26T05:00:26.464+0000: 4.003: Total time for which application threads were stopped: 0.0005443 seconds, Stopping threads took: 0.0000320 seconds
2017-10-26T05:00:26.538+0000: 4.077: Total time for which application threads were stopped: 0.0099637 seconds, Stopping threads took: 0.0098444 seconds
2017-10-26T05:00:26.555+0000: 4.094: Total time for which application threads were stopped: 0.0005396 seconds, Stopping threads took: 0.0000281 seconds
2017-10-26T05:00:26.570+0000: 4.109: Total time for which application threads were stopped: 0.0099933 seconds, Stopping threads took: 0.0095801 seconds
2017-10-26T05:00:26.692+0000: 4.231: Total time for which application threads were stopped: 0.0001485 seconds, Stopping threads took: 0.0000368 seconds
2017-10-26T05:00:26.938+0000: 4.477: Total time for which application threads were stopped: 0.0002092 seconds, Stopping threads took: 0.0000372 seconds
{Heap before GC invocations=1 (full 0):
 par new generation   total 109248K, used 99967K [0x00000000e0000000, 0x00000000e8000000, 0x00000000e8000000)
  eden space 87424K, 100% used [0x00000000e0000000, 0x00000000e5560000, 0x00000000e5560000)
  from space 21824K,  57% used [0x00000000e6ab0000, 0x00000000e76efc10, 0x00000000e8000000)
  to   space 21824K,   0% used [0x00000000e5560000, 0x00000000e5560000, 0x00000000e6ab0000)
 concurrent mark-sweep generation total 393216K, used 0K [0x00000000e8000000, 0x0000000100000000, 0x0000000100000000)
 Metaspace       used 24092K, capacity 24644K, committed 24872K, reserved 1071104K
  class space    used 2887K, capacity 3090K, committed 3096K, reserved 1048576K
2017-10-26T05:00:26.964+0000: 4.503: [GC (Allocation Failure) 2017-10-26T05:00:26.964+0000: 4.503: [ParNew
Desired survivor size 20112992 bytes, new threshold 8 (max 8)
- age   1:    5700560 bytes,    5700560 total
- age   2:    6241448 bytes,   11942008 total
: 99967K->14107K(109248K), 0.0519149 secs] 99967K->14107K(502464K), 0.0520077 secs] [Times: user=0.05 sys=0.00, real=0.05 secs] 
Heap after GC invocations=2 (full 0):
 par new generation   total 109248K, used 14107K [0x00000000e0000000, 0x00000000e8000000, 0x00000000e8000000)
  eden space 87424K,   0% used [0x00000000e0000000, 0x00000000e0000000, 0x00000000e5560000)
  from space 21824K,  64% used [0x00000000e5560000, 0x00000000e6326c50, 0x00000000e6ab0000)
  to   space 21824K,   0% used [0x00000000e6ab0000, 0x00000000e6ab0000, 0x00000000e8000000)
 concurrent mark-sweep generation total 393216K, used 0K [0x00000000e8000000, 0x0000000100000000, 0x0000000100000000)
 Metaspace       used 24092K, capacity 24644K, committed 24872K, reserved 1071104K
  class space    used 2887K, capacity 3090K, committed 3096K, reserved 1048576K
}
2017-10-26T05:00:27.016+0000: 4.555: Total time for which application threads were stopped: 0.0522515 seconds, Stopping threads took: 0.0000336 seconds
2017-10-26T05:00:27.025+0000: 4.564: [GC (CMS Initial Mark) [1 CMS-initial-mark: 0K(393216K)] 15091K(502464K), 0.0103087 secs] [Times: user=0.01 sys=0.00, real=0.01 secs] 
2017-10-26T05:00:27.036+0000: 4.575: Total time for which application threads were stopped: 0.0104678 seconds, Stopping threads took: 0.0000284 seconds
2017-10-26T05:00:27.038+0000: 4.577: [CMS-concurrent-mark-start]
2017-10-26T05:00:27.041+0000: 4.579: [CMS-concurrent-mark: 0.003/0.003 secs] [Times: user=0.00 sys=0.00, real=0.00 secs] 
2017-10-26T05:00:27.041+0000: 4.579: [CMS-concurrent-preclean-start]
2017-10-26T05:00:27.042+0000: 4.581: [CMS-concurrent-preclean: 0.001/0.001 secs] [Times: user=0.00 sys=0.00, real=0.00 secs] 
2017-10-26T05:00:27.042+0000: 4.581: [GC (CMS Final Remark) [YG occupancy: 15091 K (109248 K)]{Heap before GC invocations=2 (full 1):
 par new generation   total 109248K, used 15091K [0x00000000e0000000, 0x00000000e8000000, 0x00000000e8000000)
  eden space 87424K,   1% used [0x00000000e0000000, 0x00000000e00f6028, 0x00000000e5560000)
  from space 21824K,  64% used [0x00000000e5560000, 0x00000000e6326c50, 0x00000000e6ab0000)
  to   space 21824K,   0% used [0x00000000e6ab0000, 0x00000000e6ab0000, 0x00000000e8000000)
 concurrent mark-sweep generation total 393216K, used 0K [0x00000000e8000000, 0x0000000100000000, 0x0000000100000000)
 Metaspace       used 24118K, capacity 24644K, committed 24872K, reserved 1071104K
  class space    used 2891K, capacity 3090K, committed 3096K, reserved 1048576K
2017-10-26T05:00:27.042+0000: 4.581: [GC (CMS Final Remark) 2017-10-26T05:00:27.042+0000: 4.581: [ParNew
Desired survivor size 20112992 bytes, new threshold 8 (max 8)
- age   1:     227952 bytes,     227952 total
- age   2:    2274384 bytes,    2502336 total
- age   3:    6240032 bytes,    8742368 total
: 15091K->13452K(109248K), 0.0468218 secs] 15091K->13452K(502464K), 0.0468893 secs] [Times: user=0.05 sys=0.00, real=0.05 secs] 
Heap after GC invocations=3 (full 1):
 par new generation   total 109248K, used 13452K [0x00000000e0000000, 0x00000000e8000000, 0x00000000e8000000)
  eden space 87424K,   0% used [0x00000000e0000000, 0x00000000e0000000, 0x00000000e5560000)
  from space 21824K,  61% used [0x00000000e6ab0000, 0x00000000e77d3188, 0x00000000e8000000)
  to   space 21824K,   0% used [0x00000000e5560000, 0x00000000e5560000, 0x00000000e6ab0000)
 concurrent mark-sweep generation total 393216K, used 0K [0x00000000e8000000, 0x0000000100000000, 0x0000000100000000)
 Metaspace       used 24118K, capacity 24644K, committed 24872K, reserved 1071104K
  class space    used 2891K, capacity 3090K, committed 3096K, reserved 1048576K
}
2017-10-26T05:00:27.089+0000: 4.628: [Rescan (parallel) , 0.0172620 secs]2017-10-26T05:00:27.106+0000: 4.645: [weak refs processing, 0.0089921 secs]2017-10-26T05:00:27.115+0000: 4.654: [class unloading, 0.0051607 secs]2017-10-26T05:00:27.120+0000: 4.659: [scrub symbol table, 0.0070939 secs]2017-10-26T05:00:27.127+0000: 4.666: [scrub string table, 0.0040147 secs][1 CMS-remark: 0K(393216K)] 13452K(502464K), 0.0905336 secs] [Times: user=0.10 sys=0.00, real=0.09 secs] 
2017-10-26T05:00:27.132+0000: 4.671: Total time for which application threads were stopped: 0.0906454 seconds, Stopping threads took: 0.0000126 seconds
2017-10-26T05:00:27.137+0000: 4.676: [CMS-concurrent-sweep-start]
2017-10-26T05:00:27.137+0000: 4.676: [CMS-concurrent-sweep: 0.000/0.000 secs] [Times: user=0.00 sys=0.00, real=0.00 secs] 
2017-10-26T05:00:27.137+0000: 4.676: [CMS-concurrent-reset-start]
2017-10-26T05:00:27.141+0000: 4.680: [CMS-concurrent-reset: 0.003/0.003 secs] [Times: user=0.00 sys=0.01, real=0.01 secs] 
2017-10-26T05:00:27.261+0000: 4.800: Total time for which application threads were stopped: 0.0001517 seconds, Stopping threads took: 0.0000343 seconds
{Heap before GC invocations=3 (full 1):
 par new generation   total 109248K, used 100876K [0x00000000e0000000, 0x00000000e8000000, 0x00000000e8000000)
  eden space 87424K, 100% used [0x00000000e0000000, 0x00000000e5560000, 0x00000000e5560000)
  from space 21824K,  61% used [0x00000000e6ab0000, 0x00000000e77d3188, 0x00000000e8000000)
  to   space 21824K,   0% used [0x00000000e5560000, 0x00000000e5560000, 0x00000000e6ab0000)
 concurrent mark-sweep generation total 393216K, used 0K [0x00000000e8000000, 0x0000000100000000, 0x0000000100000000)
 Metaspace       used 25008K, capacity 25576K, committed 25752K, reserved 1071104K
  class space    used 3013K, capacity 3224K, committed 3224K, reserved 1048576K
2017-10-26T05:00:27.597+0000: 5.136: [GC (Allocation Failure) 2017-10-26T05:00:27.597+0000: 5.136: [ParNew
Desired survivor size 20112992 bytes, new threshold 8 (max 8)
- age   1:    1097136 bytes,    1097136 total
- age   2:      60744 bytes,    1157880 total
- age   3:    2122488 bytes,    3280368 total
- age   4:    6234816 bytes,    9515184 total
: 100876K->10855K(109248K), 0.0337497 secs] 100876K->10855K(502464K), 0.0338579 secs] [Times: user=0.03 sys=0.00, real=0.04 secs] 
Heap after GC invocations=4 (full 1):
 par new generation   total 109248K, used 10855K [0x00000000e0000000, 0x00000000e8000000, 0x00000000e8000000)
  eden space 87424K,   0% used [0x00000000e0000000, 0x00000000e0000000, 0x00000000e5560000)
  from space 21824K,  49% used [0x00000000e5560000, 0x00000000e5ff9f98, 0x00000000e6ab0000)
  to   space 21824K,   0% used [0x00000000e6ab0000, 0x00000000e6ab0000, 0x00000000e8000000)
 concurrent mark-sweep generation total 393216K, used 0K [0x00000000e8000000, 0x0000000100000000, 0x0000000100000000)
 Metaspace       used 25008K, capacity 25576K, committed 25752K, reserved 1071104K
  class space    used 3013K, capacity 3224K, committed 3224K, reserved 1048576K
}
2017-10-26T05:00:27.631+0000: 5.170: Total time for which application threads were stopped: 0.0340815 seconds, Stopping threads took: 0.0000332 seconds
2017-10-26T05:00:27.637+0000: 5.176: Total time for which application threads were stopped: 0.0005952 seconds, Stopping threads took: 0.0004750 seconds
2017-10-26T05:00:27.831+0000: 5.370: Total time for which application threads were stopped: 0.0001450 seconds, Stopping threads took: 0.0000356 seconds
2017-10-26T05:00:27.855+0000: 5.394: Total time for which application threads were stopped: 0.0001405 seconds, Stopping threads took: 0.0000355 seconds
2017-10-26T05:00:27.864+0000: 5.403: Total time for which application threads were stopped: 0.0001687 seconds, Stopping threads took: 0.0000421 seconds
2017-10-26T05:00:27.865+0000: 5.404: Total time for which application threads were stopped: 0.0000488 seconds, Stopping threads took: 0.0000136 seconds
2017-10-26T05:00:27.866+0000: 5.405: Total time for which application threads were stopped: 0.0000557 seconds, Stopping threads took: 0.0000138 seconds
2017-10-26T05:00:27.909+0000: 5.447: Total time for which application threads were stopped: 0.0006492 seconds, Stopping threads took: 0.0000316 seconds
2017-10-26T05:00:28.418+0000: 5.957: Total time for which application threads were stopped: 0.0007896 seconds, Stopping threads took: 0.0000326 seconds
2017-10-26T05:00:28.455+0000: 5.994: Total time for which application threads were stopped: 0.0002597 seconds, Stopping threads took: 0.0001256 seconds
2017-10-26T05:00:28.768+0000: 6.307: Total time for which application threads were stopped: 0.0001482 seconds, Stopping threads took: 0.0000353 seconds
{Heap before GC invocations=4 (full 1):
 par new generation   total 109248K, used 98279K [0x00000000e0000000, 0x00000000e8000000, 0x00000000e8000000)
  eden space 87424K, 100% used [0x00000000e0000000, 0x00000000e5560000, 0x00000000e5560000)
  from space 21824K,  49% used [0x00000000e5560000, 0x00000000e5ff9f98, 0x00000000e6ab0000)
  to   space 21824K,   0% used [0x00000000e6ab0000, 0x00000000e6ab0000, 0x00000000e8000000)
 concurrent mark-sweep generation total 393216K, used 0K [0x00000000e8000000, 0x0000000100000000, 0x0000000100000000)
 Metaspace       used 29086K, capacity 29716K, committed 29976K, reserved 1075200K
  class space    used 3543K, capacity 3740K, committed 3864K, reserved 1048576K
2017-10-26T05:00:28.928+0000: 6.467: [GC (Allocation Failure) 2017-10-26T05:00:28.928+0000: 6.467: [ParNew
Desired survivor size 20112992 bytes, new threshold 8 (max 8)
- age   1:    5582728 bytes,    5582728 total
- age   2:     297104 bytes,    5879832 total
- age   3:      60648 bytes,    5940480 total
- age   4:    1579216 bytes,    7519696 total
- age   5:    6232136 bytes,   13751832 total
: 98279K->16350K(109248K), 0.0512883 secs] 98279K->16350K(502464K), 0.0514312 secs] [Times: user=0.04 sys=0.00, real=0.05 secs] 
Heap after GC invocations=5 (full 1):
 par new generation   total 109248K, used 16350K [0x00000000e0000000, 0x00000000e8000000, 0x00000000e8000000)
  eden space 87424K,   0% used [0x00000000e0000000, 0x00000000e0000000, 0x00000000e5560000)
  from space 21824K,  74% used [0x00000000e6ab0000, 0x00000000e7aa7b00, 0x00000000e8000000)
  to   space 21824K,   0% used [0x00000000e5560000, 0x00000000e5560000, 0x00000000e6ab0000)
 concurrent mark-sweep generation total 393216K, used 0K [0x00000000e8000000, 0x0000000100000000, 0x0000000100000000)
 Metaspace       used 29086K, capacity 29716K, committed 29976K, reserved 1075200K
  class space    used 3543K, capacity 3740K, committed 3864K, reserved 1048576K
}
2017-10-26T05:00:28.979+0000: 6.518: Total time for which application threads were stopped: 0.0516773 seconds, Stopping threads took: 0.0000315 seconds
2017-10-26T05:00:29.145+0000: 6.684: Total time for which application threads were stopped: 0.0001596 seconds, Stopping threads took: 0.0000330 seconds
2017-10-26T05:00:29.458+0000: 6.997: Total time for which application threads were stopped: 0.0005540 seconds, Stopping threads took: 0.0000275 seconds
2017-10-26T05:00:29.618+0000: 7.157: Total time for which application threads were stopped: 0.0001429 seconds, Stopping threads took: 0.0000382 seconds
2017-10-26T05:00:29.619+0000: 7.158: Total time for which application threads were stopped: 0.0000413 seconds, Stopping threads took: 0.0000074 seconds
2017-10-26T05:00:29.619+0000: 7.158: Total time for which application threads were stopped: 0.0000372 seconds, Stopping threads took: 0.0000067 seconds
2017-10-26T05:00:29.619+0000: 7.158: Total time for which application threads were stopped: 0.0000362 seconds, Stopping threads took: 0.0000056 seconds
2017-10-26T05:00:29.619+0000: 7.158: Total time for which application threads were stopped: 0.0000323 seconds, Stopping threads took: 0.0000049 seconds
2017-10-26T05:00:29.620+0000: 7.159: Total time for which application threads were stopped: 0.0000453 seconds, Stopping threads took: 0.0000138 seconds
2017-10-26T05:00:29.625+0000: 7.163: Total time for which application threads were stopped: 0.0000525 seconds, Stopping threads took: 0.0000154 seconds
2017-10-26T05:00:29.625+0000: 7.164: Total time for which application threads were stopped: 0.0000428 seconds, Stopping threads took: 0.0000117 seconds
2017-10-26T05:00:29.628+0000: 7.167: Total time for which application threads were stopped: 0.0000550 seconds, Stopping threads took: 0.0000171 seconds
2017-10-26T05:00:29.629+0000: 7.168: Total time for which application threads were stopped: 0.0000692 seconds, Stopping threads took: 0.0000204 seconds
2017-10-26T05:00:29.633+0000: 7.172: Total time for which application threads were stopped: 0.0000520 seconds, Stopping threads took: 0.0000153 seconds
2017-10-26T05:00:30.634+0000: 8.172: Total time for which application threads were stopped: 0.0001889 seconds, Stopping threads took: 0.0000391 seconds
2017-10-26T05:01:16.408+0000: 53.947: Total time for which application threads were stopped: 0.0001364 seconds, Stopping threads took: 0.0000339 seconds
2017-10-26T05:01:16.418+0000: 53.957: Total time for which application threads were stopped: 0.0000806 seconds, Stopping threads took: 0.0000243 seconds
2017-10-26T05:01:16.428+0000: 53.967: Total time for which application threads were stopped: 0.0000640 seconds, Stopping threads took: 0.0000215 seconds
2017-10-26T05:01:16.437+0000: 53.975: Total time for which application threads were stopped: 0.0020880 seconds, Stopping threads took: 0.0020297 seconds
2017-10-26T05:01:16.445+0000: 53.983: Total time for which application threads were stopped: 0.0000666 seconds, Stopping threads took: 0.0000223 seconds
2017-10-26T05:01:16.445+0000: 53.984: Total time for which application threads were stopped: 0.0000362 seconds, Stopping threads took: 0.0000111 seconds
2017-10-26T05:01:16.445+0000: 53.984: Total time for which application threads were stopped: 0.0000330 seconds, Stopping threads took: 0.0000101 seconds
2017-10-26T05:01:16.460+0000: 53.998: Total time for which application threads were stopped: 0.0000879 seconds, Stopping threads took: 0.0000288 seconds
2017-10-26T05:01:16.460+0000: 53.999: Total time for which application threads were stopped: 0.0000344 seconds, Stopping threads took: 0.0000113 seconds
2017-10-26T05:01:16.460+0000: 53.999: Total time for which application threads were stopped: 0.0000324 seconds, Stopping threads took: 0.0000101 seconds
2017-10-26T05:01:16.460+0000: 53.999: Total time for which application threads were stopped: 0.0000316 seconds, Stopping threads took: 0.0000099 seconds
2017-10-26T05:01:16.477+0000: 54.016: Total time for which application threads were stopped: 0.0007688 seconds, Stopping threads took: 0.0000381 seconds
2017-10-26T05:01:16.491+0000: 54.030: Total time for which application threads were stopped: 0.0001048 seconds, Stopping threads took: 0.0000337 seconds
2017-10-26T05:01:16.491+0000: 54.030: Total time for which application threads were stopped: 0.0000402 seconds, Stopping threads took: 0.0000131 seconds
2017-10-26T05:01:16.491+0000: 54.030: Total time for which application threads were stopped: 0.0000337 seconds, Stopping threads took: 0.0000105 seconds
2017-10-26T05:01:16.520+0000: 54.059: Total time for which application threads were stopped: 0.0000996 seconds, Stopping threads took: 0.0000327 seconds
2017-10-26T05:01:16.520+0000: 54.059: Total time for which application threads were stopped: 0.0000344 seconds, Stopping threads took: 0.0000105 seconds
2017-10-26T05:01:16.520+0000: 54.059: Total time for which application threads were stopped: 0.0000327 seconds, Stopping threads took: 0.0000101 seconds
2017-10-26T05:01:16.524+0000: 54.063: Total time for which application threads were stopped: 0.0000542 seconds, Stopping threads took: 0.0000182 seconds
2017-10-26T05:01:16.524+0000: 54.063: Total time for which application threads were stopped: 0.0000373 seconds, Stopping threads took: 0.0000107 seconds
2017-10-26T05:01:16.525+0000: 54.064: Total time for which application threads were stopped: 0.0001706 seconds, Stopping threads took: 0.0000102 seconds
2017-10-26T05:01:16.584+0000: 54.123: Total time for which application threads were stopped: 0.0006674 seconds, Stopping threads took: 0.0000317 seconds
2017-10-26T05:01:16.586+0000: 54.125: Total time for which application threads were stopped: 0.0000642 seconds, Stopping threads took: 0.0000146 seconds
2017-10-26T05:01:16.586+0000: 54.125: Total time for which application threads were stopped: 0.0000447 seconds, Stopping threads took: 0.0000101 seconds
2017-10-26T05:01:16.586+0000: 54.125: Total time for which application threads were stopped: 0.0000440 seconds, Stopping threads took: 0.0000099 seconds
2017-10-26T05:01:16.586+0000: 54.125: Total time for which application threads were stopped: 0.0000443 seconds, Stopping threads took: 0.0000101 seconds
2017-10-26T05:01:16.586+0000: 54.125: Total time for which application threads were stopped: 0.0000442 seconds, Stopping threads took: 0.0000100 seconds
2017-10-26T05:01:16.595+0000: 54.134: Total time for which application threads were stopped: 0.0000889 seconds, Stopping threads took: 0.0000386 seconds
2017-10-26T05:01:16.595+0000: 54.134: Total time for which application threads were stopped: 0.0000360 seconds, Stopping threads took: 0.0000050 seconds
2017-10-26T05:01:16.595+0000: 54.134: Total time for which application threads were stopped: 0.0000374 seconds, Stopping threads took: 0.0000055 seconds
2017-10-26T05:01:16.595+0000: 54.134: Total time for which application threads were stopped: 0.0000349 seconds, Stopping threads took: 0.0000045 seconds
2017-10-26T05:01:16.595+0000: 54.134: Total time for which application threads were stopped: 0.0000363 seconds, Stopping threads took: 0.0000053 seconds
2017-10-26T05:01:16.666+0000: 54.205: Total time for which application threads were stopped: 0.0001350 seconds, Stopping threads took: 0.0000299 seconds
2017-10-26T05:01:16.666+0000: 54.205: Total time for which application threads were stopped: 0.0000342 seconds, Stopping threads took: 0.0000069 seconds
2017-10-26T05:01:16.672+0000: 54.211: Total time for which application threads were stopped: 0.0001206 seconds, Stopping threads took: 0.0000225 seconds
2017-10-26T05:01:16.672+0000: 54.211: Total time for which application threads were stopped: 0.0000444 seconds, Stopping threads took: 0.0000117 seconds
2017-10-26T05:01:16.672+0000: 54.211: Total time for which application threads were stopped: 0.0000402 seconds, Stopping threads took: 0.0000103 seconds
2017-10-26T05:01:16.672+0000: 54.211: Total time for which application threads were stopped: 0.0000402 seconds, Stopping threads took: 0.0000109 seconds
2017-10-26T05:01:16.673+0000: 54.212: Total time for which application threads were stopped: 0.0000441 seconds, Stopping threads took: 0.0000147 seconds
2017-10-26T05:01:16.673+0000: 54.212: Total time for which application threads were stopped: 0.0000383 seconds, Stopping threads took: 0.0000115 seconds
2017-10-26T05:01:16.673+0000: 54.212: Total time for which application threads were stopped: 0.0000378 seconds, Stopping threads took: 0.0000112 seconds
2017-10-26T05:01:16.673+0000: 54.212: Total time for which application threads were stopped: 0.0000378 seconds, Stopping threads took: 0.0000112 seconds
2017-10-26T05:01:16.673+0000: 54.212: Total time for which application threads were stopped: 0.0000374 seconds, Stopping threads took: 0.0000108 seconds
2017-10-26T05:01:16.679+0000: 54.218: Total time for which application threads were stopped: 0.0000767 seconds, Stopping threads took: 0.0000230 seconds
2017-10-26T05:01:16.681+0000: 54.220: Total time for which application threads were stopped: 0.0000504 seconds, Stopping threads took: 0.0000152 seconds
2017-10-26T05:01:16.681+0000: 54.220: Total time for which application threads were stopped: 0.0000406 seconds, Stopping threads took: 0.0000119 seconds
2017-10-26T05:01:16.682+0000: 54.221: Total time for which application threads were stopped: 0.0000451 seconds, Stopping threads took: 0.0000144 seconds
2017-10-26T05:01:16.682+0000: 54.221: Total time for which application threads were stopped: 0.0000462 seconds, Stopping threads took: 0.0000131 seconds
2017-10-26T05:01:16.683+0000: 54.222: Total time for which application threads were stopped: 0.0000454 seconds, Stopping threads took: 0.0000147 seconds
2017-10-26T05:01:16.683+0000: 54.222: Total time for which application threads were stopped: 0.0000398 seconds, Stopping threads took: 0.0000117 seconds
2017-10-26T05:01:16.683+0000: 54.222: Total time for which application threads were stopped: 0.0000411 seconds, Stopping threads took: 0.0000131 seconds
2017-10-26T05:01:16.684+0000: 54.223: Total time for which application threads were stopped: 0.0000441 seconds, Stopping threads took: 0.0000136 seconds
2017-10-26T05:01:16.684+0000: 54.223: Total time for which application threads were stopped: 0.0000405 seconds, Stopping threads took: 0.0000120 seconds
2017-10-26T05:01:16.685+0000: 54.224: Total time for which application threads were stopped: 0.0000462 seconds, Stopping threads took: 0.0000126 seconds
2017-10-26T05:01:16.692+0000: 54.231: Total time for which application threads were stopped: 0.0000993 seconds, Stopping threads took: 0.0000178 seconds
2017-10-26T05:01:16.693+0000: 54.231: Total time for which application threads were stopped: 0.0000549 seconds, Stopping threads took: 0.0000050 seconds
2017-10-26T05:01:16.693+0000: 54.232: Total time for which application threads were stopped: 0.0001288 seconds, Stopping threads took: 0.0000047 seconds
2017-10-26T05:01:16.693+0000: 54.232: Total time for which application threads were stopped: 0.0000435 seconds, Stopping threads took: 0.0000048 seconds
2017-10-26T05:01:16.701+0000: 54.240: Total time for which application threads were stopped: 0.0000829 seconds, Stopping threads took: 0.0000200 seconds
2017-10-26T05:01:16.714+0000: 54.253: Total time for which application threads were stopped: 0.0030843 seconds, Stopping threads took: 0.0029965 seconds
2017-10-26T05:01:16.714+0000: 54.253: Total time for which application threads were stopped: 0.0000329 seconds, Stopping threads took: 0.0000064 seconds
2017-10-26T05:01:16.715+0000: 54.253: Total time for which application threads were stopped: 0.0000386 seconds, Stopping threads took: 0.0000055 seconds
2017-10-26T05:01:16.715+0000: 54.254: Total time for which application threads were stopped: 0.0000301 seconds, Stopping threads took: 0.0000050 seconds
2017-10-26T05:01:16.715+0000: 54.254: Total time for which application threads were stopped: 0.0000290 seconds, Stopping threads took: 0.0000043 seconds
2017-10-26T05:01:16.715+0000: 54.254: Total time for which application threads were stopped: 0.0000410 seconds, Stopping threads took: 0.0000070 seconds
2017-10-26T05:01:16.717+0000: 54.256: Total time for which application threads were stopped: 0.0000372 seconds, Stopping threads took: 0.0000079 seconds
2017-10-26T05:01:16.717+0000: 54.256: Total time for which application threads were stopped: 0.0000337 seconds, Stopping threads took: 0.0000070 seconds
2017-10-26T05:01:16.720+0000: 54.259: Total time for which application threads were stopped: 0.0000564 seconds, Stopping threads took: 0.0000160 seconds
2017-10-26T05:01:16.722+0000: 54.261: Total time for which application threads were stopped: 0.0000453 seconds, Stopping threads took: 0.0000145 seconds
2017-10-26T05:01:16.722+0000: 54.261: Total time for which application threads were stopped: 0.0000344 seconds, Stopping threads took: 0.0000108 seconds
2017-10-26T05:01:16.722+0000: 54.261: Total time for which application threads were stopped: 0.0000330 seconds, Stopping threads took: 0.0000103 seconds
2017-10-26T05:01:16.723+0000: 54.262: Total time for which application threads were stopped: 0.0000395 seconds, Stopping threads took: 0.0000139 seconds
2017-10-26T05:01:16.745+0000: 54.284: Total time for which application threads were stopped: 0.0001247 seconds, Stopping threads took: 0.0000407 seconds
2017-10-26T05:02:16.715+0000: 114.254: Total time for which application threads were stopped: 0.0001842 seconds, Stopping threads took: 0.0000667 seconds
2017-10-26T05:03:52.057+0000: 209.596: Total time for which application threads were stopped: 0.0001321 seconds, Stopping threads took: 0.0000485 seconds
2017-10-26T05:03:52.057+0000: 209.596: Total time for which application threads were stopped: 0.0000331 seconds, Stopping threads took: 0.0000070 seconds
2017-10-26T05:03:52.098+0000: 209.637: Total time for which application threads were stopped: 0.0001232 seconds, Stopping threads took: 0.0000387 seconds
2017-10-26T05:03:52.113+0000: 209.651: Total time for which application threads were stopped: 0.0007293 seconds, Stopping threads took: 0.0000293 seconds
2017-10-26T05:03:52.144+0000: 209.683: Total time for which application threads were stopped: 0.0001314 seconds, Stopping threads took: 0.0000406 seconds
2017-10-26T05:03:52.145+0000: 209.684: Total time for which application threads were stopped: 0.0000441 seconds, Stopping threads took: 0.0000149 seconds
2017-10-26T05:03:52.146+0000: 209.685: Total time for which application threads were stopped: 0.0000417 seconds, Stopping threads took: 0.0000139 seconds
2017-10-26T05:03:52.156+0000: 209.695: Total time for which application threads were stopped: 0.0001030 seconds, Stopping threads took: 0.0000300 seconds
2017-10-26T05:03:52.157+0000: 209.695: Total time for which application threads were stopped: 0.0000359 seconds, Stopping threads took: 0.0000114 seconds
2017-10-26T05:03:52.168+0000: 209.707: Total time for which application threads were stopped: 0.0000648 seconds, Stopping threads took: 0.0000216 seconds
2017-10-26T05:03:52.168+0000: 209.707: Total time for which application threads were stopped: 0.0000401 seconds, Stopping threads took: 0.0000114 seconds
2017-10-26T05:03:52.170+0000: 209.709: Total time for which application threads were stopped: 0.0000505 seconds, Stopping threads took: 0.0000173 seconds
2017-10-26T05:03:52.206+0000: 209.745: Total time for which application threads were stopped: 0.0001054 seconds, Stopping threads took: 0.0000294 seconds
2017-10-26T05:03:52.210+0000: 209.749: Total time for which application threads were stopped: 0.0020653 seconds, Stopping threads took: 0.0020280 seconds
2017-10-26T05:03:52.213+0000: 209.752: Total time for which application threads were stopped: 0.0000570 seconds, Stopping threads took: 0.0000106 seconds
2017-10-26T05:03:52.213+0000: 209.752: Total time for which application threads were stopped: 0.0000321 seconds, Stopping threads took: 0.0000050 seconds
2017-10-26T05:03:52.214+0000: 209.753: Total time for which application threads were stopped: 0.0000326 seconds, Stopping threads took: 0.0000072 seconds
2017-10-26T05:03:52.216+0000: 209.755: Total time for which application threads were stopped: 0.0000439 seconds, Stopping threads took: 0.0000080 seconds
2017-10-26T05:03:52.227+0000: 209.766: Total time for which application threads were stopped: 0.0000745 seconds, Stopping threads took: 0.0000188 seconds
2017-10-26T05:03:52.228+0000: 209.767: Total time for which application threads were stopped: 0.0000413 seconds, Stopping threads took: 0.0000138 seconds
2017-10-26T05:03:52.229+0000: 209.768: Total time for which application threads were stopped: 0.0000398 seconds, Stopping threads took: 0.0000130 seconds
2017-10-26T05:03:52.230+0000: 209.769: Total time for which application threads were stopped: 0.0000398 seconds, Stopping threads took: 0.0000132 seconds
2017-10-26T05:03:52.231+0000: 209.770: Total time for which application threads were stopped: 0.0000404 seconds, Stopping threads took: 0.0000133 seconds
2017-10-26T05:03:52.241+0000: 209.780: Total time for which application threads were stopped: 0.0000517 seconds, Stopping threads took: 0.0000197 seconds
2017-10-26T05:03:52.242+0000: 209.781: Total time for which application threads were stopped: 0.0000712 seconds, Stopping threads took: 0.0000144 seconds
2017-10-26T05:03:52.243+0000: 209.782: Total time for which application threads were stopped: 0.0000412 seconds, Stopping threads took: 0.0000139 seconds
2017-10-26T05:03:52.248+0000: 209.787: Total time for which application threads were stopped: 0.0000469 seconds, Stopping threads took: 0.0000181 seconds
2017-10-26T05:03:52.251+0000: 209.790: Total time for which application threads were stopped: 0.0000504 seconds, Stopping threads took: 0.0000211 seconds
2017-10-26T05:03:52.252+0000: 209.791: Total time for which application threads were stopped: 0.0000458 seconds, Stopping threads took: 0.0000139 seconds
2017-10-26T05:03:52.253+0000: 209.792: Total time for which application threads were stopped: 0.0000404 seconds, Stopping threads took: 0.0000135 seconds
2017-10-26T05:03:52.253+0000: 209.792: Total time for which application threads were stopped: 0.0000398 seconds, Stopping threads took: 0.0000130 seconds
2017-10-26T05:03:52.261+0000: 209.800: Total time for which application threads were stopped: 0.0000579 seconds, Stopping threads took: 0.0000233 seconds
2017-10-26T05:03:52.262+0000: 209.801: Total time for which application threads were stopped: 0.0000441 seconds, Stopping threads took: 0.0000142 seconds
2017-10-26T05:03:52.263+0000: 209.802: Total time for which application threads were stopped: 0.0002935 seconds, Stopping threads took: 0.0000136 seconds
2017-10-26T05:03:52.307+0000: 209.845: Total time for which application threads were stopped: 0.0002060 seconds, Stopping threads took: 0.0000368 seconds
2017-10-26T05:03:53.181+0000: 210.720: Total time for which application threads were stopped: 0.0002662 seconds, Stopping threads took: 0.0000328 seconds
{Heap before GC invocations=5 (full 1):
 par new generation   total 109248K, used 103774K [0x00000000e0000000, 0x00000000e8000000, 0x00000000e8000000)
  eden space 87424K, 100% used [0x00000000e0000000, 0x00000000e5560000, 0x00000000e5560000)
  from space 21824K,  74% used [0x00000000e6ab0000, 0x00000000e7aa7b00, 0x00000000e8000000)
  to   space 21824K,   0% used [0x00000000e5560000, 0x00000000e5560000, 0x00000000e6ab0000)
 concurrent mark-sweep generation total 393216K, used 0K [0x00000000e8000000, 0x0000000100000000, 0x0000000100000000)
 Metaspace       used 34514K, capacity 35440K, committed 35736K, reserved 1081344K
  class space    used 4165K, capacity 4420K, committed 4504K, reserved 1048576K
2017-10-26T05:03:53.429+0000: 210.968: [GC (Allocation Failure) 2017-10-26T05:03:53.429+0000: 210.968: [ParNew
Desired survivor size 20112992 bytes, new threshold 6 (max 8)
- age   1:   11052072 bytes,   11052072 total
- age   2:    1514952 bytes,   12567024 total
- age   3:     275936 bytes,   12842960 total
- age   4:      60648 bytes,   12903608 total
- age   5:    1530872 bytes,   14434480 total
- age   6:    5814608 bytes,   20249088 total
: 103774K->21824K(109248K), 0.0954714 secs] 103774K->24403K(502464K), 0.0955722 secs] [Times: user=0.09 sys=0.00, real=0.09 secs] 
Heap after GC invocations=6 (full 1):
 par new generation   total 109248K, used 21824K [0x00000000e0000000, 0x00000000e8000000, 0x00000000e8000000)
  eden space 87424K,   0% used [0x00000000e0000000, 0x00000000e0000000, 0x00000000e5560000)
  from space 21824K, 100% used [0x00000000e5560000, 0x00000000e6ab0000, 0x00000000e6ab0000)
  to   space 21824K,   0% used [0x00000000e6ab0000, 0x00000000e6ab0000, 0x00000000e8000000)
 concurrent mark-sweep generation total 393216K, used 2579K [0x00000000e8000000, 0x0000000100000000, 0x0000000100000000)
 Metaspace       used 34514K, capacity 35440K, committed 35736K, reserved 1081344K
  class space    used 4165K, capacity 4420K, committed 4504K, reserved 1048576K
}
2017-10-26T05:03:53.524+0000: 211.063: Total time for which application threads were stopped: 0.0958509 seconds, Stopping threads took: 0.0000383 seconds
2017-10-26T05:03:53.531+0000: 211.070: Total time for which application threads were stopped: 0.0028498 seconds, Stopping threads took: 0.0027703 seconds
2017-10-26T05:03:53.531+0000: 211.070: Total time for which application threads were stopped: 0.0000354 seconds, Stopping threads took: 0.0000061 seconds
2017-10-26T05:03:53.531+0000: 211.070: Total time for which application threads were stopped: 0.0000326 seconds, Stopping threads took: 0.0000050 seconds
2017-10-26T05:03:53.531+0000: 211.070: Total time for which application threads were stopped: 0.0000318 seconds, Stopping threads took: 0.0000046 seconds
2017-10-26T05:03:53.531+0000: 211.070: Total time for which application threads were stopped: 0.0000315 seconds, Stopping threads took: 0.0000045 seconds
2017-10-26T05:03:53.531+0000: 211.070: Total time for which application threads were stopped: 0.0000317 seconds, Stopping threads took: 0.0000045 seconds
2017-10-26T05:03:53.531+0000: 211.070: Total time for which application threads were stopped: 0.0000311 seconds, Stopping threads took: 0.0000046 seconds
2017-10-26T05:03:53.531+0000: 211.070: Total time for which application threads were stopped: 0.0000314 seconds, Stopping threads took: 0.0000045 seconds
2017-10-26T05:03:53.532+0000: 211.070: Total time for which application threads were stopped: 0.0000314 seconds, Stopping threads took: 0.0000045 seconds
2017-10-26T05:03:53.532+0000: 211.070: Total time for which application threads were stopped: 0.0000313 seconds, Stopping threads took: 0.0000046 seconds
2017-10-26T05:03:53.532+0000: 211.071: Total time for which application threads were stopped: 0.0000311 seconds, Stopping threads took: 0.0000045 seconds
2017-10-26T05:03:53.532+0000: 211.071: Total time for which application threads were stopped: 0.0000309 seconds, Stopping threads took: 0.0000045 seconds
2017-10-26T05:03:53.532+0000: 211.071: Total time for which application threads were stopped: 0.0000318 seconds, Stopping threads took: 0.0000046 seconds
2017-10-26T05:03:53.532+0000: 211.071: Total time for which application threads were stopped: 0.0000315 seconds, Stopping threads took: 0.0000045 seconds
2017-10-26T05:03:53.532+0000: 211.071: Total time for which application threads were stopped: 0.0000312 seconds, Stopping threads took: 0.0000047 seconds
2017-10-26T05:03:53.532+0000: 211.071: Total time for which application threads were stopped: 0.0000310 seconds, Stopping threads took: 0.0000045 seconds
2017-10-26T05:03:53.532+0000: 211.071: Total time for which application threads were stopped: 0.0000308 seconds, Stopping threads took: 0.0000045 seconds
2017-10-26T05:03:53.532+0000: 211.071: Total time for which application threads were stopped: 0.0000315 seconds, Stopping threads took: 0.0000045 seconds
2017-10-26T05:03:53.532+0000: 211.071: Total time for which application threads were stopped: 0.0000308 seconds, Stopping threads took: 0.0000046 seconds
2017-10-26T05:03:53.532+0000: 211.071: Total time for which application threads were stopped: 0.0002200 seconds, Stopping threads took: 0.0000046 seconds
2017-10-26T05:03:53.535+0000: 211.074: Total time for which application threads were stopped: 0.0009687 seconds, Stopping threads took: 0.0009368 seconds
2017-10-26T05:03:53.536+0000: 211.075: Total time for which application threads were stopped: 0.0000365 seconds, Stopping threads took: 0.0000058 seconds
2017-10-26T05:03:53.536+0000: 211.075: Total time for which application threads were stopped: 0.0000321 seconds, Stopping threads took: 0.0000045 seconds
2017-10-26T05:03:53.536+0000: 211.075: Total time for which application threads were stopped: 0.0000282 seconds, Stopping threads took: 0.0000045 seconds
2017-10-26T05:03:54.539+0000: 212.078: Total time for which application threads were stopped: 0.0029630 seconds, Stopping threads took: 0.0027832 seconds
2017-10-26T05:03:55.545+0000: 213.084: Total time for which application threads were stopped: 0.0061930 seconds, Stopping threads took: 0.0060256 seconds
{Heap before GC invocations=6 (full 1):
 par new generation   total 109248K, used 109248K [0x00000000e0000000, 0x00000000e8000000, 0x00000000e8000000)
  eden space 87424K, 100% used [0x00000000e0000000, 0x00000000e5560000, 0x00000000e5560000)
  from space 21824K, 100% used [0x00000000e5560000, 0x00000000e6ab0000, 0x00000000e6ab0000)
  to   space 21824K,   0% used [0x00000000e6ab0000, 0x00000000e6ab0000, 0x00000000e8000000)
 concurrent mark-sweep generation total 393216K, used 2579K [0x00000000e8000000, 0x0000000100000000, 0x0000000100000000)
 Metaspace       used 34599K, capacity 35504K, committed 35736K, reserved 1081344K
  class space    used 4166K, capacity 4420K, committed 4504K, reserved 1048576K
2017-10-26T05:03:55.631+0000: 213.170: [GC (Allocation Failure) 2017-10-26T05:03:55.631+0000: 213.170: [ParNew
Desired survivor size 20112992 bytes, new threshold 8 (max 8)
- age   1:    8159568 bytes,    8159568 total
- age   2:    7398328 bytes,   15557896 total
- age   3:    1511088 bytes,   17068984 total
- age   4:     275936 bytes,   17344920 total
- age   5:      60648 bytes,   17405568 total
- age   6:    1530664 bytes,   18936232 total
: 109248K->21824K(109248K), 0.1267005 secs] 111827K->33900K(502464K), 0.1268384 secs] [Times: user=0.10 sys=0.01, real=0.13 secs] 
Heap after GC invocations=7 (full 1):
 par new generation   total 109248K, used 21824K [0x00000000e0000000, 0x00000000e8000000, 0x00000000e8000000)
  eden space 87424K,   0% used [0x00000000e0000000, 0x00000000e0000000, 0x00000000e5560000)
  from space 21824K, 100% used [0x00000000e6ab0000, 0x00000000e8000000, 0x00000000e8000000)
  to   space 21824K,   0% used [0x00000000e5560000, 0x00000000e5560000, 0x00000000e6ab0000)
 concurrent mark-sweep generation total 393216K, used 12076K [0x00000000e8000000, 0x0000000100000000, 0x0000000100000000)
 Metaspace       used 34599K, capacity 35504K, committed 35736K, reserved 1081344K
  class space    used 4166K, capacity 4420K, committed 4504K, reserved 1048576K
}
2017-10-26T05:03:55.758+0000: 213.297: Total time for which application threads were stopped: 0.1270733 seconds, Stopping threads took: 0.0000407 seconds
2017-10-26T05:03:56.770+0000: 214.309: Total time for which application threads were stopped: 0.0053374 seconds, Stopping threads took: 0.0052053 seconds
{Heap before GC invocations=7 (full 1):
 par new generation   total 109248K, used 109248K [0x00000000e0000000, 0x00000000e8000000, 0x00000000e8000000)
  eden space 87424K, 100% used [0x00000000e0000000, 0x00000000e5560000, 0x00000000e5560000)
  from space 21824K, 100% used [0x00000000e6ab0000, 0x00000000e8000000, 0x00000000e8000000)
  to   space 21824K,   0% used [0x00000000e5560000, 0x00000000e5560000, 0x00000000e6ab0000)
 concurrent mark-sweep generation total 393216K, used 12076K [0x00000000e8000000, 0x0000000100000000, 0x0000000100000000)
 Metaspace       used 34625K, capacity 35568K, committed 35736K, reserved 1081344K
  class space    used 4166K, capacity 4420K, committed 4504K, reserved 1048576K
2017-10-26T05:03:57.550+0000: 215.089: [GC (Allocation Failure) 2017-10-26T05:03:57.550+0000: 215.089: [ParNew
Desired survivor size 20112992 bytes, new threshold 7 (max 8)
- age   1:    6033216 bytes,    6033216 total
- age   2:    4382440 bytes,   10415656 total
- age   3:    6658664 bytes,   17074320 total
- age   4:    1511088 bytes,   18585408 total
- age   5:     275936 bytes,   18861344 total
- age   6:      60648 bytes,   18921992 total
- age   7:    1530664 bytes,   20452656 total
: 109248K->21824K(109248K), 0.0646447 secs] 121324K->43207K(502464K), 0.0647735 secs] [Times: user=0.05 sys=0.00, real=0.06 secs] 
Heap after GC invocations=8 (full 1):
 par new generation   total 109248K, used 21824K [0x00000000e0000000, 0x00000000e8000000, 0x00000000e8000000)
  eden space 87424K,   0% used [0x00000000e0000000, 0x00000000e0000000, 0x00000000e5560000)
  from space 21824K, 100% used [0x00000000e5560000, 0x00000000e6ab0000, 0x00000000e6ab0000)
  to   space 21824K,   0% used [0x00000000e6ab0000, 0x00000000e6ab0000, 0x00000000e8000000)
 concurrent mark-sweep generation total 393216K, used 21383K [0x00000000e8000000, 0x0000000100000000, 0x0000000100000000)
 Metaspace       used 34625K, capacity 35568K, committed 35736K, reserved 1081344K
  class space    used 4166K, capacity 4420K, committed 4504K, reserved 1048576K
}
2017-10-26T05:03:57.615+0000: 215.154: Total time for which application threads were stopped: 0.0651030 seconds, Stopping threads took: 0.0000336 seconds
2017-10-26T05:03:58.628+0000: 216.167: Total time for which application threads were stopped: 0.0072929 seconds, Stopping threads took: 0.0070658 seconds
{Heap before GC invocations=8 (full 1):
 par new generation   total 109248K, used 109248K [0x00000000e0000000, 0x00000000e8000000, 0x00000000e8000000)
  eden space 87424K, 100% used [0x00000000e0000000, 0x00000000e5560000, 0x00000000e5560000)
  from space 21824K, 100% used [0x00000000e5560000, 0x00000000e6ab0000, 0x00000000e6ab0000)
  to   space 21824K,   0% used [0x00000000e6ab0000, 0x00000000e6ab0000, 0x00000000e8000000)
 concurrent mark-sweep generation total 393216K, used 21383K [0x00000000e8000000, 0x0000000100000000, 0x0000000100000000)
 Metaspace       used 34626K, capacity 35568K, committed 35736K, reserved 1081344K
  class space    used 4166K, capacity 4420K, committed 4504K, reserved 1048576K
2017-10-26T05:03:58.909+0000: 216.448: [GC (Allocation Failure) 2017-10-26T05:03:58.909+0000: 216.448: [ParNew
Desired survivor size 20112992 bytes, new threshold 4 (max 8)
- age   1:   10552136 bytes,   10552136 total
- age   2:    4514072 bytes,   15066208 total
- age   3:    3333904 bytes,   18400112 total
- age   4:    4646368 bytes,   23046480 total
- age   5:    1249984 bytes,   24296464 total
- age   6:     242208 bytes,   24538672 total
- age   7:       2840 bytes,   24541512 total
: 109248K->21824K(109248K), 0.1008031 secs] 130631K->55221K(502464K), 0.1010217 secs] [Times: user=0.10 sys=0.00, real=0.10 secs] 
Heap after GC invocations=9 (full 1):
 par new generation   total 109248K, used 21824K [0x00000000e0000000, 0x00000000e8000000, 0x00000000e8000000)
  eden space 87424K,   0% used [0x00000000e0000000, 0x00000000e0000000, 0x00000000e5560000)
  from space 21824K, 100% used [0x00000000e6ab0000, 0x00000000e8000000, 0x00000000e8000000)
  to   space 21824K,   0% used [0x00000000e5560000, 0x00000000e5560000, 0x00000000e6ab0000)
 concurrent mark-sweep generation total 393216K, used 33397K [0x00000000e8000000, 0x0000000100000000, 0x0000000100000000)
 Metaspace       used 34626K, capacity 35568K, committed 35736K, reserved 1081344K
  class space    used 4166K, capacity 4420K, committed 4504K, reserved 1048576K
}
2017-10-26T05:03:59.010+0000: 216.549: Total time for which application threads were stopped: 0.1015207 seconds, Stopping threads took: 0.0000406 seconds
2017-10-26T05:04:00.016+0000: 217.555: Total time for which application threads were stopped: 0.0021338 seconds, Stopping threads took: 0.0020255 seconds
{Heap before GC invocations=9 (full 1):
 par new generation   total 109248K, used 109248K [0x00000000e0000000, 0x00000000e8000000, 0x00000000e8000000)
  eden space 87424K, 100% used [0x00000000e0000000, 0x00000000e5560000, 0x00000000e5560000)
  from space 21824K, 100% used [0x00000000e6ab0000, 0x00000000e8000000, 0x00000000e8000000)
  to   space 21824K,   0% used [0x00000000e5560000, 0x00000000e5560000, 0x00000000e6ab0000)
 concurrent mark-sweep generation total 393216K, used 33397K [0x00000000e8000000, 0x0000000100000000, 0x0000000100000000)
 Metaspace       used 34642K, capacity 35568K, committed 35736K, reserved 1081344K
  class space    used 4166K, capacity 4420K, committed 4504K, reserved 1048576K
2017-10-26T05:04:00.611+0000: 218.150: [GC (Allocation Failure) 2017-10-26T05:04:00.611+0000: 218.150: [ParNew
Desired survivor size 20112992 bytes, new threshold 4 (max 8)
- age   1:    5932368 bytes,    5932368 total
- age   2:    6898224 bytes,   12830592 total
- age   3:    4458576 bytes,   17289168 total
- age   4:    3272336 bytes,   20561504 total
: 109248K->21824K(109248K), 0.0676639 secs] 142645K->68721K(502464K), 0.0677683 secs] [Times: user=0.05 sys=0.01, real=0.07 secs] 
Heap after GC invocations=10 (full 1):
 par new generation   total 109248K, used 21824K [0x00000000e0000000, 0x00000000e8000000, 0x00000000e8000000)
  eden space 87424K,   0% used [0x00000000e0000000, 0x00000000e0000000, 0x00000000e5560000)
  from space 21824K, 100% used [0x00000000e5560000, 0x00000000e6ab0000, 0x00000000e6ab0000)
  to   space 21824K,   0% used [0x00000000e6ab0000, 0x00000000e6ab0000, 0x00000000e8000000)
 concurrent mark-sweep generation total 393216K, used 46897K [0x00000000e8000000, 0x0000000100000000, 0x0000000100000000)
 Metaspace       used 34642K, capacity 35568K, committed 35736K, reserved 1081344K
  class space    used 4166K, capacity 4420K, committed 4504K, reserved 1048576K
}
2017-10-26T05:04:00.679+0000: 218.218: Total time for which application threads were stopped: 0.0680243 seconds, Stopping threads took: 0.0000385 seconds
{Heap before GC invocations=10 (full 1):
 par new generation   total 109248K, used 109248K [0x00000000e0000000, 0x00000000e8000000, 0x00000000e8000000)
  eden space 87424K, 100% used [0x00000000e0000000, 0x00000000e5560000, 0x00000000e5560000)
  from space 21824K, 100% used [0x00000000e5560000, 0x00000000e6ab0000, 0x00000000e6ab0000)
  to   space 21824K,   0% used [0x00000000e6ab0000, 0x00000000e6ab0000, 0x00000000e8000000)
 concurrent mark-sweep generation total 393216K, used 46897K [0x00000000e8000000, 0x0000000100000000, 0x0000000100000000)
 Metaspace       used 34643K, capacity 35568K, committed 35736K, reserved 1081344K
  class space    used 4166K, capacity 4420K, committed 4504K, reserved 1048576K
2017-10-26T05:04:01.578+0000: 219.117: [GC (Allocation Failure) 2017-10-26T05:04:01.578+0000: 219.117: [ParNew
Desired survivor size 20112992 bytes, new threshold 8 (max 8)
- age   1:    7337816 bytes,    7337816 total
- age   2:    2894680 bytes,   10232496 total
- age   3:    5813864 bytes,   16046360 total
- age   4:    3780456 bytes,   19826816 total
: 109248K->21824K(109248K), 0.0766690 secs] 156145K->83487K(502464K), 0.0767754 secs] [Times: user=0.07 sys=0.01, real=0.07 secs] 
Heap after GC invocations=11 (full 1):
 par new generation   total 109248K, used 21824K [0x00000000e0000000, 0x00000000e8000000, 0x00000000e8000000)
  eden space 87424K,   0% used [0x00000000e0000000, 0x00000000e0000000, 0x00000000e5560000)
  from space 21824K, 100% used [0x00000000e6ab0000, 0x00000000e8000000, 0x00000000e8000000)
  to   space 21824K,   0% used [0x00000000e5560000, 0x00000000e5560000, 0x00000000e6ab0000)
 concurrent mark-sweep generation total 393216K, used 61663K [0x00000000e8000000, 0x0000000100000000, 0x0000000100000000)
 Metaspace       used 34643K, capacity 35568K, committed 35736K, reserved 1081344K
  class space    used 4166K, capacity 4420K, committed 4504K, reserved 1048576K
}
2017-10-26T05:04:01.655+0000: 219.194: Total time for which application threads were stopped: 0.0770445 seconds, Stopping threads took: 0.0000387 seconds
{Heap before GC invocations=11 (full 1):
 par new generation   total 109248K, used 109248K [0x00000000e0000000, 0x00000000e8000000, 0x00000000e8000000)
  eden space 87424K, 100% used [0x00000000e0000000, 0x00000000e5560000, 0x00000000e5560000)
  from space 21824K, 100% used [0x00000000e6ab0000, 0x00000000e8000000, 0x00000000e8000000)
  to   space 21824K,   0% used [0x00000000e5560000, 0x00000000e5560000, 0x00000000e6ab0000)
 concurrent mark-sweep generation total 393216K, used 61663K [0x00000000e8000000, 0x0000000100000000, 0x0000000100000000)
 Metaspace       used 34649K, capacity 35568K, committed 35736K, reserved 1081344K
  class space    used 4166K, capacity 4420K, committed 4504K, reserved 1048576K
2017-10-26T05:04:02.455+0000: 219.994: [GC (Allocation Failure) 2017-10-26T05:04:02.455+0000: 219.994: [ParNew
Desired survivor size 20112992 bytes, new threshold 5 (max 8)
- age   1:    9738512 bytes,    9738512 total
- age   2:    2837344 bytes,   12575856 total
- age   3:    1571416 bytes,   14147272 total
- age   4:    4390472 bytes,   18537744 total
- age   5:    3678072 bytes,   22215816 total
: 109248K->21824K(109248K), 0.0681537 secs] 170911K->92973K(502464K), 0.0682670 secs] [Times: user=0.06 sys=0.01, real=0.07 secs] 
Heap after GC invocations=12 (full 1):
 par new generation   total 109248K, used 21824K [0x00000000e0000000, 0x00000000e8000000, 0x00000000e8000000)
  eden space 87424K,   0% used [0x00000000e0000000, 0x00000000e0000000, 0x00000000e5560000)
  from space 21824K, 100% used [0x00000000e5560000, 0x00000000e6ab0000, 0x00000000e6ab0000)
  to   space 21824K,   0% used [0x00000000e6ab0000, 0x00000000e6ab0000, 0x00000000e8000000)
 concurrent mark-sweep generation total 393216K, used 71149K [0x00000000e8000000, 0x0000000100000000, 0x0000000100000000)
 Metaspace       used 34649K, capacity 35568K, committed 35736K, reserved 1081344K
  class space    used 4166K, capacity 4420K, committed 4504K, reserved 1048576K
}
2017-10-26T05:04:02.523+0000: 220.062: Total time for which application threads were stopped: 0.0685001 seconds, Stopping threads took: 0.0000421 seconds
{Heap before GC invocations=12 (full 1):
 par new generation   total 109248K, used 109248K [0x00000000e0000000, 0x00000000e8000000, 0x00000000e8000000)
  eden space 87424K, 100% used [0x00000000e0000000, 0x00000000e5560000, 0x00000000e5560000)
  from space 21824K, 100% used [0x00000000e5560000, 0x00000000e6ab0000, 0x00000000e6ab0000)
  to   space 21824K,   0% used [0x00000000e6ab0000, 0x00000000e6ab0000, 0x00000000e8000000)
 concurrent mark-sweep generation total 393216K, used 71149K [0x00000000e8000000, 0x0000000100000000, 0x0000000100000000)
 Metaspace       used 34650K, capacity 35568K, committed 35736K, reserved 1081344K
  class space    used 4166K, capacity 4420K, committed 4504K, reserved 1048576K
2017-10-26T05:04:03.265+0000: 220.804: [GC (Allocation Failure) 2017-10-26T05:04:03.265+0000: 220.804: [ParNew
Desired survivor size 20112992 bytes, new threshold 5 (max 8)
- age   1:   11377392 bytes,   11377392 total
- age   2:    4419072 bytes,   15796464 total
- age   3:    1417224 bytes,   17213688 total
- age   4:     925464 bytes,   18139152 total
- age   5:    2662504 bytes,   20801656 total
: 109248K->21824K(109248K), 0.0708266 secs] 180397K->106542K(502464K), 0.0709279 secs] [Times: user=0.07 sys=0.01, real=0.07 secs] 
Heap after GC invocations=13 (full 1):
 par new generation   total 109248K, used 21824K [0x00000000e0000000, 0x00000000e8000000, 0x00000000e8000000)
  eden space 87424K,   0% used [0x00000000e0000000, 0x00000000e0000000, 0x00000000e5560000)
  from space 21824K, 100% used [0x00000000e6ab0000, 0x00000000e8000000, 0x00000000e8000000)
  to   space 21824K,   0% used [0x00000000e5560000, 0x00000000e5560000, 0x00000000e6ab0000)
 concurrent mark-sweep generation total 393216K, used 84718K [0x00000000e8000000, 0x0000000100000000, 0x0000000100000000)
 Metaspace       used 34650K, capacity 35568K, committed 35736K, reserved 1081344K
  class space    used 4166K, capacity 4420K, committed 4504K, reserved 1048576K
}
2017-10-26T05:04:03.336+0000: 220.875: Total time for which application threads were stopped: 0.0712056 seconds, Stopping threads took: 0.0000365 seconds
{Heap before GC invocations=13 (full 1):
 par new generation   total 109248K, used 109248K [0x00000000e0000000, 0x00000000e8000000, 0x00000000e8000000)
  eden space 87424K, 100% used [0x00000000e0000000, 0x00000000e5560000, 0x00000000e5560000)
  from space 21824K, 100% used [0x00000000e6ab0000, 0x00000000e8000000, 0x00000000e8000000)
  to   space 21824K,   0% used [0x00000000e5560000, 0x00000000e5560000, 0x00000000e6ab0000)
 concurrent mark-sweep generation total 393216K, used 84718K [0x00000000e8000000, 0x0000000100000000, 0x0000000100000000)
 Metaspace       used 34653K, capacity 35568K, committed 35736K, reserved 1081344K
  class space    used 4166K, capacity 4420K, committed 4504K, reserved 1048576K
2017-10-26T05:04:04.117+0000: 221.656: [GC (Allocation Failure) 2017-10-26T05:04:04.117+0000: 221.656: [ParNew
Desired survivor size 20112992 bytes, new threshold 4 (max 8)
- age   1:    9342608 bytes,    9342608 total
- age   2:    5631896 bytes,   14974504 total
- age   3:    4418592 bytes,   19393096 total
- age   4:    1331400 bytes,   20724496 total
- age   5:     925048 bytes,   21649544 total
: 109248K->21824K(109248K), 0.0624856 secs] 193966K->117050K(502464K), 0.0626008 secs] [Times: user=0.04 sys=0.02, real=0.07 secs] 
Heap after GC invocations=14 (full 1):
 par new generation   total 109248K, used 21824K [0x00000000e0000000, 0x00000000e8000000, 0x00000000e8000000)
  eden space 87424K,   0% used [0x00000000e0000000, 0x00000000e0000000, 0x00000000e5560000)
  from space 21824K, 100% used [0x00000000e5560000, 0x00000000e6ab0000, 0x00000000e6ab0000)
  to   space 21824K,   0% used [0x00000000e6ab0000, 0x00000000e6ab0000, 0x00000000e8000000)
 concurrent mark-sweep generation total 393216K, used 95226K [0x00000000e8000000, 0x0000000100000000, 0x0000000100000000)
 Metaspace       used 34653K, capacity 35568K, committed 35736K, reserved 1081344K
  class space    used 4166K, capacity 4420K, committed 4504K, reserved 1048576K
}
2017-10-26T05:04:04.180+0000: 221.719: Total time for which application threads were stopped: 0.0628593 seconds, Stopping threads took: 0.0000415 seconds
{Heap before GC invocations=14 (full 1):
 par new generation   total 109248K, used 109248K [0x00000000e0000000, 0x00000000e8000000, 0x00000000e8000000)
  eden space 87424K, 100% used [0x00000000e0000000, 0x00000000e5560000, 0x00000000e5560000)
  from space 21824K, 100% used [0x00000000e5560000, 0x00000000e6ab0000, 0x00000000e6ab0000)
  to   space 21824K,   0% used [0x00000000e6ab0000, 0x00000000e6ab0000, 0x00000000e8000000)
 concurrent mark-sweep generation total 393216K, used 95226K [0x00000000e8000000, 0x0000000100000000, 0x0000000100000000)
 Metaspace       used 34653K, capacity 35568K, committed 35736K, reserved 1081344K
  class space    used 4166K, capacity 4420K, committed 4504K, reserved 1048576K
2017-10-26T05:04:04.927+0000: 222.466: [GC (Allocation Failure) 2017-10-26T05:04:04.927+0000: 222.466: [ParNew
Desired survivor size 20112992 bytes, new threshold 4 (max 8)
- age   1:   10053656 bytes,   10053656 total
- age   2:    4480008 bytes,   14533664 total
- age   3:    3657176 bytes,   18190840 total
- age   4:    3846048 bytes,   22036888 total
: 109248K->21824K(109248K), 0.0847064 secs] 204474K->131295K(502464K), 0.0848166 secs] [Times: user=0.08 sys=0.01, real=0.09 secs] 
Heap after GC invocations=15 (full 1):
 par new generation   total 109248K, used 21824K [0x00000000e0000000, 0x00000000e8000000, 0x00000000e8000000)
  eden space 87424K,   0% used [0x00000000e0000000, 0x00000000e0000000, 0x00000000e5560000)
  from space 21824K, 100% used [0x00000000e6ab0000, 0x00000000e8000000, 0x00000000e8000000)
  to   space 21824K,   0% used [0x00000000e5560000, 0x00000000e5560000, 0x00000000e6ab0000)
 concurrent mark-sweep generation total 393216K, used 109471K [0x00000000e8000000, 0x0000000100000000, 0x0000000100000000)
 Metaspace       used 34653K, capacity 35568K, committed 35736K, reserved 1081344K
  class space    used 4166K, capacity 4420K, committed 4504K, reserved 1048576K
}
2017-10-26T05:04:05.012+0000: 222.551: Total time for which application threads were stopped: 0.0850379 seconds, Stopping threads took: 0.0000393 seconds
{Heap before GC invocations=15 (full 1):
 par new generation   total 109248K, used 109248K [0x00000000e0000000, 0x00000000e8000000, 0x00000000e8000000)
  eden space 87424K, 100% used [0x00000000e0000000, 0x00000000e5560000, 0x00000000e5560000)
  from space 21824K, 100% used [0x00000000e6ab0000, 0x00000000e8000000, 0x00000000e8000000)
  to   space 21824K,   0% used [0x00000000e5560000, 0x00000000e5560000, 0x00000000e6ab0000)
 concurrent mark-sweep generation total 393216K, used 109471K [0x00000000e8000000, 0x0000000100000000, 0x0000000100000000)
 Metaspace       used 34653K, capacity 35568K, committed 35736K, reserved 1081344K
  class space    used 4166K, capacity 4420K, committed 4504K, reserved 1048576K
2017-10-26T05:04:05.763+0000: 223.302: [GC (Allocation Failure) 2017-10-26T05:04:05.763+0000: 223.302: [ParNew
Desired survivor size 20112992 bytes, new threshold 4 (max 8)
- age   1:    7985504 bytes,    7985504 total
- age   2:    7459168 bytes,   15444672 total
- age   3:    3648768 bytes,   19093440 total
- age   4:    3232784 bytes,   22326224 total
: 109248K->21824K(109248K), 0.0744971 secs] 218719K->146413K(502464K), 0.0746215 secs] [Times: user=0.06 sys=0.01, real=0.07 secs] 
Heap after GC invocations=16 (full 1):
 par new generation   total 109248K, used 21824K [0x00000000e0000000, 0x00000000e8000000, 0x00000000e8000000)
  eden space 87424K,   0% used [0x00000000e0000000, 0x00000000e0000000, 0x00000000e5560000)
  from space 21824K, 100% used [0x00000000e5560000, 0x00000000e6ab0000, 0x00000000e6ab0000)
  to   space 21824K,   0% used [0x00000000e6ab0000, 0x00000000e6ab0000, 0x00000000e8000000)
 concurrent mark-sweep generation total 393216K, used 124589K [0x00000000e8000000, 0x0000000100000000, 0x0000000100000000)
 Metaspace       used 34653K, capacity 35568K, committed 35736K, reserved 1081344K
  class space    used 4166K, capacity 4420K, committed 4504K, reserved 1048576K
}
2017-10-26T05:04:05.837+0000: 223.376: Total time for which application threads were stopped: 0.0748988 seconds, Stopping threads took: 0.0000418 seconds
{Heap before GC invocations=16 (full 1):
 par new generation   total 109248K, used 109248K [0x00000000e0000000, 0x00000000e8000000, 0x00000000e8000000)
  eden space 87424K, 100% used [0x00000000e0000000, 0x00000000e5560000, 0x00000000e5560000)
  from space 21824K, 100% used [0x00000000e5560000, 0x00000000e6ab0000, 0x00000000e6ab0000)
  to   space 21824K,   0% used [0x00000000e6ab0000, 0x00000000e6ab0000, 0x00000000e8000000)
 concurrent mark-sweep generation total 393216K, used 124589K [0x00000000e8000000, 0x0000000100000000, 0x0000000100000000)
 Metaspace       used 34654K, capacity 35568K, committed 35736K, reserved 1081344K
  class space    used 4166K, capacity 4420K, committed 4504K, reserved 1048576K
2017-10-26T05:04:06.621+0000: 224.159: [GC (Allocation Failure) 2017-10-26T05:04:06.621+0000: 224.160: [ParNew
Desired survivor size 20112992 bytes, new threshold 4 (max 8)
- age   1:    5958408 bytes,    5958408 total
- age   2:    4998672 bytes,   10957080 total
- age   3:    7443736 bytes,   18400816 total
- age   4:    3503448 bytes,   21904264 total
: 109248K->21824K(109248K), 0.0704829 secs] 233837K->158401K(502464K), 0.0705852 secs] [Times: user=0.06 sys=0.01, real=0.07 secs] 
Heap after GC invocations=17 (full 1):
 par new generation   total 109248K, used 21824K [0x00000000e0000000, 0x00000000e8000000, 0x00000000e8000000)
  eden space 87424K,   0% used [0x00000000e0000000, 0x00000000e0000000, 0x00000000e5560000)
  from space 21824K, 100% used [0x00000000e6ab0000, 0x00000000e8000000, 0x00000000e8000000)
  to   space 21824K,   0% used [0x00000000e5560000, 0x00000000e5560000, 0x00000000e6ab0000)
 concurrent mark-sweep generation total 393216K, used 136577K [0x00000000e8000000, 0x0000000100000000, 0x0000000100000000)
 Metaspace       used 34654K, capacity 35568K, committed 35736K, reserved 1081344K
  class space    used 4166K, capacity 4420K, committed 4504K, reserved 1048576K
}
2017-10-26T05:04:06.691+0000: 224.230: Total time for which application threads were stopped: 0.0708152 seconds, Stopping threads took: 0.0000397 seconds
2017-10-26T05:04:07.210+0000: 224.748: Total time for which application threads were stopped: 0.0022290 seconds, Stopping threads took: 0.0020329 seconds
2017-10-26T05:04:07.211+0000: 224.750: Total time for which application threads were stopped: 0.0009066 seconds, Stopping threads took: 0.0000092 seconds
2017-10-26T05:04:07.215+0000: 224.754: Total time for which application threads were stopped: 0.0000557 seconds, Stopping threads took: 0.0000226 seconds
2017-10-26T05:04:07.221+0000: 224.760: Total time for which application threads were stopped: 0.0000491 seconds, Stopping threads took: 0.0000119 seconds
2017-10-26T05:04:07.221+0000: 224.760: Total time for which application threads were stopped: 0.0001028 seconds, Stopping threads took: 0.0000075 seconds
2017-10-26T05:04:07.288+0000: 224.827: Total time for which application threads were stopped: 0.0068875 seconds, Stopping threads took: 0.0067271 seconds
{Heap before GC invocations=17 (full 1):
 par new generation   total 109248K, used 109248K [0x00000000e0000000, 0x00000000e8000000, 0x00000000e8000000)
  eden space 87424K, 100% used [0x00000000e0000000, 0x00000000e5560000, 0x00000000e5560000)
  from space 21824K, 100% used [0x00000000e6ab0000, 0x00000000e8000000, 0x00000000e8000000)
  to   space 21824K,   0% used [0x00000000e5560000, 0x00000000e5560000, 0x00000000e6ab0000)
 concurrent mark-sweep generation total 393216K, used 136577K [0x00000000e8000000, 0x0000000100000000, 0x0000000100000000)
 Metaspace       used 34743K, capacity 35632K, committed 35736K, reserved 1081344K
  class space    used 4173K, capacity 4420K, committed 4504K, reserved 1048576K
2017-10-26T05:04:07.967+0000: 225.506: [GC (Allocation Failure) 2017-10-26T05:04:07.967+0000: 225.506: [ParNew
Desired survivor size 20112992 bytes, new threshold 4 (max 8)
- age   1:   11352440 bytes,   11352440 total
- age   2:    3321088 bytes,   14673528 total
- age   3:    2137216 bytes,   16810744 total
- age   4:    4400864 bytes,   21211608 total
: 109248K->21824K(109248K), 0.0792897 secs] 245825K->175284K(502464K), 0.0794210 secs] [Times: user=0.06 sys=0.01, real=0.08 secs] 
Heap after GC invocations=18 (full 1):
 par new generation   total 109248K, used 21824K [0x00000000e0000000, 0x00000000e8000000, 0x00000000e8000000)
  eden space 87424K,   0% used [0x00000000e0000000, 0x00000000e0000000, 0x00000000e5560000)
  from space 21824K, 100% used [0x00000000e5560000, 0x00000000e6ab0000, 0x00000000e6ab0000)
  to   space 21824K,   0% used [0x00000000e6ab0000, 0x00000000e6ab0000, 0x00000000e8000000)
 concurrent mark-sweep generation total 393216K, used 153460K [0x00000000e8000000, 0x0000000100000000, 0x0000000100000000)
 Metaspace       used 34743K, capacity 35632K, committed 35736K, reserved 1081344K
  class space    used 4173K, capacity 4420K, committed 4504K, reserved 1048576K
}
2017-10-26T05:04:08.046+0000: 225.585: Total time for which application threads were stopped: 0.0822520 seconds, Stopping threads took: 0.0024982 seconds
2017-10-26T05:04:08.565+0000: 226.104: Total time for which application threads were stopped: 0.0034384 seconds, Stopping threads took: 0.0032914 seconds
2017-10-26T05:04:08.566+0000: 226.105: Total time for which application threads were stopped: 0.0000634 seconds, Stopping threads took: 0.0000084 seconds
2017-10-26T05:04:08.571+0000: 226.110: Total time for which application threads were stopped: 0.0001353 seconds, Stopping threads took: 0.0000266 seconds
2017-10-26T05:04:08.724+0000: 226.263: Total time for which application threads were stopped: 0.0029627 seconds, Stopping threads took: 0.0027977 seconds
2017-10-26T05:04:09.732+0000: 227.271: Total time for which application threads were stopped: 0.0074042 seconds, Stopping threads took: 0.0072272 seconds
{Heap before GC invocations=18 (full 1):
 par new generation   total 109248K, used 109248K [0x00000000e0000000, 0x00000000e8000000, 0x00000000e8000000)
  eden space 87424K, 100% used [0x00000000e0000000, 0x00000000e5560000, 0x00000000e5560000)
  from space 21824K, 100% used [0x00000000e5560000, 0x00000000e6ab0000, 0x00000000e6ab0000)
  to   space 21824K,   0% used [0x00000000e6ab0000, 0x00000000e6ab0000, 0x00000000e8000000)
 concurrent mark-sweep generation total 393216K, used 153460K [0x00000000e8000000, 0x0000000100000000, 0x0000000100000000)
 Metaspace       used 34977K, capacity 35824K, committed 35992K, reserved 1081344K
  class space    used 4192K, capacity 4420K, committed 4504K, reserved 1048576K
2017-10-26T05:04:10.333+0000: 227.872: [GC (Allocation Failure) 2017-10-26T05:04:10.333+0000: 227.872: [ParNew
Desired survivor size 20112992 bytes, new threshold 3 (max 8)
- age   1:   11281064 bytes,   11281064 total
- age   2:    6900176 bytes,   18181240 total
- age   3:    1953168 bytes,   20134408 total
- age   4:    1736040 bytes,   21870448 total
: 109248K->21824K(109248K), 0.0636846 secs] 262708K->186592K(502464K), 0.0638086 secs] [Times: user=0.05 sys=0.01, real=0.06 secs] 
Heap after GC invocations=19 (full 1):
 par new generation   total 109248K, used 21824K [0x00000000e0000000, 0x00000000e8000000, 0x00000000e8000000)
  eden space 87424K,   0% used [0x00000000e0000000, 0x00000000e0000000, 0x00000000e5560000)
  from space 21824K, 100% used [0x00000000e6ab0000, 0x00000000e8000000, 0x00000000e8000000)
  to   space 21824K,   0% used [0x00000000e5560000, 0x00000000e5560000, 0x00000000e6ab0000)
 concurrent mark-sweep generation total 393216K, used 164768K [0x00000000e8000000, 0x0000000100000000, 0x0000000100000000)
 Metaspace       used 34977K, capacity 35824K, committed 35992K, reserved 1081344K
  class space    used 4192K, capacity 4420K, committed 4504K, reserved 1048576K
}
2017-10-26T05:04:10.397+0000: 227.936: Total time for which application threads were stopped: 0.0662255 seconds, Stopping threads took: 0.0022019 seconds
2017-10-26T05:04:10.598+0000: 228.136: Total time for which application threads were stopped: 0.0001526 seconds, Stopping threads took: 0.0000311 seconds
2017-10-26T05:04:10.599+0000: 228.138: Total time for which application threads were stopped: 0.0000412 seconds, Stopping threads took: 0.0000072 seconds
2017-10-26T05:04:10.599+0000: 228.138: Total time for which application threads were stopped: 0.0000449 seconds, Stopping threads took: 0.0000128 seconds
2017-10-26T05:04:11.605+0000: 229.144: Total time for which application threads were stopped: 0.0058644 seconds, Stopping threads took: 0.0057598 seconds
2017-10-26T05:04:11.758+0000: 229.297: Total time for which application threads were stopped: 0.0001360 seconds, Stopping threads took: 0.0000379 seconds
2017-10-26T05:04:12.766+0000: 230.305: Total time for which application threads were stopped: 0.0080329 seconds, Stopping threads took: 0.0078837 seconds
{Heap before GC invocations=19 (full 1):
 par new generation   total 109248K, used 109248K [0x00000000e0000000, 0x00000000e8000000, 0x00000000e8000000)
  eden space 87424K, 100% used [0x00000000e0000000, 0x00000000e5560000, 0x00000000e5560000)
  from space 21824K, 100% used [0x00000000e6ab0000, 0x00000000e8000000, 0x00000000e8000000)
  to   space 21824K,   0% used [0x00000000e5560000, 0x00000000e5560000, 0x00000000e6ab0000)
 concurrent mark-sweep generation total 393216K, used 164768K [0x00000000e8000000, 0x0000000100000000, 0x0000000100000000)
 Metaspace       used 35202K, capacity 36112K, committed 36248K, reserved 1081344K
  class space    used 4206K, capacity 4452K, committed 4504K, reserved 1048576K
2017-10-26T05:04:13.044+0000: 230.583: [GC (Allocation Failure) 2017-10-26T05:04:13.044+0000: 230.583: [ParNew
Desired survivor size 20112992 bytes, new threshold 8 (max 8)
- age   1:    1609904 bytes,    1609904 total
- age   2:   10879256 bytes,   12489160 total
- age   3:    2901360 bytes,   15390520 total
: 109248K->21824K(109248K), 0.0534007 secs] 274016K->194675K(502464K), 0.0535232 secs] [Times: user=0.04 sys=0.01, real=0.06 secs] 
Heap after GC invocations=20 (full 1):
 par new generation   total 109248K, used 21824K [0x00000000e0000000, 0x00000000e8000000, 0x00000000e8000000)
  eden space 87424K,   0% used [0x00000000e0000000, 0x00000000e0000000, 0x00000000e5560000)
  from space 21824K, 100% used [0x00000000e5560000, 0x00000000e6ab0000, 0x00000000e6ab0000)
  to   space 21824K,   0% used [0x00000000e6ab0000, 0x00000000e6ab0000, 0x00000000e8000000)
 concurrent mark-sweep generation total 393216K, used 172851K [0x00000000e8000000, 0x0000000100000000, 0x0000000100000000)
 Metaspace       used 35202K, capacity 36112K, committed 36248K, reserved 1081344K
  class space    used 4206K, capacity 4452K, committed 4504K, reserved 1048576K
}
2017-10-26T05:04:13.098+0000: 230.637: Total time for which application threads were stopped: 0.0537783 seconds, Stopping threads took: 0.0000378 seconds
2017-10-26T05:04:14.106+0000: 231.645: Total time for which application threads were stopped: 0.0021528 seconds, Stopping threads took: 0.0020541 seconds
{Heap before GC invocations=20 (full 1):
 par new generation   total 109248K, used 109248K [0x00000000e0000000, 0x00000000e8000000, 0x00000000e8000000)
  eden space 87424K, 100% used [0x00000000e0000000, 0x00000000e5560000, 0x00000000e5560000)
  from space 21824K, 100% used [0x00000000e5560000, 0x00000000e6ab0000, 0x00000000e6ab0000)
  to   space 21824K,   0% used [0x00000000e6ab0000, 0x00000000e6ab0000, 0x00000000e8000000)
 concurrent mark-sweep generation total 393216K, used 172851K [0x00000000e8000000, 0x0000000100000000, 0x0000000100000000)
 Metaspace       used 35204K, capacity 36112K, committed 36248K, reserved 1081344K
  class space    used 4206K, capacity 4452K, committed 4504K, reserved 1048576K
2017-10-26T05:04:14.488+0000: 232.027: [GC (Allocation Failure) 2017-10-26T05:04:14.488+0000: 232.027: [ParNew
Desired survivor size 20112992 bytes, new threshold 8 (max 8)
- age   1:      93456 bytes,      93456 total
- age   2:    1497760 bytes,    1591216 total
- age   3:   10829976 bytes,   12421192 total
- age   4:    2889432 bytes,   15310624 total
: 109248K->21824K(109248K), 0.0297702 secs] 282099K->194738K(502464K), 0.0298957 secs] [Times: user=0.03 sys=0.00, real=0.03 secs] 
Heap after GC invocations=21 (full 1):
 par new generation   total 109248K, used 21824K [0x00000000e0000000, 0x00000000e8000000, 0x00000000e8000000)
  eden space 87424K,   0% used [0x00000000e0000000, 0x00000000e0000000, 0x00000000e5560000)
  from space 21824K, 100% used [0x00000000e6ab0000, 0x00000000e8000000, 0x00000000e8000000)
  to   space 21824K,   0% used [0x00000000e5560000, 0x00000000e5560000, 0x00000000e6ab0000)
 concurrent mark-sweep generation total 393216K, used 172914K [0x00000000e8000000, 0x0000000100000000, 0x0000000100000000)
 Metaspace       used 35204K, capacity 36112K, committed 36248K, reserved 1081344K
  class space    used 4206K, capacity 4452K, committed 4504K, reserved 1048576K
}
2017-10-26T05:04:14.518+0000: 232.057: Total time for which application threads were stopped: 0.0301363 seconds, Stopping threads took: 0.0000399 seconds
2017-10-26T05:04:14.557+0000: 232.096: Total time for which application threads were stopped: 0.0001090 seconds, Stopping threads took: 0.0000339 seconds
2017-10-26T05:04:14.723+0000: 232.262: Total time for which application threads were stopped: 0.0004415 seconds, Stopping threads took: 0.0000319 seconds
2017-10-26T05:04:14.952+0000: 232.491: Total time for which application threads were stopped: 0.0001455 seconds, Stopping threads took: 0.0000271 seconds
2017-10-26T05:04:14.954+0000: 232.493: Total time for which application threads were stopped: 0.0000471 seconds, Stopping threads took: 0.0000155 seconds
2017-10-26T05:04:14.954+0000: 232.493: Total time for which application threads were stopped: 0.0000383 seconds, Stopping threads took: 0.0000125 seconds
2017-10-26T05:04:14.978+0000: 232.517: Total time for which application threads were stopped: 0.0000960 seconds, Stopping threads took: 0.0000329 seconds
2017-10-26T05:04:15.065+0000: 232.604: Total time for which application threads were stopped: 0.0001229 seconds, Stopping threads took: 0.0000341 seconds
2017-10-26T05:04:15.166+0000: 232.705: Total time for which application threads were stopped: 0.0001246 seconds, Stopping threads took: 0.0000339 seconds
2017-10-26T05:04:15.166+0000: 232.705: Total time for which application threads were stopped: 0.0000455 seconds, Stopping threads took: 0.0000127 seconds
2017-10-26T05:04:15.674+0000: 233.213: Total time for which application threads were stopped: 0.0001409 seconds, Stopping threads took: 0.0000336 seconds
2017-10-26T05:04:15.728+0000: 233.267: Total time for which application threads were stopped: 0.0001613 seconds, Stopping threads took: 0.0000408 seconds
2017-10-26T05:04:15.734+0000: 233.273: Total time for which application threads were stopped: 0.0000836 seconds, Stopping threads took: 0.0000226 seconds
2017-10-26T05:04:15.735+0000: 233.273: Total time for which application threads were stopped: 0.0000663 seconds, Stopping threads took: 0.0000181 seconds
2017-10-26T05:04:15.735+0000: 233.274: Total time for which application threads were stopped: 0.0000604 seconds, Stopping threads took: 0.0000163 seconds
2017-10-26T05:04:15.735+0000: 233.274: Total time for which application threads were stopped: 0.0000403 seconds, Stopping threads took: 0.0000108 seconds
2017-10-26T05:04:15.735+0000: 233.274: Total time for which application threads were stopped: 0.0000428 seconds, Stopping threads took: 0.0000124 seconds
2017-10-26T05:04:15.735+0000: 233.274: Total time for which application threads were stopped: 0.0000342 seconds, Stopping threads took: 0.0000107 seconds
2017-10-26T05:04:15.735+0000: 233.274: Total time for which application threads were stopped: 0.0000374 seconds, Stopping threads took: 0.0000125 seconds
2017-10-26T05:04:15.735+0000: 233.274: Total time for which application threads were stopped: 0.0000381 seconds, Stopping threads took: 0.0000125 seconds
2017-10-26T05:04:15.743+0000: 233.282: Total time for which application threads were stopped: 0.0000796 seconds, Stopping threads took: 0.0000237 seconds
2017-10-26T05:04:15.744+0000: 233.283: Total time for which application threads were stopped: 0.0000401 seconds, Stopping threads took: 0.0000077 seconds
2017-10-26T05:04:15.744+0000: 233.283: Total time for which application threads were stopped: 0.0000376 seconds, Stopping threads took: 0.0000068 seconds
2017-10-26T05:04:15.744+0000: 233.283: Total time for which application threads were stopped: 0.0000386 seconds, Stopping threads took: 0.0000071 seconds
2017-10-26T05:04:15.744+0000: 233.283: Total time for which application threads were stopped: 0.0000320 seconds, Stopping threads took: 0.0000046 seconds
2017-10-26T05:04:15.745+0000: 233.283: Total time for which application threads were stopped: 0.0000352 seconds, Stopping threads took: 0.0000063 seconds
2017-10-26T05:04:15.745+0000: 233.284: Total time for which application threads were stopped: 0.0000320 seconds, Stopping threads took: 0.0000050 seconds
2017-10-26T05:04:15.747+0000: 233.286: Total time for which application threads were stopped: 0.0000412 seconds, Stopping threads took: 0.0000083 seconds
2017-10-26T05:04:15.765+0000: 233.304: Total time for which application threads were stopped: 0.0001216 seconds, Stopping threads took: 0.0000328 seconds
2017-10-26T05:04:15.765+0000: 233.304: Total time for which application threads were stopped: 0.0000451 seconds, Stopping threads took: 0.0000130 seconds
2017-10-26T05:04:15.797+0000: 233.336: Total time for which application threads were stopped: 0.0001228 seconds, Stopping threads took: 0.0000354 seconds
2017-10-26T05:04:15.797+0000: 233.336: Total time for which application threads were stopped: 0.0000336 seconds, Stopping threads took: 0.0000054 seconds
2017-10-26T05:04:15.801+0000: 233.340: Total time for which application threads were stopped: 0.0000603 seconds, Stopping threads took: 0.0000193 seconds
2017-10-26T05:04:15.801+0000: 233.340: Total time for which application threads were stopped: 0.0000382 seconds, Stopping threads took: 0.0000107 seconds
2017-10-26T05:04:15.801+0000: 233.340: Total time for which application threads were stopped: 0.0000361 seconds, Stopping threads took: 0.0000099 seconds
2017-10-26T05:04:15.801+0000: 233.340: Total time for which application threads were stopped: 0.0000716 seconds, Stopping threads took: 0.0000097 seconds
2017-10-26T05:04:15.801+0000: 233.340: Total time for which application threads were stopped: 0.0000387 seconds, Stopping threads took: 0.0000112 seconds
2017-10-26T05:04:15.801+0000: 233.340: Total time for which application threads were stopped: 0.0000552 seconds, Stopping threads took: 0.0000097 seconds
2017-10-26T05:04:15.801+0000: 233.340: Total time for which application threads were stopped: 0.0000379 seconds, Stopping threads took: 0.0000109 seconds
2017-10-26T05:04:15.801+0000: 233.340: Total time for which application threads were stopped: 0.0000357 seconds, Stopping threads took: 0.0000100 seconds
2017-10-26T05:04:15.801+0000: 233.340: Total time for which application threads were stopped: 0.0000353 seconds, Stopping threads took: 0.0000095 seconds
2017-10-26T05:04:15.801+0000: 233.340: Total time for which application threads were stopped: 0.0000351 seconds, Stopping threads took: 0.0000096 seconds
2017-10-26T05:04:15.801+0000: 233.340: Total time for which application threads were stopped: 0.0000352 seconds, Stopping threads took: 0.0000097 seconds
2017-10-26T05:04:15.802+0000: 233.340: Total time for which application threads were stopped: 0.0001455 seconds, Stopping threads took: 0.0000096 seconds
2017-10-26T05:04:15.811+0000: 233.350: Total time for which application threads were stopped: 0.0001040 seconds, Stopping threads took: 0.0000363 seconds
2017-10-26T05:04:15.812+0000: 233.351: Total time for which application threads were stopped: 0.0000498 seconds, Stopping threads took: 0.0000136 seconds
2017-10-26T05:04:15.812+0000: 233.351: Total time for which application threads were stopped: 0.0000374 seconds, Stopping threads took: 0.0000098 seconds
2017-10-26T05:04:15.812+0000: 233.351: Total time for which application threads were stopped: 0.0000403 seconds, Stopping threads took: 0.0000117 seconds
2017-10-26T05:04:15.825+0000: 233.364: Total time for which application threads were stopped: 0.0000804 seconds, Stopping threads took: 0.0000254 seconds
2017-10-26T05:04:15.827+0000: 233.365: Total time for which application threads were stopped: 0.0000565 seconds, Stopping threads took: 0.0000210 seconds
2017-10-26T05:04:15.880+0000: 233.419: Total time for which application threads were stopped: 0.0001306 seconds, Stopping threads took: 0.0000231 seconds
2017-10-26T05:04:16.881+0000: 234.420: Total time for which application threads were stopped: 0.0001251 seconds, Stopping threads took: 0.0000360 seconds
2017-10-26T05:06:45.801+0000: 383.340: Total time for which application threads were stopped: 0.0001774 seconds, Stopping threads took: 0.0000838 seconds
2017-10-26T05:06:45.801+0000: 383.340: Total time for which application threads were stopped: 0.0001676 seconds, Stopping threads took: 0.0000076 seconds
2017-10-26T05:06:45.809+0000: 383.348: Total time for which application threads were stopped: 0.0000450 seconds, Stopping threads took: 0.0000090 seconds
2017-10-26T05:06:45.846+0000: 383.385: Total time for which application threads were stopped: 0.0001020 seconds, Stopping threads took: 0.0000241 seconds
2017-10-26T05:06:45.846+0000: 383.385: Total time for which application threads were stopped: 0.0000338 seconds, Stopping threads took: 0.0000069 seconds
2017-10-26T05:06:46.005+0000: 383.544: Total time for which application threads were stopped: 0.0000963 seconds, Stopping threads took: 0.0000201 seconds
2017-10-26T05:06:46.008+0000: 383.547: Total time for which application threads were stopped: 0.0000617 seconds, Stopping threads took: 0.0000207 seconds
2017-10-26T05:06:46.057+0000: 383.596: Total time for which application threads were stopped: 0.0001140 seconds, Stopping threads took: 0.0000290 seconds
2017-10-26T05:06:46.057+0000: 383.596: Total time for which application threads were stopped: 0.0000332 seconds, Stopping threads took: 0.0000064 seconds
2017-10-26T05:06:46.060+0000: 383.599: Total time for which application threads were stopped: 0.0000439 seconds, Stopping threads took: 0.0000085 seconds
2017-10-26T05:06:46.061+0000: 383.600: Total time for which application threads were stopped: 0.0000403 seconds, Stopping threads took: 0.0000077 seconds
2017-10-26T05:06:46.069+0000: 383.608: Total time for which application threads were stopped: 0.0000490 seconds, Stopping threads took: 0.0000110 seconds
2017-10-26T05:06:46.069+0000: 383.608: Total time for which application threads were stopped: 0.0000333 seconds, Stopping threads took: 0.0000066 seconds
2017-10-26T05:06:46.094+0000: 383.633: Total time for which application threads were stopped: 0.0000874 seconds, Stopping threads took: 0.0000289 seconds
2017-10-26T05:06:46.095+0000: 383.634: Total time for which application threads were stopped: 0.0000386 seconds, Stopping threads took: 0.0000079 seconds
2017-10-26T05:06:46.103+0000: 383.642: Total time for which application threads were stopped: 0.0000382 seconds, Stopping threads took: 0.0000080 seconds
2017-10-26T05:06:46.103+0000: 383.642: Total time for which application threads were stopped: 0.0000327 seconds, Stopping threads took: 0.0000066 seconds
2017-10-26T05:06:46.109+0000: 383.648: Total time for which application threads were stopped: 0.0000446 seconds, Stopping threads took: 0.0000085 seconds
2017-10-26T05:06:46.111+0000: 383.650: Total time for which application threads were stopped: 0.0000631 seconds, Stopping threads took: 0.0000273 seconds
2017-10-26T05:06:46.111+0000: 383.650: Total time for which application threads were stopped: 0.0000642 seconds, Stopping threads took: 0.0000048 seconds
2017-10-26T05:06:46.143+0000: 383.682: Total time for which application threads were stopped: 0.0001070 seconds, Stopping threads took: 0.0000346 seconds
2017-10-26T05:06:46.144+0000: 383.683: Total time for which application threads were stopped: 0.0000866 seconds, Stopping threads took: 0.0000474 seconds
2017-10-26T05:06:46.147+0000: 383.686: Total time for which application threads were stopped: 0.0000681 seconds, Stopping threads took: 0.0000259 seconds
2017-10-26T05:06:46.147+0000: 383.686: Total time for which application threads were stopped: 0.0000871 seconds, Stopping threads took: 0.0000047 seconds
2017-10-26T05:06:46.163+0000: 383.702: Total time for which application threads were stopped: 0.0000657 seconds, Stopping threads took: 0.0000154 seconds
2017-10-26T05:06:46.165+0000: 383.704: Total time for which application threads were stopped: 0.0000674 seconds, Stopping threads took: 0.0000143 seconds
2017-10-26T05:06:46.169+0000: 383.708: Total time for which application threads were stopped: 0.0001208 seconds, Stopping threads took: 0.0000087 seconds
2017-10-26T05:06:46.208+0000: 383.747: Total time for which application threads were stopped: 0.0000965 seconds, Stopping threads took: 0.0000205 seconds
2017-10-26T05:06:46.209+0000: 383.748: Total time for which application threads were stopped: 0.0000524 seconds, Stopping threads took: 0.0000101 seconds
2017-10-26T05:06:46.234+0000: 383.773: Total time for which application threads were stopped: 0.0001544 seconds, Stopping threads took: 0.0000139 seconds
2017-10-26T05:06:46.234+0000: 383.773: Total time for which application threads were stopped: 0.0000367 seconds, Stopping threads took: 0.0000070 seconds
2017-10-26T05:06:46.234+0000: 383.773: Total time for which application threads were stopped: 0.0000486 seconds, Stopping threads took: 0.0000051 seconds
2017-10-26T05:06:46.234+0000: 383.773: Total time for which application threads were stopped: 0.0000301 seconds, Stopping threads took: 0.0000045 seconds
2017-10-26T05:06:46.234+0000: 383.773: Total time for which application threads were stopped: 0.0000293 seconds, Stopping threads took: 0.0000043 seconds
2017-10-26T05:06:46.267+0000: 383.806: Total time for which application threads were stopped: 0.0001394 seconds, Stopping threads took: 0.0000220 seconds
2017-10-26T05:06:46.376+0000: 383.915: Total time for which application threads were stopped: 0.0001486 seconds, Stopping threads took: 0.0000354 seconds
2017-10-26T05:06:46.376+0000: 383.915: Total time for which application threads were stopped: 0.0000501 seconds, Stopping threads took: 0.0000110 seconds
2017-10-26T05:06:46.376+0000: 383.915: Total time for which application threads were stopped: 0.0000355 seconds, Stopping threads took: 0.0000095 seconds
2017-10-26T05:06:46.376+0000: 383.915: Total time for which application threads were stopped: 0.0000380 seconds, Stopping threads took: 0.0000094 seconds
2017-10-26T05:06:46.376+0000: 383.915: Total time for which application threads were stopped: 0.0000772 seconds, Stopping threads took: 0.0000473 seconds
2017-10-26T05:06:46.376+0000: 383.915: Total time for which application threads were stopped: 0.0000342 seconds, Stopping threads took: 0.0000094 seconds
2017-10-26T05:06:46.376+0000: 383.915: Total time for which application threads were stopped: 0.0001885 seconds, Stopping threads took: 0.0000094 seconds
2017-10-26T05:06:46.557+0000: 384.096: Total time for which application threads were stopped: 0.0002140 seconds, Stopping threads took: 0.0001226 seconds
2017-10-26T05:06:46.736+0000: 384.275: Total time for which application threads were stopped: 0.0002122 seconds, Stopping threads took: 0.0000224 seconds
2017-10-26T05:06:46.736+0000: 384.275: Total time for which application threads were stopped: 0.0000363 seconds, Stopping threads took: 0.0000061 seconds
2017-10-26T05:06:46.736+0000: 384.275: Total time for which application threads were stopped: 0.0001166 seconds, Stopping threads took: 0.0000052 seconds
2017-10-26T05:06:46.736+0000: 384.275: Total time for which application threads were stopped: 0.0000330 seconds, Stopping threads took: 0.0000053 seconds
2017-10-26T05:06:46.834+0000: 384.373: Total time for which application threads were stopped: 0.0001395 seconds, Stopping threads took: 0.0000361 seconds
2017-10-26T05:06:46.835+0000: 384.373: Total time for which application threads were stopped: 0.0000382 seconds, Stopping threads took: 0.0000100 seconds
2017-10-26T05:06:46.835+0000: 384.374: Total time for which application threads were stopped: 0.0000354 seconds, Stopping threads took: 0.0000093 seconds
2017-10-26T05:06:46.835+0000: 384.374: Total time for which application threads were stopped: 0.0000402 seconds, Stopping threads took: 0.0000049 seconds
2017-10-26T05:06:46.835+0000: 384.374: Total time for which application threads were stopped: 0.0000301 seconds, Stopping threads took: 0.0000044 seconds
2017-10-26T05:06:46.835+0000: 384.374: Total time for which application threads were stopped: 0.0000290 seconds, Stopping threads took: 0.0000041 seconds
2017-10-26T05:06:46.835+0000: 384.374: Total time for which application threads were stopped: 0.0000281 seconds, Stopping threads took: 0.0000038 seconds
2017-10-26T05:06:46.835+0000: 384.374: Total time for which application threads were stopped: 0.0000283 seconds, Stopping threads took: 0.0000039 seconds
2017-10-26T05:06:46.898+0000: 384.437: Total time for which application threads were stopped: 0.0001153 seconds, Stopping threads took: 0.0000316 seconds
2017-10-26T05:06:46.936+0000: 384.475: Total time for which application threads were stopped: 0.0001116 seconds, Stopping threads took: 0.0000235 seconds
2017-10-26T05:06:46.937+0000: 384.476: Total time for which application threads were stopped: 0.0000497 seconds, Stopping threads took: 0.0000151 seconds
2017-10-26T05:06:47.724+0000: 385.263: Total time for which application threads were stopped: 0.0001165 seconds, Stopping threads took: 0.0000319 seconds
2017-10-26T05:06:47.732+0000: 385.271: Total time for which application threads were stopped: 0.0000837 seconds, Stopping threads took: 0.0000124 seconds
2017-10-26T05:06:47.870+0000: 385.409: Total time for which application threads were stopped: 0.0001427 seconds, Stopping threads took: 0.0000359 seconds
2017-10-26T05:06:47.880+0000: 385.419: Total time for which application threads were stopped: 0.0001638 seconds, Stopping threads took: 0.0000179 seconds
2017-10-26T05:06:48.261+0000: 385.800: Total time for which application threads were stopped: 0.0001173 seconds, Stopping threads took: 0.0000259 seconds
2017-10-26T05:06:48.261+0000: 385.800: Total time for which application threads were stopped: 0.0000516 seconds, Stopping threads took: 0.0000126 seconds
2017-10-26T05:06:48.270+0000: 385.809: Total time for which application threads were stopped: 0.0000442 seconds, Stopping threads took: 0.0000091 seconds
2017-10-26T05:06:48.270+0000: 385.809: Total time for which application threads were stopped: 0.0000291 seconds, Stopping threads took: 0.0000049 seconds
2017-10-26T05:06:57.996+0000: 395.535: Total time for which application threads were stopped: 0.0007687 seconds, Stopping threads took: 0.0000323 seconds
2017-10-26T05:06:58.006+0000: 395.545: Total time for which application threads were stopped: 0.0004011 seconds, Stopping threads took: 0.0000188 seconds
2017-10-26T05:06:59.007+0000: 396.545: Total time for which application threads were stopped: 0.0001735 seconds, Stopping threads took: 0.0000730 seconds
2017-10-26T05:07:48.270+0000: 445.809: Total time for which application threads were stopped: 0.0001590 seconds, Stopping threads took: 0.0000634 seconds
2017-10-26T05:08:49.277+0000: 506.816: Total time for which application threads were stopped: 0.0001303 seconds, Stopping threads took: 0.0000388 seconds
2017-10-26T05:15:31.319+0000: 908.858: Total time for which application threads were stopped: 0.0001317 seconds, Stopping threads took: 0.0000295 seconds
2017-10-26T05:15:32.241+0000: 909.780: Total time for which application threads were stopped: 0.0001927 seconds, Stopping threads took: 0.0000444 seconds
2017-10-26T05:15:32.241+0000: 909.780: Total time for which application threads were stopped: 0.0000621 seconds, Stopping threads took: 0.0000195 seconds
2017-10-26T05:15:32.241+0000: 909.780: Total time for which application threads were stopped: 0.0000432 seconds, Stopping threads took: 0.0000123 seconds
2017-10-26T05:15:32.241+0000: 909.780: Total time for which application threads were stopped: 0.0000410 seconds, Stopping threads took: 0.0000113 seconds
2017-10-26T05:15:32.242+0000: 909.781: Total time for which application threads were stopped: 0.0001694 seconds, Stopping threads took: 0.0000110 seconds
2017-10-26T05:15:32.255+0000: 909.794: Total time for which application threads were stopped: 0.0000954 seconds, Stopping threads took: 0.0000202 seconds
2017-10-26T05:15:32.256+0000: 909.794: Total time for which application threads were stopped: 0.0000484 seconds, Stopping threads took: 0.0000107 seconds
2017-10-26T05:15:32.266+0000: 909.805: Total time for which application threads were stopped: 0.0000594 seconds, Stopping threads took: 0.0000111 seconds
2017-10-26T05:15:32.266+0000: 909.805: Total time for which application threads were stopped: 0.0000296 seconds, Stopping threads took: 0.0000046 seconds
2017-10-26T05:15:33.267+0000: 910.805: Total time for which application threads were stopped: 0.0001778 seconds, Stopping threads took: 0.0000390 seconds
2017-10-26T05:16:32.267+0000: 969.806: Total time for which application threads were stopped: 0.0001769 seconds, Stopping threads took: 0.0000745 seconds
2017-10-26T05:17:33.274+0000: 1030.812: Total time for which application threads were stopped: 0.0001634 seconds, Stopping threads took: 0.0000668 seconds
2017-10-26T05:20:15.613+0000: 1193.152: Total time for which application threads were stopped: 0.0002512 seconds, Stopping threads took: 0.0000375 seconds
2017-10-26T05:20:16.613+0000: 1194.152: Total time for which application threads were stopped: 0.0001144 seconds, Stopping threads took: 0.0000263 seconds
2017-10-26T05:20:17.011+0000: 1194.550: Total time for which application threads were stopped: 0.0001754 seconds, Stopping threads took: 0.0000361 seconds
2017-10-26T05:20:17.012+0000: 1194.551: Total time for which application threads were stopped: 0.0000578 seconds, Stopping threads took: 0.0000191 seconds
2017-10-26T05:20:17.012+0000: 1194.551: Total time for which application threads were stopped: 0.0000457 seconds, Stopping threads took: 0.0000116 seconds
2017-10-26T05:20:17.012+0000: 1194.551: Total time for which application threads were stopped: 0.0000444 seconds, Stopping threads took: 0.0000113 seconds
2017-10-26T05:20:17.012+0000: 1194.551: Total time for which application threads were stopped: 0.0000439 seconds, Stopping threads took: 0.0000111 seconds
2017-10-26T05:20:17.012+0000: 1194.551: Total time for which application threads were stopped: 0.0000436 seconds, Stopping threads took: 0.0000110 seconds
2017-10-26T05:20:17.012+0000: 1194.551: Total time for which application threads were stopped: 0.0000666 seconds, Stopping threads took: 0.0000112 seconds
2017-10-26T05:20:17.012+0000: 1194.551: Total time for which application threads were stopped: 0.0000441 seconds, Stopping threads took: 0.0000114 seconds
2017-10-26T05:20:17.012+0000: 1194.551: Total time for which application threads were stopped: 0.0000432 seconds, Stopping threads took: 0.0000108 seconds
2017-10-26T05:20:17.022+0000: 1194.560: Total time for which application threads were stopped: 0.0000819 seconds, Stopping threads took: 0.0000216 seconds
2017-10-26T05:20:17.022+0000: 1194.561: Total time for which application threads were stopped: 0.0000473 seconds, Stopping threads took: 0.0000123 seconds
2017-10-26T05:20:17.028+0000: 1194.567: Total time for which application threads were stopped: 0.0000745 seconds, Stopping threads took: 0.0000174 seconds
2017-10-26T05:20:17.028+0000: 1194.567: Total time for which application threads were stopped: 0.0000529 seconds, Stopping threads took: 0.0000105 seconds
2017-10-26T05:20:17.035+0000: 1194.574: Total time for which application threads were stopped: 0.0000627 seconds, Stopping threads took: 0.0000142 seconds
2017-10-26T05:20:17.035+0000: 1194.574: Total time for which application threads were stopped: 0.0000322 seconds, Stopping threads took: 0.0000048 seconds
2017-10-26T05:20:18.035+0000: 1195.574: Total time for which application threads were stopped: 0.0001518 seconds, Stopping threads took: 0.0000397 seconds
2017-10-26T05:21:17.036+0000: 1254.575: Total time for which application threads were stopped: 0.0001975 seconds, Stopping threads took: 0.0000787 seconds
2017-10-26T05:22:17.042+0000: 1314.581: Total time for which application threads were stopped: 0.0001364 seconds, Stopping threads took: 0.0000565 seconds
2017-10-26T05:22:18.043+0000: 1315.582: Total time for which application threads were stopped: 0.0001949 seconds, Stopping threads took: 0.0000472 seconds
2017-10-26T05:22:29.073+0000: 1326.612: Total time for which application threads were stopped: 0.0001224 seconds, Stopping threads took: 0.0000358 seconds
2017-10-26T05:22:29.074+0000: 1326.613: Total time for which application threads were stopped: 0.0000538 seconds, Stopping threads took: 0.0000136 seconds
2017-10-26T05:22:29.074+0000: 1326.613: Total time for which application threads were stopped: 0.0000518 seconds, Stopping threads took: 0.0000134 seconds
2017-10-26T05:22:30.075+0000: 1327.614: Total time for which application threads were stopped: 0.0001423 seconds, Stopping threads took: 0.0000387 seconds
2017-10-26T05:24:16.086+0000: 1433.625: Total time for which application threads were stopped: 0.0001510 seconds, Stopping threads took: 0.0000353 seconds
2017-10-26T05:24:17.087+0000: 1434.626: Total time for which application threads were stopped: 0.0001688 seconds, Stopping threads took: 0.0000395 seconds
2017-10-26T05:24:17.678+0000: 1435.217: Total time for which application threads were stopped: 0.0001763 seconds, Stopping threads took: 0.0000297 seconds
2017-10-26T05:24:17.678+0000: 1435.217: Total time for which application threads were stopped: 0.0000623 seconds, Stopping threads took: 0.0000111 seconds
2017-10-26T05:24:17.683+0000: 1435.222: Total time for which application threads were stopped: 0.0000778 seconds, Stopping threads took: 0.0000281 seconds
2017-10-26T05:24:17.683+0000: 1435.222: Total time for which application threads were stopped: 0.0000334 seconds, Stopping threads took: 0.0000051 seconds
2017-10-26T05:25:17.683+0000: 1495.222: Total time for which application threads were stopped: 0.0001816 seconds, Stopping threads took: 0.0000629 seconds
2017-10-26T05:26:18.690+0000: 1556.229: Total time for which application threads were stopped: 0.0001535 seconds, Stopping threads took: 0.0000393 seconds
2017-10-26T05:34:18.741+0000: 2036.280: Total time for which application threads were stopped: 0.0001795 seconds, Stopping threads took: 0.0000730 seconds
2017-10-26T05:39:05.928+0000: 2323.466: Total time for which application threads were stopped: 0.0020098 seconds, Stopping threads took: 0.0019018 seconds
2017-10-26T05:39:05.928+0000: 2323.467: Total time for which application threads were stopped: 0.0000578 seconds, Stopping threads took: 0.0000119 seconds
2017-10-26T05:39:05.936+0000: 2323.475: Total time for which application threads were stopped: 0.0000559 seconds, Stopping threads took: 0.0000112 seconds
2017-10-26T05:39:05.936+0000: 2323.475: Total time for which application threads were stopped: 0.0000337 seconds, Stopping threads took: 0.0000049 seconds
2017-10-26T05:39:05.978+0000: 2323.517: Total time for which application threads were stopped: 0.0001359 seconds, Stopping threads took: 0.0000303 seconds
2017-10-26T05:39:05.979+0000: 2323.518: Total time for which application threads were stopped: 0.0000528 seconds, Stopping threads took: 0.0000150 seconds
2017-10-26T05:39:05.979+0000: 2323.518: Total time for which application threads were stopped: 0.0000729 seconds, Stopping threads took: 0.0000130 seconds
2017-10-26T05:39:05.979+0000: 2323.518: Total time for which application threads were stopped: 0.0000447 seconds, Stopping threads took: 0.0000126 seconds
2017-10-26T05:39:05.983+0000: 2323.522: Total time for which application threads were stopped: 0.0000738 seconds, Stopping threads took: 0.0000170 seconds
2017-10-26T05:39:05.986+0000: 2323.525: Total time for which application threads were stopped: 0.0000563 seconds, Stopping threads took: 0.0000160 seconds
2017-10-26T05:39:05.986+0000: 2323.525: Total time for which application threads were stopped: 0.0000458 seconds, Stopping threads took: 0.0000133 seconds
2017-10-26T05:39:05.986+0000: 2323.525: Total time for which application threads were stopped: 0.0000674 seconds, Stopping threads took: 0.0000102 seconds
2017-10-26T05:39:05.986+0000: 2323.525: Total time for which application threads were stopped: 0.0000392 seconds, Stopping threads took: 0.0000108 seconds
2017-10-26T05:39:05.986+0000: 2323.525: Total time for which application threads were stopped: 0.0000554 seconds, Stopping threads took: 0.0000189 seconds
2017-10-26T05:39:05.986+0000: 2323.525: Total time for which application threads were stopped: 0.0000377 seconds, Stopping threads took: 0.0000104 seconds
2017-10-26T05:39:05.986+0000: 2323.525: Total time for which application threads were stopped: 0.0000362 seconds, Stopping threads took: 0.0000098 seconds
2017-10-26T05:39:05.986+0000: 2323.525: Total time for which application threads were stopped: 0.0000479 seconds, Stopping threads took: 0.0000204 seconds
2017-10-26T05:39:05.987+0000: 2323.525: Total time for which application threads were stopped: 0.0000453 seconds, Stopping threads took: 0.0000101 seconds
2017-10-26T05:39:05.987+0000: 2323.526: Total time for which application threads were stopped: 0.0000698 seconds, Stopping threads took: 0.0000178 seconds
2017-10-26T05:39:05.987+0000: 2323.526: Total time for which application threads were stopped: 0.0000531 seconds, Stopping threads took: 0.0000110 seconds
2017-10-26T05:39:05.987+0000: 2323.526: Total time for which application threads were stopped: 0.0000454 seconds, Stopping threads took: 0.0000112 seconds
2017-10-26T05:39:05.988+0000: 2323.527: Total time for which application threads were stopped: 0.0000537 seconds, Stopping threads took: 0.0000139 seconds
2017-10-26T05:39:05.988+0000: 2323.527: Total time for which application threads were stopped: 0.0000554 seconds, Stopping threads took: 0.0000126 seconds
2017-10-26T05:39:05.988+0000: 2323.527: Total time for which application threads were stopped: 0.0000373 seconds, Stopping threads took: 0.0000105 seconds
2017-10-26T05:39:05.988+0000: 2323.527: Total time for which application threads were stopped: 0.0001493 seconds, Stopping threads took: 0.0000101 seconds
2017-10-26T05:39:05.990+0000: 2323.529: Total time for which application threads were stopped: 0.0000527 seconds, Stopping threads took: 0.0000146 seconds
2017-10-26T05:39:06.000+0000: 2323.539: Total time for which application threads were stopped: 0.0002455 seconds, Stopping threads took: 0.0001772 seconds
2017-10-26T05:39:07.001+0000: 2324.539: Total time for which application threads were stopped: 0.0001938 seconds, Stopping threads took: 0.0000429 seconds
2017-10-26T05:39:41.557+0000: 2359.096: Total time for which application threads were stopped: 0.0010903 seconds, Stopping threads took: 0.0000254 seconds
2017-10-26T05:39:41.558+0000: 2359.097: Total time for which application threads were stopped: 0.0000491 seconds, Stopping threads took: 0.0000080 seconds
2017-10-26T05:39:41.570+0000: 2359.109: Total time for which application threads were stopped: 0.0000620 seconds, Stopping threads took: 0.0000165 seconds
2017-10-26T05:39:41.575+0000: 2359.114: Total time for which application threads were stopped: 0.0000542 seconds, Stopping threads took: 0.0000144 seconds
2017-10-26T05:39:41.575+0000: 2359.114: Total time for which application threads were stopped: 0.0000388 seconds, Stopping threads took: 0.0000101 seconds
2017-10-26T05:39:41.598+0000: 2359.137: Total time for which application threads were stopped: 0.0000732 seconds, Stopping threads took: 0.0000269 seconds
2017-10-26T05:39:41.599+0000: 2359.138: Total time for which application threads were stopped: 0.0000346 seconds, Stopping threads took: 0.0000118 seconds
2017-10-26T05:39:41.599+0000: 2359.138: Total time for which application threads were stopped: 0.0000310 seconds, Stopping threads took: 0.0000090 seconds
2017-10-26T05:39:41.600+0000: 2359.139: Total time for which application threads were stopped: 0.0000320 seconds, Stopping threads took: 0.0000126 seconds
2017-10-26T05:39:41.600+0000: 2359.139: Total time for which application threads were stopped: 0.0000234 seconds, Stopping threads took: 0.0000089 seconds
Heap
 par new generation   total 109248K, used 96195K [0x00000000e0000000, 0x00000000e8000000, 0x00000000e8000000)
  eden space 87424K,  85% used [0x00000000e0000000, 0x00000000e48a0d70, 0x00000000e5560000)
  from space 21824K, 100% used [0x00000000e6ab0000, 0x00000000e8000000, 0x00000000e8000000)
  to   space 21824K,   0% used [0x00000000e5560000, 0x00000000e5560000, 0x00000000e6ab0000)
 concurrent mark-sweep generation total 393216K, used 172914K [0x00000000e8000000, 0x0000000100000000, 0x0000000100000000)
 Metaspace       used 36619K, capacity 37444K, committed 37656K, reserved 1083392K
  class space    used 4322K, capacity 4554K, committed 4632K, reserved 1048576K
