Java HotSpot(TM) 64-Bit Server VM (25.151-b12) for linux-amd64 JRE (1.8.0_151-b12), built on Sep  5 2017 19:20:58 by "java_re" with gcc 4.3.0 20080428 (Red Hat 4.3.0-8)
Memory: 4k page, physical 2045252k(662372k free), swap 262140k(262044k free)
CommandLine flags: -XX:CMSInitiatingOccupancyFraction=50 -XX:CMSMaxAbortablePrecleanTime=6000 -XX:+CMSParallelRemarkEnabled -XX:+CMSScavengeBeforeRemark -XX:ConcGCThreads=4 -XX:GCLogFileSize=20971520 -XX:InitialHeapSize=536870912 -XX:MaxHeapSize=536870912 -XX:MaxTenuringThreshold=8 -XX:NewRatio=3 -XX:NumberOfGCLogFiles=9 -XX:OldPLABSize=16 -XX:-OmitStackTraceInFastThrow -XX:OnOutOfMemoryError=/root/DSE203_Demand_EDA/www/SOLR_/solr/bin/oom_solr.sh 8983 /root/DSE203_Demand_EDA/www/SOLR_/solr/server/logs -XX:ParallelGCThreads=4 -XX:+ParallelRefProcEnabled -XX:PretenureSizeThreshold=67108864 -XX:+PrintGC -XX:+PrintGCApplicationStoppedTime -XX:+PrintGCDateStamps -XX:+PrintGCDetails -XX:+PrintGCTimeStamps -XX:+PrintHeapAtGC -XX:+PrintTenuringDistribution -XX:SurvivorRatio=4 -XX:TargetSurvivorRatio=90 -XX:ThreadStackSize=256 -XX:+UseCMSInitiatingOccupancyOnly -XX:+UseCompressedClassPointers -XX:+UseCompressedOops -XX:+UseConcMarkSweepGC -XX:+UseGCLogFileRotation -XX:+UseParNewGC 
2017-10-26T05:39:46.109+0000: 0.194: Total time for which application threads were stopped: 0.0001152 seconds, Stopping threads took: 0.0000224 seconds
2017-10-26T05:39:46.276+0000: 0.362: Total time for which application threads were stopped: 0.0001455 seconds, Stopping threads took: 0.0000195 seconds
2017-10-26T05:39:46.612+0000: 0.697: Total time for which application threads were stopped: 0.0002332 seconds, Stopping threads took: 0.0000259 seconds
2017-10-26T05:39:46.951+0000: 1.037: Total time for which application threads were stopped: 0.0003204 seconds, Stopping threads took: 0.0000322 seconds
2017-10-26T05:39:47.176+0000: 1.262: Total time for which application threads were stopped: 0.0002827 seconds, Stopping threads took: 0.0000266 seconds
2017-10-26T05:39:47.210+0000: 1.296: Total time for which application threads were stopped: 0.0003033 seconds, Stopping threads took: 0.0000322 seconds
2017-10-26T05:39:47.746+0000: 1.832: Total time for which application threads were stopped: 0.0003532 seconds, Stopping threads took: 0.0000240 seconds
2017-10-26T05:39:47.782+0000: 1.867: Total time for which application threads were stopped: 0.0003107 seconds, Stopping threads took: 0.0000258 seconds
2017-10-26T05:39:47.896+0000: 1.981: Total time for which application threads were stopped: 0.0003300 seconds, Stopping threads took: 0.0000293 seconds
2017-10-26T05:39:48.142+0000: 2.228: Total time for which application threads were stopped: 0.0003741 seconds, Stopping threads took: 0.0000259 seconds
2017-10-26T05:39:48.144+0000: 2.230: Total time for which application threads were stopped: 0.0001101 seconds, Stopping threads took: 0.0000136 seconds
2017-10-26T05:39:48.148+0000: 2.234: Total time for which application threads were stopped: 0.0001180 seconds, Stopping threads took: 0.0000170 seconds
2017-10-26T05:39:48.160+0000: 2.245: Total time for which application threads were stopped: 0.0001288 seconds, Stopping threads took: 0.0000155 seconds
2017-10-26T05:39:48.323+0000: 2.409: Total time for which application threads were stopped: 0.0003726 seconds, Stopping threads took: 0.0000263 seconds
2017-10-26T05:39:48.560+0000: 2.646: Total time for which application threads were stopped: 0.0004193 seconds, Stopping threads took: 0.0000294 seconds
{Heap before GC invocations=0 (full 0):
 par new generation   total 109248K, used 87424K [0x00000000e0000000, 0x00000000e8000000, 0x00000000e8000000)
  eden space 87424K, 100% used [0x00000000e0000000, 0x00000000e5560000, 0x00000000e5560000)
  from space 21824K,   0% used [0x00000000e5560000, 0x00000000e5560000, 0x00000000e6ab0000)
  to   space 21824K,   0% used [0x00000000e6ab0000, 0x00000000e6ab0000, 0x00000000e8000000)
 concurrent mark-sweep generation total 393216K, used 0K [0x00000000e8000000, 0x0000000100000000, 0x0000000100000000)
 Metaspace       used 19564K, capacity 19938K, committed 20224K, reserved 1067008K
  class space    used 2294K, capacity 2453K, committed 2560K, reserved 1048576K
2017-10-26T05:39:48.816+0000: 2.902: [GC (Allocation Failure) 2017-10-26T05:39:48.816+0000: 2.902: [ParNew
Desired survivor size 20112992 bytes, new threshold 8 (max 8)
- age   1:   12720528 bytes,   12720528 total
: 87424K->12545K(109248K), 0.0470154 secs] 87424K->12545K(502464K), 0.0471278 secs] [Times: user=0.05 sys=0.00, real=0.05 secs] 
Heap after GC invocations=1 (full 0):
 par new generation   total 109248K, used 12545K [0x00000000e0000000, 0x00000000e8000000, 0x00000000e8000000)
  eden space 87424K,   0% used [0x00000000e0000000, 0x00000000e0000000, 0x00000000e5560000)
  from space 21824K,  57% used [0x00000000e6ab0000, 0x00000000e76f06d0, 0x00000000e8000000)
  to   space 21824K,   0% used [0x00000000e5560000, 0x00000000e5560000, 0x00000000e6ab0000)
 concurrent mark-sweep generation total 393216K, used 0K [0x00000000e8000000, 0x0000000100000000, 0x0000000100000000)
 Metaspace       used 19564K, capacity 19938K, committed 20224K, reserved 1067008K
  class space    used 2294K, capacity 2453K, committed 2560K, reserved 1048576K
}
2017-10-26T05:39:48.863+0000: 2.949: Total time for which application threads were stopped: 0.0474508 seconds, Stopping threads took: 0.0000306 seconds
2017-10-26T05:39:48.904+0000: 2.989: Total time for which application threads were stopped: 0.0003875 seconds, Stopping threads took: 0.0000246 seconds
2017-10-26T05:39:49.199+0000: 3.285: Total time for which application threads were stopped: 0.0001408 seconds, Stopping threads took: 0.0000345 seconds
2017-10-26T05:39:49.256+0000: 3.342: Total time for which application threads were stopped: 0.0001248 seconds, Stopping threads took: 0.0000302 seconds
2017-10-26T05:39:50.010+0000: 4.096: Total time for which application threads were stopped: 0.0003706 seconds, Stopping threads took: 0.0000291 seconds
2017-10-26T05:39:50.877+0000: 4.963: [GC (CMS Initial Mark) [1 CMS-initial-mark: 0K(393216K)] 30945K(502464K), 0.0135229 secs] [Times: user=0.01 sys=0.00, real=0.02 secs] 
2017-10-26T05:39:50.891+0000: 4.976: Total time for which application threads were stopped: 0.0136925 seconds, Stopping threads took: 0.0000317 seconds
2017-10-26T05:39:50.891+0000: 4.976: [CMS-concurrent-mark-start]
2017-10-26T05:39:50.891+0000: 4.977: [CMS-concurrent-mark: 0.000/0.000 secs] [Times: user=0.00 sys=0.00, real=0.00 secs] 
2017-10-26T05:39:50.891+0000: 4.977: [CMS-concurrent-preclean-start]
2017-10-26T05:39:50.892+0000: 4.978: [CMS-concurrent-preclean: 0.001/0.001 secs] [Times: user=0.01 sys=0.00, real=0.00 secs] 
2017-10-26T05:39:50.892+0000: 4.978: [CMS-concurrent-abortable-preclean-start]
 CMS: abort preclean due to time 2017-10-26T05:39:56.931+0000: 11.017: [CMS-concurrent-abortable-preclean: 2.435/6.039 secs] [Times: user=2.42 sys=0.00, real=6.04 secs] 
2017-10-26T05:39:56.932+0000: 11.018: [GC (CMS Final Remark) [YG occupancy: 30945 K (109248 K)]{Heap before GC invocations=1 (full 1):
 par new generation   total 109248K, used 30945K [0x00000000e0000000, 0x00000000e8000000, 0x00000000e8000000)
  eden space 87424K,  21% used [0x00000000e0000000, 0x00000000e11f7fa8, 0x00000000e5560000)
  from space 21824K,  57% used [0x00000000e6ab0000, 0x00000000e76f06d0, 0x00000000e8000000)
  to   space 21824K,   0% used [0x00000000e5560000, 0x00000000e5560000, 0x00000000e6ab0000)
 concurrent mark-sweep generation total 393216K, used 0K [0x00000000e8000000, 0x0000000100000000, 0x0000000100000000)
 Metaspace       used 21219K, capacity 21736K, committed 21960K, reserved 1069056K
  class space    used 2531K, capacity 2712K, committed 2764K, reserved 1048576K
2017-10-26T05:39:56.932+0000: 11.018: [GC (CMS Final Remark) 2017-10-26T05:39:56.932+0000: 11.018: [ParNew
Desired survivor size 20112992 bytes, new threshold 8 (max 8)
- age   1:    1571088 bytes,    1571088 total
- age   2:    6246464 bytes,    7817552 total
: 30945K->10125K(109248K), 0.0430753 secs] 30945K->10125K(502464K), 0.0431459 secs] [Times: user=0.05 sys=0.00, real=0.04 secs] 
Heap after GC invocations=2 (full 1):
 par new generation   total 109248K, used 10125K [0x00000000e0000000, 0x00000000e8000000, 0x00000000e8000000)
  eden space 87424K,   0% used [0x00000000e0000000, 0x00000000e0000000, 0x00000000e5560000)
  from space 21824K,  46% used [0x00000000e5560000, 0x00000000e5f43770, 0x00000000e6ab0000)
  to   space 21824K,   0% used [0x00000000e6ab0000, 0x00000000e6ab0000, 0x00000000e8000000)
 concurrent mark-sweep generation total 393216K, used 0K [0x00000000e8000000, 0x0000000100000000, 0x0000000100000000)
 Metaspace       used 21219K, capacity 21736K, committed 21960K, reserved 1069056K
  class space    used 2531K, capacity 2712K, committed 2764K, reserved 1048576K
}
2017-10-26T05:39:56.975+0000: 11.061: [Rescan (parallel) , 0.0253256 secs]2017-10-26T05:39:57.000+0000: 11.086: [weak refs processing, 0.0086840 secs]2017-10-26T05:39:57.009+0000: 11.095: [class unloading, 0.0041299 secs]2017-10-26T05:39:57.013+0000: 11.099: [scrub symbol table, 0.0032231 secs]2017-10-26T05:39:57.016+0000: 11.102: [scrub string table, 0.0005672 secs][1 CMS-remark: 0K(393216K)] 10125K(502464K), 0.0859437 secs] [Times: user=0.08 sys=0.01, real=0.09 secs] 
2017-10-26T05:39:57.018+0000: 11.104: Total time for which application threads were stopped: 0.0860946 seconds, Stopping threads took: 0.0000345 seconds
2017-10-26T05:39:57.019+0000: 11.104: [CMS-concurrent-sweep-start]
2017-10-26T05:39:57.019+0000: 11.105: [CMS-concurrent-sweep: 0.000/0.000 secs] [Times: user=0.00 sys=0.00, real=0.00 secs] 
2017-10-26T05:39:57.019+0000: 11.105: [CMS-concurrent-reset-start]
2017-10-26T05:39:57.022+0000: 11.108: [CMS-concurrent-reset: 0.004/0.004 secs] [Times: user=0.01 sys=0.00, real=0.00 secs] 
2017-10-26T05:39:58.023+0000: 12.108: Total time for which application threads were stopped: 0.0001303 seconds, Stopping threads took: 0.0000358 seconds
2017-10-26T05:40:07.465+0000: 21.551: Total time for which application threads were stopped: 0.0001105 seconds, Stopping threads took: 0.0000354 seconds
2017-10-26T05:40:07.470+0000: 21.556: Total time for which application threads were stopped: 0.0000480 seconds, Stopping threads took: 0.0000155 seconds
2017-10-26T05:40:07.470+0000: 21.556: Total time for which application threads were stopped: 0.0000387 seconds, Stopping threads took: 0.0000057 seconds
2017-10-26T05:40:07.471+0000: 21.557: Total time for which application threads were stopped: 0.0000688 seconds, Stopping threads took: 0.0000200 seconds
2017-10-26T05:40:07.474+0000: 21.560: Total time for which application threads were stopped: 0.0000856 seconds, Stopping threads took: 0.0000290 seconds
2017-10-26T05:40:07.474+0000: 21.560: Total time for which application threads were stopped: 0.0000508 seconds, Stopping threads took: 0.0000148 seconds
2017-10-26T05:40:07.477+0000: 21.562: Total time for which application threads were stopped: 0.0015882 seconds, Stopping threads took: 0.0015496 seconds
2017-10-26T05:40:07.478+0000: 21.564: Total time for which application threads were stopped: 0.0000623 seconds, Stopping threads took: 0.0000169 seconds
2017-10-26T05:40:07.478+0000: 21.564: Total time for which application threads were stopped: 0.0000399 seconds, Stopping threads took: 0.0000063 seconds
2017-10-26T05:40:07.491+0000: 21.577: Total time for which application threads were stopped: 0.0021647 seconds, Stopping threads took: 0.0020474 seconds
2017-10-26T05:40:07.491+0000: 21.577: Total time for which application threads were stopped: 0.0000444 seconds, Stopping threads took: 0.0000077 seconds
2017-10-26T05:40:07.497+0000: 21.582: Total time for which application threads were stopped: 0.0004005 seconds, Stopping threads took: 0.0000161 seconds
2017-10-26T05:40:07.512+0000: 21.598: Total time for which application threads were stopped: 0.0001131 seconds, Stopping threads took: 0.0000284 seconds
2017-10-26T05:40:07.514+0000: 21.600: Total time for which application threads were stopped: 0.0008304 seconds, Stopping threads took: 0.0007686 seconds
2017-10-26T05:40:07.753+0000: 21.839: Total time for which application threads were stopped: 0.0027144 seconds, Stopping threads took: 0.0025853 seconds
2017-10-26T05:40:07.755+0000: 21.840: Total time for which application threads were stopped: 0.0001475 seconds, Stopping threads took: 0.0000093 seconds
2017-10-26T05:40:07.756+0000: 21.842: Total time for which application threads were stopped: 0.0000548 seconds, Stopping threads took: 0.0000212 seconds
2017-10-26T05:40:07.854+0000: 21.940: Total time for which application threads were stopped: 0.0001210 seconds, Stopping threads took: 0.0000337 seconds
2017-10-26T05:40:07.856+0000: 21.942: Total time for which application threads were stopped: 0.0000810 seconds, Stopping threads took: 0.0000411 seconds
2017-10-26T05:40:07.857+0000: 21.942: Total time for which application threads were stopped: 0.0000439 seconds, Stopping threads took: 0.0000082 seconds
2017-10-26T05:40:07.857+0000: 21.943: Total time for which application threads were stopped: 0.0000630 seconds, Stopping threads took: 0.0000164 seconds
2017-10-26T05:40:07.857+0000: 21.943: Total time for which application threads were stopped: 0.0000503 seconds, Stopping threads took: 0.0000155 seconds
2017-10-26T05:40:07.857+0000: 21.943: Total time for which application threads were stopped: 0.0000312 seconds, Stopping threads took: 0.0000047 seconds
2017-10-26T05:40:07.857+0000: 21.943: Total time for which application threads were stopped: 0.0000368 seconds, Stopping threads took: 0.0000070 seconds
2017-10-26T05:40:07.892+0000: 21.978: Total time for which application threads were stopped: 0.0001030 seconds, Stopping threads took: 0.0000267 seconds
2017-10-26T05:40:07.894+0000: 21.980: Total time for which application threads were stopped: 0.0000507 seconds, Stopping threads took: 0.0000154 seconds
2017-10-26T05:40:07.907+0000: 21.993: Total time for which application threads were stopped: 0.0000565 seconds, Stopping threads took: 0.0000147 seconds
2017-10-26T05:40:07.909+0000: 21.995: Total time for which application threads were stopped: 0.0000530 seconds, Stopping threads took: 0.0000149 seconds
2017-10-26T05:40:07.909+0000: 21.995: Total time for which application threads were stopped: 0.0000393 seconds, Stopping threads took: 0.0000075 seconds
2017-10-26T05:40:07.916+0000: 22.002: Total time for which application threads were stopped: 0.0000676 seconds, Stopping threads took: 0.0000243 seconds
2017-10-26T05:40:07.957+0000: 22.042: Total time for which application threads were stopped: 0.0001103 seconds, Stopping threads took: 0.0000323 seconds
2017-10-26T05:40:07.957+0000: 22.043: Total time for which application threads were stopped: 0.0000357 seconds, Stopping threads took: 0.0000105 seconds
2017-10-26T05:40:07.957+0000: 22.043: Total time for which application threads were stopped: 0.0000336 seconds, Stopping threads took: 0.0000099 seconds
2017-10-26T05:40:07.957+0000: 22.043: Total time for which application threads were stopped: 0.0000433 seconds, Stopping threads took: 0.0000100 seconds
2017-10-26T05:40:07.957+0000: 22.043: Total time for which application threads were stopped: 0.0000343 seconds, Stopping threads took: 0.0000101 seconds
2017-10-26T05:40:07.957+0000: 22.043: Total time for which application threads were stopped: 0.0000329 seconds, Stopping threads took: 0.0000097 seconds
2017-10-26T05:40:07.957+0000: 22.043: Total time for which application threads were stopped: 0.0000332 seconds, Stopping threads took: 0.0000098 seconds
2017-10-26T05:40:07.957+0000: 22.043: Total time for which application threads were stopped: 0.0000329 seconds, Stopping threads took: 0.0000097 seconds
2017-10-26T05:40:07.957+0000: 22.043: Total time for which application threads were stopped: 0.0001178 seconds, Stopping threads took: 0.0000096 seconds
2017-10-26T05:40:07.966+0000: 22.052: Total time for which application threads were stopped: 0.0000713 seconds, Stopping threads took: 0.0000117 seconds
2017-10-26T05:40:07.969+0000: 22.055: Total time for which application threads were stopped: 0.0000465 seconds, Stopping threads took: 0.0000082 seconds
2017-10-26T05:40:08.120+0000: 22.206: Total time for which application threads were stopped: 0.0001136 seconds, Stopping threads took: 0.0000282 seconds
2017-10-26T05:40:08.241+0000: 22.327: Total time for which application threads were stopped: 0.0001158 seconds, Stopping threads took: 0.0000327 seconds
2017-10-26T05:40:08.241+0000: 22.327: Total time for which application threads were stopped: 0.0000431 seconds, Stopping threads took: 0.0000052 seconds
2017-10-26T05:40:08.241+0000: 22.327: Total time for which application threads were stopped: 0.0000531 seconds, Stopping threads took: 0.0000089 seconds
2017-10-26T05:40:08.244+0000: 22.330: Total time for which application threads were stopped: 0.0000532 seconds, Stopping threads took: 0.0000076 seconds
2017-10-26T05:40:08.244+0000: 22.330: Total time for which application threads were stopped: 0.0000302 seconds, Stopping threads took: 0.0000050 seconds
2017-10-26T05:40:08.244+0000: 22.330: Total time for which application threads were stopped: 0.0000314 seconds, Stopping threads took: 0.0000057 seconds
2017-10-26T05:40:08.244+0000: 22.330: Total time for which application threads were stopped: 0.0000282 seconds, Stopping threads took: 0.0000046 seconds
2017-10-26T05:40:08.244+0000: 22.330: Total time for which application threads were stopped: 0.0000278 seconds, Stopping threads took: 0.0000044 seconds
2017-10-26T05:40:08.244+0000: 22.330: Total time for which application threads were stopped: 0.0000280 seconds, Stopping threads took: 0.0000043 seconds
2017-10-26T05:40:08.244+0000: 22.330: Total time for which application threads were stopped: 0.0000280 seconds, Stopping threads took: 0.0000044 seconds
2017-10-26T05:40:08.244+0000: 22.330: Total time for which application threads were stopped: 0.0000279 seconds, Stopping threads took: 0.0000046 seconds
2017-10-26T05:40:08.244+0000: 22.330: Total time for which application threads were stopped: 0.0000293 seconds, Stopping threads took: 0.0000051 seconds
2017-10-26T05:40:08.244+0000: 22.330: Total time for which application threads were stopped: 0.0000278 seconds, Stopping threads took: 0.0000045 seconds
2017-10-26T05:40:08.244+0000: 22.330: Total time for which application threads were stopped: 0.0000275 seconds, Stopping threads took: 0.0000044 seconds
2017-10-26T05:40:08.245+0000: 22.330: Total time for which application threads were stopped: 0.0000276 seconds, Stopping threads took: 0.0000044 seconds
2017-10-26T05:40:08.287+0000: 22.373: Total time for which application threads were stopped: 0.0002156 seconds, Stopping threads took: 0.0000224 seconds
2017-10-26T05:40:09.119+0000: 23.205: Total time for which application threads were stopped: 0.0002292 seconds, Stopping threads took: 0.0000849 seconds
2017-10-26T05:40:09.125+0000: 23.211: Total time for which application threads were stopped: 0.0001448 seconds, Stopping threads took: 0.0000231 seconds
2017-10-26T05:40:09.164+0000: 23.250: Total time for which application threads were stopped: 0.0004808 seconds, Stopping threads took: 0.0000317 seconds
2017-10-26T05:40:09.166+0000: 23.252: Total time for which application threads were stopped: 0.0000663 seconds, Stopping threads took: 0.0000149 seconds
2017-10-26T05:40:09.166+0000: 23.252: Total time for which application threads were stopped: 0.0000462 seconds, Stopping threads took: 0.0000105 seconds
2017-10-26T05:40:09.166+0000: 23.252: Total time for which application threads were stopped: 0.0000442 seconds, Stopping threads took: 0.0000102 seconds
2017-10-26T05:40:09.166+0000: 23.252: Total time for which application threads were stopped: 0.0000440 seconds, Stopping threads took: 0.0000102 seconds
2017-10-26T05:40:09.166+0000: 23.252: Total time for which application threads were stopped: 0.0000447 seconds, Stopping threads took: 0.0000104 seconds
2017-10-26T05:40:09.169+0000: 23.255: Total time for which application threads were stopped: 0.0000406 seconds, Stopping threads took: 0.0000079 seconds
2017-10-26T05:40:09.181+0000: 23.267: Total time for which application threads were stopped: 0.0033676 seconds, Stopping threads took: 0.0032960 seconds
2017-10-26T05:40:09.181+0000: 23.267: Total time for which application threads were stopped: 0.0000472 seconds, Stopping threads took: 0.0000060 seconds
2017-10-26T05:40:09.181+0000: 23.267: Total time for which application threads were stopped: 0.0000369 seconds, Stopping threads took: 0.0000048 seconds
2017-10-26T05:40:09.181+0000: 23.267: Total time for which application threads were stopped: 0.0000366 seconds, Stopping threads took: 0.0000046 seconds
2017-10-26T05:40:09.181+0000: 23.267: Total time for which application threads were stopped: 0.0000365 seconds, Stopping threads took: 0.0000046 seconds
2017-10-26T05:40:10.181+0000: 24.267: Total time for which application threads were stopped: 0.0001445 seconds, Stopping threads took: 0.0000375 seconds
2017-10-26T05:40:55.882+0000: 69.968: Total time for which application threads were stopped: 0.0001343 seconds, Stopping threads took: 0.0000257 seconds
2017-10-26T05:40:55.882+0000: 69.968: Total time for which application threads were stopped: 0.0000344 seconds, Stopping threads took: 0.0000069 seconds
2017-10-26T05:40:55.890+0000: 69.976: Total time for which application threads were stopped: 0.0000674 seconds, Stopping threads took: 0.0000218 seconds
2017-10-26T05:40:55.891+0000: 69.977: Total time for which application threads were stopped: 0.0000445 seconds, Stopping threads took: 0.0000135 seconds
2017-10-26T05:40:55.891+0000: 69.977: Total time for which application threads were stopped: 0.0000392 seconds, Stopping threads took: 0.0000118 seconds
2017-10-26T05:40:55.891+0000: 69.977: Total time for which application threads were stopped: 0.0000376 seconds, Stopping threads took: 0.0000112 seconds
2017-10-26T05:40:55.891+0000: 69.977: Total time for which application threads were stopped: 0.0000373 seconds, Stopping threads took: 0.0000108 seconds
2017-10-26T05:40:55.893+0000: 69.979: Total time for which application threads were stopped: 0.0000447 seconds, Stopping threads took: 0.0000140 seconds
2017-10-26T05:40:55.894+0000: 69.979: Total time for which application threads were stopped: 0.0000441 seconds, Stopping threads took: 0.0000144 seconds
2017-10-26T05:40:55.894+0000: 69.980: Total time for which application threads were stopped: 0.0000381 seconds, Stopping threads took: 0.0000113 seconds
2017-10-26T05:40:55.894+0000: 69.980: Total time for which application threads were stopped: 0.0000428 seconds, Stopping threads took: 0.0000132 seconds
2017-10-26T05:40:55.895+0000: 69.980: Total time for which application threads were stopped: 0.0000406 seconds, Stopping threads took: 0.0000125 seconds
2017-10-26T05:40:55.895+0000: 69.981: Total time for which application threads were stopped: 0.0000423 seconds, Stopping threads took: 0.0000131 seconds
2017-10-26T05:40:55.895+0000: 69.981: Total time for which application threads were stopped: 0.0000390 seconds, Stopping threads took: 0.0000120 seconds
2017-10-26T05:40:55.895+0000: 69.981: Total time for which application threads were stopped: 0.0000370 seconds, Stopping threads took: 0.0000111 seconds
2017-10-26T05:40:55.896+0000: 69.982: Total time for which application threads were stopped: 0.0000438 seconds, Stopping threads took: 0.0000140 seconds
2017-10-26T05:40:55.896+0000: 69.982: Total time for which application threads were stopped: 0.0000382 seconds, Stopping threads took: 0.0000112 seconds
2017-10-26T05:40:55.904+0000: 69.990: Total time for which application threads were stopped: 0.0000684 seconds, Stopping threads took: 0.0000109 seconds
2017-10-26T05:40:55.904+0000: 69.990: Total time for which application threads were stopped: 0.0000400 seconds, Stopping threads took: 0.0000048 seconds
2017-10-26T05:40:55.905+0000: 69.990: Total time for which application threads were stopped: 0.0000380 seconds, Stopping threads took: 0.0000049 seconds
2017-10-26T05:40:55.905+0000: 69.990: Total time for which application threads were stopped: 0.0000440 seconds, Stopping threads took: 0.0000048 seconds
2017-10-26T05:40:55.905+0000: 69.990: Total time for which application threads were stopped: 0.0000389 seconds, Stopping threads took: 0.0000055 seconds
2017-10-26T05:40:55.922+0000: 70.008: Total time for which application threads were stopped: 0.0007737 seconds, Stopping threads took: 0.0006582 seconds
2017-10-26T05:40:55.922+0000: 70.008: Total time for which application threads were stopped: 0.0000438 seconds, Stopping threads took: 0.0000084 seconds
2017-10-26T05:40:55.922+0000: 70.008: Total time for which application threads were stopped: 0.0000500 seconds, Stopping threads took: 0.0000077 seconds
2017-10-26T05:40:55.923+0000: 70.008: Total time for which application threads were stopped: 0.0000735 seconds, Stopping threads took: 0.0000079 seconds
2017-10-26T05:40:55.923+0000: 70.008: Total time for which application threads were stopped: 0.0000317 seconds, Stopping threads took: 0.0000048 seconds
2017-10-26T05:40:55.963+0000: 70.049: Total time for which application threads were stopped: 0.0001041 seconds, Stopping threads took: 0.0000251 seconds
2017-10-26T05:40:55.963+0000: 70.049: Total time for which application threads were stopped: 0.0000338 seconds, Stopping threads took: 0.0000067 seconds
2017-10-26T05:40:55.979+0000: 70.065: Total time for which application threads were stopped: 0.0001127 seconds, Stopping threads took: 0.0000196 seconds
2017-10-26T05:40:55.979+0000: 70.065: Total time for which application threads were stopped: 0.0000410 seconds, Stopping threads took: 0.0000048 seconds
2017-10-26T05:40:55.979+0000: 70.065: Total time for which application threads were stopped: 0.0000368 seconds, Stopping threads took: 0.0000048 seconds
2017-10-26T05:40:55.979+0000: 70.065: Total time for which application threads were stopped: 0.0000361 seconds, Stopping threads took: 0.0000043 seconds
2017-10-26T05:40:55.979+0000: 70.065: Total time for which application threads were stopped: 0.0000735 seconds, Stopping threads took: 0.0000044 seconds
2017-10-26T05:40:55.992+0000: 70.078: Total time for which application threads were stopped: 0.0000907 seconds, Stopping threads took: 0.0000257 seconds
2017-10-26T05:40:55.993+0000: 70.079: Total time for which application threads were stopped: 0.0000403 seconds, Stopping threads took: 0.0000076 seconds
2017-10-26T05:40:55.998+0000: 70.084: Total time for which application threads were stopped: 0.0000455 seconds, Stopping threads took: 0.0000107 seconds
2017-10-26T05:40:55.998+0000: 70.084: Total time for which application threads were stopped: 0.0000278 seconds, Stopping threads took: 0.0000049 seconds
2017-10-26T05:40:55.998+0000: 70.084: Total time for which application threads were stopped: 0.0000265 seconds, Stopping threads took: 0.0000047 seconds
2017-10-26T05:40:55.998+0000: 70.084: Total time for which application threads were stopped: 0.0000259 seconds, Stopping threads took: 0.0000045 seconds
2017-10-26T05:40:55.998+0000: 70.084: Total time for which application threads were stopped: 0.0000386 seconds, Stopping threads took: 0.0000045 seconds
2017-10-26T05:40:56.000+0000: 70.086: Total time for which application threads were stopped: 0.0000357 seconds, Stopping threads took: 0.0000074 seconds
2017-10-26T05:40:56.000+0000: 70.086: Total time for which application threads were stopped: 0.0000946 seconds, Stopping threads took: 0.0000067 seconds
2017-10-26T05:40:56.001+0000: 70.087: Total time for which application threads were stopped: 0.0000731 seconds, Stopping threads took: 0.0000074 seconds
2017-10-26T05:40:56.004+0000: 70.090: Total time for which application threads were stopped: 0.0000487 seconds, Stopping threads took: 0.0000080 seconds
2017-10-26T05:40:56.004+0000: 70.090: Total time for which application threads were stopped: 0.0000356 seconds, Stopping threads took: 0.0000072 seconds
2017-10-26T05:40:56.052+0000: 70.138: Total time for which application threads were stopped: 0.0001201 seconds, Stopping threads took: 0.0000286 seconds
2017-10-26T05:40:56.053+0000: 70.139: Total time for which application threads were stopped: 0.0000368 seconds, Stopping threads took: 0.0000081 seconds
2017-10-26T05:40:56.070+0000: 70.156: Total time for which application threads were stopped: 0.0004131 seconds, Stopping threads took: 0.0000299 seconds
2017-10-26T05:40:56.232+0000: 70.318: Total time for which application threads were stopped: 0.0001695 seconds, Stopping threads took: 0.0000294 seconds
2017-10-26T05:40:56.655+0000: 70.741: Total time for which application threads were stopped: 0.0004871 seconds, Stopping threads took: 0.0000312 seconds
2017-10-26T05:40:56.722+0000: 70.808: Total time for which application threads were stopped: 0.0005569 seconds, Stopping threads took: 0.0000312 seconds
2017-10-26T05:40:56.991+0000: 71.077: Total time for which application threads were stopped: 0.0005836 seconds, Stopping threads took: 0.0000320 seconds
2017-10-26T05:40:57.037+0000: 71.123: Total time for which application threads were stopped: 0.0001396 seconds, Stopping threads took: 0.0000298 seconds
{Heap before GC invocations=2 (full 1):
 par new generation   total 109248K, used 97549K [0x00000000e0000000, 0x00000000e8000000, 0x00000000e8000000)
  eden space 87424K, 100% used [0x00000000e0000000, 0x00000000e5560000, 0x00000000e5560000)
  from space 21824K,  46% used [0x00000000e5560000, 0x00000000e5f43770, 0x00000000e6ab0000)
  to   space 21824K,   0% used [0x00000000e6ab0000, 0x00000000e6ab0000, 0x00000000e8000000)
 concurrent mark-sweep generation total 393216K, used 0K [0x00000000e8000000, 0x0000000100000000, 0x0000000100000000)
 Metaspace       used 25629K, capacity 26226K, committed 26440K, reserved 1073152K
  class space    used 3079K, capacity 3291K, committed 3404K, reserved 1048576K
2017-10-26T05:40:57.056+0000: 71.142: [GC (Allocation Failure) 2017-10-26T05:40:57.056+0000: 71.142: [ParNew
Desired survivor size 20112992 bytes, new threshold 8 (max 8)
- age   1:    6192176 bytes,    6192176 total
- age   2:     587944 bytes,    6780120 total
- age   3:    6227848 bytes,   13007968 total
: 97549K->16014K(109248K), 0.0388075 secs] 97549K->16014K(502464K), 0.0389616 secs] [Times: user=0.04 sys=0.00, real=0.04 secs] 
Heap after GC invocations=3 (full 1):
 par new generation   total 109248K, used 16014K [0x00000000e0000000, 0x00000000e8000000, 0x00000000e8000000)
  eden space 87424K,   0% used [0x00000000e0000000, 0x00000000e0000000, 0x00000000e5560000)
  from space 21824K,  73% used [0x00000000e6ab0000, 0x00000000e7a538e0, 0x00000000e8000000)
  to   space 21824K,   0% used [0x00000000e5560000, 0x00000000e5560000, 0x00000000e6ab0000)
 concurrent mark-sweep generation total 393216K, used 0K [0x00000000e8000000, 0x0000000100000000, 0x0000000100000000)
 Metaspace       used 25629K, capacity 26226K, committed 26440K, reserved 1073152K
  class space    used 3079K, capacity 3291K, committed 3404K, reserved 1048576K
}
2017-10-26T05:40:57.095+0000: 71.181: Total time for which application threads were stopped: 0.0391719 seconds, Stopping threads took: 0.0000218 seconds
2017-10-26T05:40:57.101+0000: 71.187: Total time for which application threads were stopped: 0.0001440 seconds, Stopping threads took: 0.0000414 seconds
2017-10-26T05:40:57.344+0000: 71.430: Total time for which application threads were stopped: 0.0002123 seconds, Stopping threads took: 0.0000328 seconds
2017-10-26T05:40:57.351+0000: 71.436: Total time for which application threads were stopped: 0.0000907 seconds, Stopping threads took: 0.0000172 seconds
{Heap before GC invocations=3 (full 1):
 par new generation   total 109248K, used 103438K [0x00000000e0000000, 0x00000000e8000000, 0x00000000e8000000)
  eden space 87424K, 100% used [0x00000000e0000000, 0x00000000e5560000, 0x00000000e5560000)
  from space 21824K,  73% used [0x00000000e6ab0000, 0x00000000e7a538e0, 0x00000000e8000000)
  to   space 21824K,   0% used [0x00000000e5560000, 0x00000000e5560000, 0x00000000e6ab0000)
 concurrent mark-sweep generation total 393216K, used 0K [0x00000000e8000000, 0x0000000100000000, 0x0000000100000000)
 Metaspace       used 26607K, capacity 27190K, committed 27464K, reserved 1073152K
  class space    used 3201K, capacity 3393K, committed 3404K, reserved 1048576K
2017-10-26T05:40:57.570+0000: 71.656: [GC (Allocation Failure) 2017-10-26T05:40:57.570+0000: 71.656: [ParNew
Desired survivor size 20112992 bytes, new threshold 8 (max 8)
- age   1:    1419904 bytes,    1419904 total
- age   2:    2643496 bytes,    4063400 total
- age   3:     464336 bytes,    4527736 total
- age   4:    6226616 bytes,   10754352 total
: 103438K->15979K(109248K), 0.0352873 secs] 103438K->15979K(502464K), 0.0354315 secs] [Times: user=0.03 sys=0.01, real=0.03 secs] 
Heap after GC invocations=4 (full 1):
 par new generation   total 109248K, used 15979K [0x00000000e0000000, 0x00000000e8000000, 0x00000000e8000000)
  eden space 87424K,   0% used [0x00000000e0000000, 0x00000000e0000000, 0x00000000e5560000)
  from space 21824K,  73% used [0x00000000e5560000, 0x00000000e64fafe0, 0x00000000e6ab0000)
  to   space 21824K,   0% used [0x00000000e6ab0000, 0x00000000e6ab0000, 0x00000000e8000000)
 concurrent mark-sweep generation total 393216K, used 0K [0x00000000e8000000, 0x0000000100000000, 0x0000000100000000)
 Metaspace       used 26607K, capacity 27190K, committed 27464K, reserved 1073152K
  class space    used 3201K, capacity 3393K, committed 3404K, reserved 1048576K
}
2017-10-26T05:40:57.605+0000: 71.691: Total time for which application threads were stopped: 0.0357309 seconds, Stopping threads took: 0.0000394 seconds
2017-10-26T05:40:57.609+0000: 71.695: Total time for which application threads were stopped: 0.0001219 seconds, Stopping threads took: 0.0000235 seconds
2017-10-26T05:40:57.610+0000: 71.696: Total time for which application threads were stopped: 0.0000595 seconds, Stopping threads took: 0.0000078 seconds
2017-10-26T05:40:57.611+0000: 71.696: Total time for which application threads were stopped: 0.0000458 seconds, Stopping threads took: 0.0000052 seconds
2017-10-26T05:40:57.611+0000: 71.696: Total time for which application threads were stopped: 0.0000314 seconds, Stopping threads took: 0.0000051 seconds
2017-10-26T05:40:57.728+0000: 71.813: Total time for which application threads were stopped: 0.0002337 seconds, Stopping threads took: 0.0000377 seconds
2017-10-26T05:40:57.837+0000: 71.923: Total time for which application threads were stopped: 0.0001282 seconds, Stopping threads took: 0.0000288 seconds
2017-10-26T05:40:57.847+0000: 71.933: Total time for which application threads were stopped: 0.0000892 seconds, Stopping threads took: 0.0000196 seconds
2017-10-26T05:40:57.852+0000: 71.938: Total time for which application threads were stopped: 0.0000650 seconds, Stopping threads took: 0.0000160 seconds
2017-10-26T05:40:57.853+0000: 71.939: Total time for which application threads were stopped: 0.0000588 seconds, Stopping threads took: 0.0000139 seconds
2017-10-26T05:40:57.886+0000: 71.972: Total time for which application threads were stopped: 0.0005542 seconds, Stopping threads took: 0.0000257 seconds
2017-10-26T05:40:58.275+0000: 72.361: Total time for which application threads were stopped: 0.0006341 seconds, Stopping threads took: 0.0000335 seconds
2017-10-26T05:40:58.407+0000: 72.493: Total time for which application threads were stopped: 0.0001370 seconds, Stopping threads took: 0.0000392 seconds
2017-10-26T05:40:58.414+0000: 72.500: Total time for which application threads were stopped: 0.0000588 seconds, Stopping threads took: 0.0000178 seconds
{Heap before GC invocations=4 (full 1):
 par new generation   total 109248K, used 103403K [0x00000000e0000000, 0x00000000e8000000, 0x00000000e8000000)
  eden space 87424K, 100% used [0x00000000e0000000, 0x00000000e5560000, 0x00000000e5560000)
  from space 21824K,  73% used [0x00000000e5560000, 0x00000000e64fafe0, 0x00000000e6ab0000)
  to   space 21824K,   0% used [0x00000000e6ab0000, 0x00000000e6ab0000, 0x00000000e8000000)
 concurrent mark-sweep generation total 393216K, used 0K [0x00000000e8000000, 0x0000000100000000, 0x0000000100000000)
 Metaspace       used 30526K, capacity 31212K, committed 31432K, reserved 1077248K
  class space    used 3709K, capacity 3938K, committed 4044K, reserved 1048576K
2017-10-26T05:40:58.615+0000: 72.701: [GC (Allocation Failure) 2017-10-26T05:40:58.616+0000: 72.701: [ParNew
Desired survivor size 20112992 bytes, new threshold 8 (max 8)
- age   1:    4598656 bytes,    4598656 total
- age   2:     335088 bytes,    4933744 total
- age   3:    1966672 bytes,    6900416 total
- age   4:     463488 bytes,    7363904 total
- age   5:    6223672 bytes,   13587576 total
: 103403K->15866K(109248K), 0.0415243 secs] 103403K->15866K(502464K), 0.0416796 secs] [Times: user=0.05 sys=0.00, real=0.04 secs] 
Heap after GC invocations=5 (full 1):
 par new generation   total 109248K, used 15866K [0x00000000e0000000, 0x00000000e8000000, 0x00000000e8000000)
  eden space 87424K,   0% used [0x00000000e0000000, 0x00000000e0000000, 0x00000000e5560000)
  from space 21824K,  72% used [0x00000000e6ab0000, 0x00000000e7a2eae0, 0x00000000e8000000)
  to   space 21824K,   0% used [0x00000000e5560000, 0x00000000e5560000, 0x00000000e6ab0000)
 concurrent mark-sweep generation total 393216K, used 0K [0x00000000e8000000, 0x0000000100000000, 0x0000000100000000)
 Metaspace       used 30526K, capacity 31212K, committed 31432K, reserved 1077248K
  class space    used 3709K, capacity 3938K, committed 4044K, reserved 1048576K
}
2017-10-26T05:40:58.657+0000: 72.743: Total time for which application threads were stopped: 0.0419280 seconds, Stopping threads took: 0.0000365 seconds
2017-10-26T05:40:59.083+0000: 73.169: Total time for which application threads were stopped: 0.0002357 seconds, Stopping threads took: 0.0000313 seconds
2017-10-26T05:40:59.131+0000: 73.217: Total time for which application threads were stopped: 0.0006455 seconds, Stopping threads took: 0.0000348 seconds
2017-10-26T05:40:59.183+0000: 73.269: Total time for which application threads were stopped: 0.0005864 seconds, Stopping threads took: 0.0000324 seconds
2017-10-26T05:40:59.349+0000: 73.434: Total time for which application threads were stopped: 0.0001476 seconds, Stopping threads took: 0.0000335 seconds
2017-10-26T05:40:59.349+0000: 73.435: Total time for which application threads were stopped: 0.0000519 seconds, Stopping threads took: 0.0000071 seconds
2017-10-26T05:40:59.350+0000: 73.436: Total time for which application threads were stopped: 0.0000550 seconds, Stopping threads took: 0.0000152 seconds
2017-10-26T05:40:59.361+0000: 73.447: Total time for which application threads were stopped: 0.0000958 seconds, Stopping threads took: 0.0000226 seconds
2017-10-26T05:40:59.386+0000: 73.472: Total time for which application threads were stopped: 0.0001044 seconds, Stopping threads took: 0.0000270 seconds
2017-10-26T05:41:00.387+0000: 74.472: Total time for which application threads were stopped: 0.0001800 seconds, Stopping threads took: 0.0000595 seconds
2017-10-26T05:41:24.551+0000: 98.637: Total time for which application threads were stopped: 0.0001380 seconds, Stopping threads took: 0.0000460 seconds
2017-10-26T05:41:24.552+0000: 98.637: Total time for which application threads were stopped: 0.0000389 seconds, Stopping threads took: 0.0000074 seconds
2017-10-26T05:41:24.554+0000: 98.640: Total time for which application threads were stopped: 0.0000609 seconds, Stopping threads took: 0.0000231 seconds
2017-10-26T05:41:24.586+0000: 98.672: Total time for which application threads were stopped: 0.0001489 seconds, Stopping threads took: 0.0000311 seconds
2017-10-26T05:41:24.598+0000: 98.684: Total time for which application threads were stopped: 0.0006644 seconds, Stopping threads took: 0.0000260 seconds
2017-10-26T05:41:24.623+0000: 98.709: Total time for which application threads were stopped: 0.0001096 seconds, Stopping threads took: 0.0000233 seconds
2017-10-26T05:41:24.958+0000: 99.044: Total time for which application threads were stopped: 0.0008159 seconds, Stopping threads took: 0.0000342 seconds
2017-10-26T05:41:24.960+0000: 99.046: Total time for which application threads were stopped: 0.0000618 seconds, Stopping threads took: 0.0000151 seconds
2017-10-26T05:41:24.960+0000: 99.046: Total time for which application threads were stopped: 0.0000412 seconds, Stopping threads took: 0.0000119 seconds
2017-10-26T05:41:24.961+0000: 99.046: Total time for which application threads were stopped: 0.0000405 seconds, Stopping threads took: 0.0000117 seconds
2017-10-26T05:41:24.964+0000: 99.050: Total time for which application threads were stopped: 0.0000484 seconds, Stopping threads took: 0.0000161 seconds
2017-10-26T05:41:24.980+0000: 99.066: Total time for which application threads were stopped: 0.0000771 seconds, Stopping threads took: 0.0000234 seconds
2017-10-26T05:41:24.980+0000: 99.066: Total time for which application threads were stopped: 0.0000709 seconds, Stopping threads took: 0.0000116 seconds
2017-10-26T05:41:24.987+0000: 99.073: Total time for which application threads were stopped: 0.0000646 seconds, Stopping threads took: 0.0000223 seconds
2017-10-26T05:41:25.011+0000: 99.097: Total time for which application threads were stopped: 0.0001005 seconds, Stopping threads took: 0.0000309 seconds
2017-10-26T05:41:25.011+0000: 99.097: Total time for which application threads were stopped: 0.0000432 seconds, Stopping threads took: 0.0000107 seconds
2017-10-26T05:41:25.053+0000: 99.138: Total time for which application threads were stopped: 0.0001323 seconds, Stopping threads took: 0.0000321 seconds
2017-10-26T05:41:25.080+0000: 99.165: Total time for which application threads were stopped: 0.0021218 seconds, Stopping threads took: 0.0020312 seconds
2017-10-26T05:41:25.087+0000: 99.173: Total time for which application threads were stopped: 0.0000848 seconds, Stopping threads took: 0.0000272 seconds
2017-10-26T05:41:25.088+0000: 99.174: Total time for which application threads were stopped: 0.0000586 seconds, Stopping threads took: 0.0000181 seconds
2017-10-26T05:41:25.098+0000: 99.184: Total time for which application threads were stopped: 0.0000930 seconds, Stopping threads took: 0.0000189 seconds
2017-10-26T05:41:25.101+0000: 99.187: Total time for which application threads were stopped: 0.0000595 seconds, Stopping threads took: 0.0000252 seconds
2017-10-26T05:41:25.104+0000: 99.189: Total time for which application threads were stopped: 0.0000520 seconds, Stopping threads took: 0.0000162 seconds
2017-10-26T05:41:25.104+0000: 99.190: Total time for which application threads were stopped: 0.0000465 seconds, Stopping threads took: 0.0000141 seconds
2017-10-26T05:41:25.112+0000: 99.197: Total time for which application threads were stopped: 0.0008623 seconds, Stopping threads took: 0.0008194 seconds
2017-10-26T05:41:25.113+0000: 99.199: Total time for which application threads were stopped: 0.0008609 seconds, Stopping threads took: 0.0008249 seconds
2017-10-26T05:41:25.114+0000: 99.200: Total time for which application threads were stopped: 0.0000491 seconds, Stopping threads took: 0.0000076 seconds
2017-10-26T05:41:25.117+0000: 99.203: Total time for which application threads were stopped: 0.0000538 seconds, Stopping threads took: 0.0000182 seconds
2017-10-26T05:41:25.121+0000: 99.206: Total time for which application threads were stopped: 0.0000606 seconds, Stopping threads took: 0.0000167 seconds
2017-10-26T05:41:25.122+0000: 99.207: Total time for which application threads were stopped: 0.0000517 seconds, Stopping threads took: 0.0000150 seconds
2017-10-26T05:41:25.127+0000: 99.213: Total time for which application threads were stopped: 0.0000575 seconds, Stopping threads took: 0.0000203 seconds
2017-10-26T05:41:25.129+0000: 99.215: Total time for which application threads were stopped: 0.0000521 seconds, Stopping threads took: 0.0000159 seconds
2017-10-26T05:41:25.130+0000: 99.216: Total time for which application threads were stopped: 0.0000474 seconds, Stopping threads took: 0.0000153 seconds
2017-10-26T05:41:25.134+0000: 99.220: Total time for which application threads were stopped: 0.0000526 seconds, Stopping threads took: 0.0000186 seconds
2017-10-26T05:41:25.135+0000: 99.221: Total time for which application threads were stopped: 0.0000463 seconds, Stopping threads took: 0.0000140 seconds
2017-10-26T05:41:25.136+0000: 99.222: Total time for which application threads were stopped: 0.0001144 seconds, Stopping threads took: 0.0000168 seconds
2017-10-26T05:41:25.174+0000: 99.260: Total time for which application threads were stopped: 0.0002223 seconds, Stopping threads took: 0.0000347 seconds
{Heap before GC invocations=5 (full 1):
 par new generation   total 109248K, used 103290K [0x00000000e0000000, 0x00000000e8000000, 0x00000000e8000000)
  eden space 87424K, 100% used [0x00000000e0000000, 0x00000000e5560000, 0x00000000e5560000)
  from space 21824K,  72% used [0x00000000e6ab0000, 0x00000000e7a2eae0, 0x00000000e8000000)
  to   space 21824K,   0% used [0x00000000e5560000, 0x00000000e5560000, 0x00000000e6ab0000)
 concurrent mark-sweep generation total 393216K, used 0K [0x00000000e8000000, 0x0000000100000000, 0x0000000100000000)
 Metaspace       used 34605K, capacity 35564K, committed 35784K, reserved 1081344K
  class space    used 4170K, capacity 4434K, committed 4556K, reserved 1048576K
2017-10-26T05:41:25.561+0000: 99.647: [GC (Allocation Failure) 2017-10-26T05:41:25.561+0000: 99.647: [ParNew
Desired survivor size 20112992 bytes, new threshold 8 (max 8)
- age   1:    9974544 bytes,    9974544 total
- age   2:     854536 bytes,   10829080 total
- age   3:     322088 bytes,   11151168 total
- age   4:    1901624 bytes,   13052792 total
- age   5:     457360 bytes,   13510152 total
- age   6:    5937472 bytes,   19447624 total
: 103290K->21824K(109248K), 0.0810992 secs] 103290K->22286K(502464K), 0.0811881 secs] [Times: user=0.08 sys=0.00, real=0.08 secs] 
Heap after GC invocations=6 (full 1):
 par new generation   total 109248K, used 21824K [0x00000000e0000000, 0x00000000e8000000, 0x00000000e8000000)
  eden space 87424K,   0% used [0x00000000e0000000, 0x00000000e0000000, 0x00000000e5560000)
  from space 21824K, 100% used [0x00000000e5560000, 0x00000000e6ab0000, 0x00000000e6ab0000)
  to   space 21824K,   0% used [0x00000000e6ab0000, 0x00000000e6ab0000, 0x00000000e8000000)
 concurrent mark-sweep generation total 393216K, used 462K [0x00000000e8000000, 0x0000000100000000, 0x0000000100000000)
 Metaspace       used 34605K, capacity 35564K, committed 35784K, reserved 1081344K
  class space    used 4170K, capacity 4434K, committed 4556K, reserved 1048576K
}
2017-10-26T05:41:25.642+0000: 99.728: Total time for which application threads were stopped: 0.0815104 seconds, Stopping threads took: 0.0000342 seconds
2017-10-26T05:41:25.645+0000: 99.731: Total time for which application threads were stopped: 0.0006506 seconds, Stopping threads took: 0.0005074 seconds
2017-10-26T05:41:25.645+0000: 99.731: Total time for which application threads were stopped: 0.0000390 seconds, Stopping threads took: 0.0000064 seconds
2017-10-26T05:41:26.651+0000: 100.737: Total time for which application threads were stopped: 0.0052960 seconds, Stopping threads took: 0.0051420 seconds
2017-10-26T05:41:27.664+0000: 101.750: Total time for which application threads were stopped: 0.0128396 seconds, Stopping threads took: 0.0126779 seconds
{Heap before GC invocations=6 (full 1):
 par new generation   total 109248K, used 109248K [0x00000000e0000000, 0x00000000e8000000, 0x00000000e8000000)
  eden space 87424K, 100% used [0x00000000e0000000, 0x00000000e5560000, 0x00000000e5560000)
  from space 21824K, 100% used [0x00000000e5560000, 0x00000000e6ab0000, 0x00000000e6ab0000)
  to   space 21824K,   0% used [0x00000000e6ab0000, 0x00000000e6ab0000, 0x00000000e8000000)
 concurrent mark-sweep generation total 393216K, used 462K [0x00000000e8000000, 0x0000000100000000, 0x0000000100000000)
 Metaspace       used 34945K, capacity 35888K, committed 36040K, reserved 1081344K
  class space    used 4173K, capacity 4434K, committed 4556K, reserved 1048576K
2017-10-26T05:41:28.101+0000: 102.187: [GC (Allocation Failure) 2017-10-26T05:41:28.101+0000: 102.187: [ParNew
Desired survivor size 20112992 bytes, new threshold 8 (max 8)
- age   1:    5523296 bytes,    5523296 total
- age   2:    6005432 bytes,   11528728 total
- age   3:     810864 bytes,   12339592 total
- age   4:     301440 bytes,   12641032 total
- age   5:    1839584 bytes,   14480616 total
- age   6:     391472 bytes,   14872088 total
- age   7:    5042928 bytes,   19915016 total
: 109248K->21824K(109248K), 0.0842141 secs] 109710K->28733K(502464K), 0.0843301 secs] [Times: user=0.08 sys=0.01, real=0.08 secs] 
Heap after GC invocations=7 (full 1):
 par new generation   total 109248K, used 21824K [0x00000000e0000000, 0x00000000e8000000, 0x00000000e8000000)
  eden space 87424K,   0% used [0x00000000e0000000, 0x00000000e0000000, 0x00000000e5560000)
  from space 21824K, 100% used [0x00000000e6ab0000, 0x00000000e8000000, 0x00000000e8000000)
  to   space 21824K,   0% used [0x00000000e5560000, 0x00000000e5560000, 0x00000000e6ab0000)
 concurrent mark-sweep generation total 393216K, used 6909K [0x00000000e8000000, 0x0000000100000000, 0x0000000100000000)
 Metaspace       used 34945K, capacity 35888K, committed 36040K, reserved 1081344K
  class space    used 4173K, capacity 4434K, committed 4556K, reserved 1048576K
}
2017-10-26T05:41:28.185+0000: 102.271: Total time for which application threads were stopped: 0.0846396 seconds, Stopping threads took: 0.0000489 seconds
2017-10-26T05:41:28.192+0000: 102.278: Total time for which application threads were stopped: 0.0014184 seconds, Stopping threads took: 0.0013337 seconds
2017-10-26T05:41:28.197+0000: 102.283: Total time for which application threads were stopped: 0.0000522 seconds, Stopping threads took: 0.0000096 seconds
2017-10-26T05:41:28.198+0000: 102.283: Total time for which application threads were stopped: 0.0000389 seconds, Stopping threads took: 0.0000056 seconds
2017-10-26T05:41:28.198+0000: 102.283: Total time for which application threads were stopped: 0.0000372 seconds, Stopping threads took: 0.0000050 seconds
2017-10-26T05:41:28.198+0000: 102.283: Total time for which application threads were stopped: 0.0000367 seconds, Stopping threads took: 0.0000049 seconds
2017-10-26T05:41:28.198+0000: 102.284: Total time for which application threads were stopped: 0.0000361 seconds, Stopping threads took: 0.0000048 seconds
2017-10-26T05:41:28.198+0000: 102.284: Total time for which application threads were stopped: 0.0000356 seconds, Stopping threads took: 0.0000049 seconds
2017-10-26T05:41:28.198+0000: 102.284: Total time for which application threads were stopped: 0.0000355 seconds, Stopping threads took: 0.0000048 seconds
2017-10-26T05:41:28.198+0000: 102.284: Total time for which application threads were stopped: 0.0000351 seconds, Stopping threads took: 0.0000047 seconds
2017-10-26T05:41:28.198+0000: 102.284: Total time for which application threads were stopped: 0.0000352 seconds, Stopping threads took: 0.0000048 seconds
2017-10-26T05:41:28.198+0000: 102.284: Total time for which application threads were stopped: 0.0000353 seconds, Stopping threads took: 0.0000048 seconds
2017-10-26T05:41:28.198+0000: 102.284: Total time for which application threads were stopped: 0.0000351 seconds, Stopping threads took: 0.0000048 seconds
2017-10-26T05:41:28.198+0000: 102.284: Total time for which application threads were stopped: 0.0000353 seconds, Stopping threads took: 0.0000049 seconds
2017-10-26T05:41:28.198+0000: 102.284: Total time for which application threads were stopped: 0.0000353 seconds, Stopping threads took: 0.0000049 seconds
2017-10-26T05:41:28.198+0000: 102.284: Total time for which application threads were stopped: 0.0001931 seconds, Stopping threads took: 0.0000049 seconds
2017-10-26T05:41:29.201+0000: 103.287: Total time for which application threads were stopped: 0.0022632 seconds, Stopping threads took: 0.0020267 seconds
{Heap before GC invocations=7 (full 1):
 par new generation   total 109248K, used 109248K [0x00000000e0000000, 0x00000000e8000000, 0x00000000e8000000)
  eden space 87424K, 100% used [0x00000000e0000000, 0x00000000e5560000, 0x00000000e5560000)
  from space 21824K, 100% used [0x00000000e6ab0000, 0x00000000e8000000, 0x00000000e8000000)
  to   space 21824K,   0% used [0x00000000e5560000, 0x00000000e5560000, 0x00000000e6ab0000)
 concurrent mark-sweep generation total 393216K, used 6909K [0x00000000e8000000, 0x0000000100000000, 0x0000000100000000)
 Metaspace       used 34967K, capacity 35952K, committed 36296K, reserved 1081344K
  class space    used 4173K, capacity 4434K, committed 4556K, reserved 1048576K
2017-10-26T05:41:29.811+0000: 103.897: [GC (Allocation Failure) 2017-10-26T05:41:29.811+0000: 103.897: [ParNew
Desired survivor size 20112992 bytes, new threshold 8 (max 8)
- age   1:    8179208 bytes,    8179208 total
- age   2:    4278600 bytes,   12457808 total
- age   3:    4770024 bytes,   17227832 total
- age   4:     470744 bytes,   17698576 total
- age   5:     132744 bytes,   17831320 total
- age   6:     353576 bytes,   18184896 total
- age   7:     184376 bytes,   18369272 total
- age   8:    3901496 bytes,   22270768 total
: 109248K->21824K(109248K), 0.0902591 secs] 116157K->38363K(502464K), 0.0904080 secs] [Times: user=0.09 sys=0.00, real=0.09 secs] 
Heap after GC invocations=8 (full 1):
 par new generation   total 109248K, used 21824K [0x00000000e0000000, 0x00000000e8000000, 0x00000000e8000000)
  eden space 87424K,   0% used [0x00000000e0000000, 0x00000000e0000000, 0x00000000e5560000)
  from space 21824K, 100% used [0x00000000e5560000, 0x00000000e6ab0000, 0x00000000e6ab0000)
  to   space 21824K,   0% used [0x00000000e6ab0000, 0x00000000e6ab0000, 0x00000000e8000000)
 concurrent mark-sweep generation total 393216K, used 16539K [0x00000000e8000000, 0x0000000100000000, 0x0000000100000000)
 Metaspace       used 34967K, capacity 35952K, committed 36296K, reserved 1081344K
  class space    used 4173K, capacity 4434K, committed 4556K, reserved 1048576K
}
2017-10-26T05:41:29.902+0000: 103.987: Total time for which application threads were stopped: 0.0907557 seconds, Stopping threads took: 0.0000410 seconds
2017-10-26T05:41:30.913+0000: 104.999: Total time for which application threads were stopped: 0.0022438 seconds, Stopping threads took: 0.0020870 seconds
{Heap before GC invocations=8 (full 1):
 par new generation   total 109248K, used 109248K [0x00000000e0000000, 0x00000000e8000000, 0x00000000e8000000)
  eden space 87424K, 100% used [0x00000000e0000000, 0x00000000e5560000, 0x00000000e5560000)
  from space 21824K, 100% used [0x00000000e5560000, 0x00000000e6ab0000, 0x00000000e6ab0000)
  to   space 21824K,   0% used [0x00000000e6ab0000, 0x00000000e6ab0000, 0x00000000e8000000)
 concurrent mark-sweep generation total 393216K, used 16539K [0x00000000e8000000, 0x0000000100000000, 0x0000000100000000)
 Metaspace       used 34976K, capacity 35952K, committed 36296K, reserved 1081344K
  class space    used 4173K, capacity 4434K, committed 4556K, reserved 1048576K
2017-10-26T05:41:30.990+0000: 105.076: [GC (Allocation Failure) 2017-10-26T05:41:30.990+0000: 105.076: [ParNew
Desired survivor size 20112992 bytes, new threshold 6 (max 8)
- age   1:    6143216 bytes,    6143216 total
- age   2:    5141784 bytes,   11285000 total
- age   3:    4140016 bytes,   15425016 total
- age   4:    4385288 bytes,   19810304 total
- age   5:     270896 bytes,   20081200 total
- age   6:      94880 bytes,   20176080 total
- age   7:     318936 bytes,   20495016 total
- age   8:     179832 bytes,   20674848 total
: 109248K->21824K(109248K), 0.1084437 secs] 125787K->51971K(502464K), 0.1085523 secs] [Times: user=0.10 sys=0.01, real=0.11 secs] 
Heap after GC invocations=9 (full 1):
 par new generation   total 109248K, used 21824K [0x00000000e0000000, 0x00000000e8000000, 0x00000000e8000000)
  eden space 87424K,   0% used [0x00000000e0000000, 0x00000000e0000000, 0x00000000e5560000)
  from space 21824K, 100% used [0x00000000e6ab0000, 0x00000000e8000000, 0x00000000e8000000)
  to   space 21824K,   0% used [0x00000000e5560000, 0x00000000e5560000, 0x00000000e6ab0000)
 concurrent mark-sweep generation total 393216K, used 30147K [0x00000000e8000000, 0x0000000100000000, 0x0000000100000000)
 Metaspace       used 34976K, capacity 35952K, committed 36296K, reserved 1081344K
  class space    used 4173K, capacity 4434K, committed 4556K, reserved 1048576K
}
2017-10-26T05:41:31.099+0000: 105.184: Total time for which application threads were stopped: 0.1087883 seconds, Stopping threads took: 0.0000398 seconds
2017-10-26T05:41:32.106+0000: 106.192: Total time for which application threads were stopped: 0.0021559 seconds, Stopping threads took: 0.0020385 seconds
{Heap before GC invocations=9 (full 1):
 par new generation   total 109248K, used 109248K [0x00000000e0000000, 0x00000000e8000000, 0x00000000e8000000)
  eden space 87424K, 100% used [0x00000000e0000000, 0x00000000e5560000, 0x00000000e5560000)
  from space 21824K, 100% used [0x00000000e6ab0000, 0x00000000e8000000, 0x00000000e8000000)
  to   space 21824K,   0% used [0x00000000e5560000, 0x00000000e5560000, 0x00000000e6ab0000)
 concurrent mark-sweep generation total 393216K, used 30147K [0x00000000e8000000, 0x0000000100000000, 0x0000000100000000)
 Metaspace       used 34978K, capacity 35952K, committed 36296K, reserved 1081344K
  class space    used 4173K, capacity 4434K, committed 4556K, reserved 1048576K
2017-10-26T05:41:32.479+0000: 106.565: [GC (Allocation Failure) 2017-10-26T05:41:32.479+0000: 106.565: [ParNew
Desired survivor size 20112992 bytes, new threshold 5 (max 8)
- age   1:    5126256 bytes,    5126256 total
- age   2:    3101392 bytes,    8227648 total
- age   3:    5054616 bytes,   13282264 total
- age   4:    3905888 bytes,   17188152 total
- age   5:    4073424 bytes,   21261576 total
- age   6:     218232 bytes,   21479808 total
: 109248K->21824K(109248K), 0.0680258 secs] 139395K->63719K(502464K), 0.0681477 secs] [Times: user=0.06 sys=0.01, real=0.06 secs] 
Heap after GC invocations=10 (full 1):
 par new generation   total 109248K, used 21824K [0x00000000e0000000, 0x00000000e8000000, 0x00000000e8000000)
  eden space 87424K,   0% used [0x00000000e0000000, 0x00000000e0000000, 0x00000000e5560000)
  from space 21824K, 100% used [0x00000000e5560000, 0x00000000e6ab0000, 0x00000000e6ab0000)
  to   space 21824K,   0% used [0x00000000e6ab0000, 0x00000000e6ab0000, 0x00000000e8000000)
 concurrent mark-sweep generation total 393216K, used 41895K [0x00000000e8000000, 0x0000000100000000, 0x0000000100000000)
 Metaspace       used 34978K, capacity 35952K, committed 36296K, reserved 1081344K
  class space    used 4173K, capacity 4434K, committed 4556K, reserved 1048576K
}
2017-10-26T05:41:32.547+0000: 106.633: Total time for which application threads were stopped: 0.0683901 seconds, Stopping threads took: 0.0000532 seconds
{Heap before GC invocations=10 (full 1):
 par new generation   total 109248K, used 109248K [0x00000000e0000000, 0x00000000e8000000, 0x00000000e8000000)
  eden space 87424K, 100% used [0x00000000e0000000, 0x00000000e5560000, 0x00000000e5560000)
  from space 21824K, 100% used [0x00000000e5560000, 0x00000000e6ab0000, 0x00000000e6ab0000)
  to   space 21824K,   0% used [0x00000000e6ab0000, 0x00000000e6ab0000, 0x00000000e8000000)
 concurrent mark-sweep generation total 393216K, used 41895K [0x00000000e8000000, 0x0000000100000000, 0x0000000100000000)
 Metaspace       used 34983K, capacity 35952K, committed 36296K, reserved 1081344K
  class space    used 4173K, capacity 4434K, committed 4556K, reserved 1048576K
2017-10-26T05:41:33.292+0000: 107.378: [GC (Allocation Failure) 2017-10-26T05:41:33.292+0000: 107.378: [ParNew
Desired survivor size 20112992 bytes, new threshold 5 (max 8)
- age   1:   11331528 bytes,   11331528 total
- age   2:    1950176 bytes,   13281704 total
- age   3:    2222584 bytes,   15504288 total
- age   4:    2984056 bytes,   18488344 total
- age   5:    2207384 bytes,   20695728 total
: 109248K->21824K(109248K), 0.0810440 secs] 151143K->79810K(502464K), 0.0811725 secs] [Times: user=0.07 sys=0.02, real=0.08 secs] 
Heap after GC invocations=11 (full 1):
 par new generation   total 109248K, used 21824K [0x00000000e0000000, 0x00000000e8000000, 0x00000000e8000000)
  eden space 87424K,   0% used [0x00000000e0000000, 0x00000000e0000000, 0x00000000e5560000)
  from space 21824K, 100% used [0x00000000e6ab0000, 0x00000000e8000000, 0x00000000e8000000)
  to   space 21824K,   0% used [0x00000000e5560000, 0x00000000e5560000, 0x00000000e6ab0000)
 concurrent mark-sweep generation total 393216K, used 57986K [0x00000000e8000000, 0x0000000100000000, 0x0000000100000000)
 Metaspace       used 34983K, capacity 35952K, committed 36296K, reserved 1081344K
  class space    used 4173K, capacity 4434K, committed 4556K, reserved 1048576K
}
2017-10-26T05:41:33.374+0000: 107.459: Total time for which application threads were stopped: 0.0814474 seconds, Stopping threads took: 0.0000410 seconds
{Heap before GC invocations=11 (full 1):
 par new generation   total 109248K, used 109248K [0x00000000e0000000, 0x00000000e8000000, 0x00000000e8000000)
  eden space 87424K, 100% used [0x00000000e0000000, 0x00000000e5560000, 0x00000000e5560000)
  from space 21824K, 100% used [0x00000000e6ab0000, 0x00000000e8000000, 0x00000000e8000000)
  to   space 21824K,   0% used [0x00000000e5560000, 0x00000000e5560000, 0x00000000e6ab0000)
 concurrent mark-sweep generation total 393216K, used 57986K [0x00000000e8000000, 0x0000000100000000, 0x0000000100000000)
 Metaspace       used 34984K, capacity 35952K, committed 36296K, reserved 1081344K
  class space    used 4173K, capacity 4434K, committed 4556K, reserved 1048576K
2017-10-26T05:41:34.036+0000: 108.121: [GC (Allocation Failure) 2017-10-26T05:41:34.036+0000: 108.121: [ParNew
Desired survivor size 20112992 bytes, new threshold 5 (max 8)
- age   1:   11467960 bytes,   11467960 total
- age   2:    5564840 bytes,   17032800 total
- age   3:     782424 bytes,   17815224 total
- age   4:    1029968 bytes,   18845192 total
- age   5:    2353304 bytes,   21198496 total
: 109248K->21824K(109248K), 0.0674522 secs] 167234K->91801K(502464K), 0.0675813 secs] [Times: user=0.06 sys=0.01, real=0.07 secs] 
Heap after GC invocations=12 (full 1):
 par new generation   total 109248K, used 21824K [0x00000000e0000000, 0x00000000e8000000, 0x00000000e8000000)
  eden space 87424K,   0% used [0x00000000e0000000, 0x00000000e0000000, 0x00000000e5560000)
  from space 21824K, 100% used [0x00000000e5560000, 0x00000000e6ab0000, 0x00000000e6ab0000)
  to   space 21824K,   0% used [0x00000000e6ab0000, 0x00000000e6ab0000, 0x00000000e8000000)
 concurrent mark-sweep generation total 393216K, used 69977K [0x00000000e8000000, 0x0000000100000000, 0x0000000100000000)
 Metaspace       used 34984K, capacity 35952K, committed 36296K, reserved 1081344K
  class space    used 4173K, capacity 4434K, committed 4556K, reserved 1048576K
}
2017-10-26T05:41:34.103+0000: 108.189: Total time for which application threads were stopped: 0.0678321 seconds, Stopping threads took: 0.0000497 seconds
{Heap before GC invocations=12 (full 1):
 par new generation   total 109248K, used 109248K [0x00000000e0000000, 0x00000000e8000000, 0x00000000e8000000)
  eden space 87424K, 100% used [0x00000000e0000000, 0x00000000e5560000, 0x00000000e5560000)
  from space 21824K, 100% used [0x00000000e5560000, 0x00000000e6ab0000, 0x00000000e6ab0000)
  to   space 21824K,   0% used [0x00000000e6ab0000, 0x00000000e6ab0000, 0x00000000e8000000)
 concurrent mark-sweep generation total 393216K, used 69977K [0x00000000e8000000, 0x0000000100000000, 0x0000000100000000)
 Metaspace       used 34984K, capacity 35952K, committed 36296K, reserved 1081344K
  class space    used 4173K, capacity 4434K, committed 4556K, reserved 1048576K
2017-10-26T05:41:34.843+0000: 108.929: [GC (Allocation Failure) 2017-10-26T05:41:34.843+0000: 108.929: [ParNew
Desired survivor size 20112992 bytes, new threshold 5 (max 8)
- age   1:    8237736 bytes,    8237736 total
- age   2:    8153688 bytes,   16391424 total
- age   3:    2463440 bytes,   18854864 total
- age   4:     781104 bytes,   19635968 total
- age   5:    1028832 bytes,   20664800 total
: 109248K->21824K(109248K), 0.0573786 secs] 179225K->103637K(502464K), 0.0574924 secs] [Times: user=0.04 sys=0.01, real=0.06 secs] 
Heap after GC invocations=13 (full 1):
 par new generation   total 109248K, used 21824K [0x00000000e0000000, 0x00000000e8000000, 0x00000000e8000000)
  eden space 87424K,   0% used [0x00000000e0000000, 0x00000000e0000000, 0x00000000e5560000)
  from space 21824K, 100% used [0x00000000e6ab0000, 0x00000000e8000000, 0x00000000e8000000)
  to   space 21824K,   0% used [0x00000000e5560000, 0x00000000e5560000, 0x00000000e6ab0000)
 concurrent mark-sweep generation total 393216K, used 81813K [0x00000000e8000000, 0x0000000100000000, 0x0000000100000000)
 Metaspace       used 34984K, capacity 35952K, committed 36296K, reserved 1081344K
  class space    used 4173K, capacity 4434K, committed 4556K, reserved 1048576K
}
2017-10-26T05:41:34.901+0000: 108.986: Total time for which application threads were stopped: 0.0577458 seconds, Stopping threads took: 0.0000427 seconds
{Heap before GC invocations=13 (full 1):
 par new generation   total 109248K, used 109248K [0x00000000e0000000, 0x00000000e8000000, 0x00000000e8000000)
  eden space 87424K, 100% used [0x00000000e0000000, 0x00000000e5560000, 0x00000000e5560000)
  from space 21824K, 100% used [0x00000000e6ab0000, 0x00000000e8000000, 0x00000000e8000000)
  to   space 21824K,   0% used [0x00000000e5560000, 0x00000000e5560000, 0x00000000e6ab0000)
 concurrent mark-sweep generation total 393216K, used 81813K [0x00000000e8000000, 0x0000000100000000, 0x0000000100000000)
 Metaspace       used 34985K, capacity 35952K, committed 36296K, reserved 1081344K
  class space    used 4173K, capacity 4434K, committed 4556K, reserved 1048576K
2017-10-26T05:41:35.676+0000: 109.762: [GC (Allocation Failure) 2017-10-26T05:41:35.676+0000: 109.762: [ParNew
Desired survivor size 20112992 bytes, new threshold 4 (max 8)
- age   1:   10816256 bytes,   10816256 total
- age   2:    4030304 bytes,   14846560 total
- age   3:    4511736 bytes,   19358296 total
- age   4:    2177480 bytes,   21535776 total
- age   5:     631760 bytes,   22167536 total
: 109248K->21824K(109248K), 0.0678619 secs] 191061K->113354K(502464K), 0.0679867 secs] [Times: user=0.06 sys=0.00, real=0.07 secs] 
Heap after GC invocations=14 (full 1):
 par new generation   total 109248K, used 21824K [0x00000000e0000000, 0x00000000e8000000, 0x00000000e8000000)
  eden space 87424K,   0% used [0x00000000e0000000, 0x00000000e0000000, 0x00000000e5560000)
  from space 21824K, 100% used [0x00000000e5560000, 0x00000000e6ab0000, 0x00000000e6ab0000)
  to   space 21824K,   0% used [0x00000000e6ab0000, 0x00000000e6ab0000, 0x00000000e8000000)
 concurrent mark-sweep generation total 393216K, used 91530K [0x00000000e8000000, 0x0000000100000000, 0x0000000100000000)
 Metaspace       used 34985K, capacity 35952K, committed 36296K, reserved 1081344K
  class space    used 4173K, capacity 4434K, committed 4556K, reserved 1048576K
}
2017-10-26T05:41:35.744+0000: 109.830: Total time for which application threads were stopped: 0.0682272 seconds, Stopping threads took: 0.0000417 seconds
{Heap before GC invocations=14 (full 1):
 par new generation   total 109248K, used 109248K [0x00000000e0000000, 0x00000000e8000000, 0x00000000e8000000)
  eden space 87424K, 100% used [0x00000000e0000000, 0x00000000e5560000, 0x00000000e5560000)
  from space 21824K, 100% used [0x00000000e5560000, 0x00000000e6ab0000, 0x00000000e6ab0000)
  to   space 21824K,   0% used [0x00000000e6ab0000, 0x00000000e6ab0000, 0x00000000e8000000)
 concurrent mark-sweep generation total 393216K, used 91530K [0x00000000e8000000, 0x0000000100000000, 0x0000000100000000)
 Metaspace       used 34988K, capacity 35952K, committed 36296K, reserved 1081344K
  class space    used 4173K, capacity 4434K, committed 4556K, reserved 1048576K
2017-10-26T05:41:36.498+0000: 110.584: [GC (Allocation Failure) 2017-10-26T05:41:36.498+0000: 110.584: [ParNew
Desired survivor size 20112992 bytes, new threshold 4 (max 8)
- age   1:   10759240 bytes,   10759240 total
- age   2:    3923920 bytes,   14683160 total
- age   3:    2888392 bytes,   17571552 total
- age   4:    4210440 bytes,   21781992 total
: 109248K->21824K(109248K), 0.0798430 secs] 200778K->126322K(502464K), 0.0799584 secs] [Times: user=0.08 sys=0.00, real=0.08 secs] 
Heap after GC invocations=15 (full 1):
 par new generation   total 109248K, used 21824K [0x00000000e0000000, 0x00000000e8000000, 0x00000000e8000000)
  eden space 87424K,   0% used [0x00000000e0000000, 0x00000000e0000000, 0x00000000e5560000)
  from space 21824K, 100% used [0x00000000e6ab0000, 0x00000000e8000000, 0x00000000e8000000)
  to   space 21824K,   0% used [0x00000000e5560000, 0x00000000e5560000, 0x00000000e6ab0000)
 concurrent mark-sweep generation total 393216K, used 104498K [0x00000000e8000000, 0x0000000100000000, 0x0000000100000000)
 Metaspace       used 34988K, capacity 35952K, committed 36296K, reserved 1081344K
  class space    used 4173K, capacity 4434K, committed 4556K, reserved 1048576K
}
2017-10-26T05:41:36.578+0000: 110.664: Total time for which application threads were stopped: 0.0802063 seconds, Stopping threads took: 0.0000434 seconds
{Heap before GC invocations=15 (full 1):
 par new generation   total 109248K, used 109248K [0x00000000e0000000, 0x00000000e8000000, 0x00000000e8000000)
  eden space 87424K, 100% used [0x00000000e0000000, 0x00000000e5560000, 0x00000000e5560000)
  from space 21824K, 100% used [0x00000000e6ab0000, 0x00000000e8000000, 0x00000000e8000000)
  to   space 21824K,   0% used [0x00000000e5560000, 0x00000000e5560000, 0x00000000e6ab0000)
 concurrent mark-sweep generation total 393216K, used 104498K [0x00000000e8000000, 0x0000000100000000, 0x0000000100000000)
 Metaspace       used 34989K, capacity 35952K, committed 36296K, reserved 1081344K
  class space    used 4173K, capacity 4434K, committed 4556K, reserved 1048576K
2017-10-26T05:41:37.301+0000: 111.387: [GC (Allocation Failure) 2017-10-26T05:41:37.301+0000: 111.387: [ParNew
Desired survivor size 20112992 bytes, new threshold 8 (max 8)
- age   1:    6299528 bytes,    6299528 total
- age   2:    5162496 bytes,   11462024 total
- age   3:    3914248 bytes,   15376272 total
- age   4:    2881248 bytes,   18257520 total
: 109248K->21824K(109248K), 0.0602536 secs] 213746K->141596K(502464K), 0.0603940 secs] [Times: user=0.05 sys=0.01, real=0.06 secs] 
Heap after GC invocations=16 (full 1):
 par new generation   total 109248K, used 21824K [0x00000000e0000000, 0x00000000e8000000, 0x00000000e8000000)
  eden space 87424K,   0% used [0x00000000e0000000, 0x00000000e0000000, 0x00000000e5560000)
  from space 21824K, 100% used [0x00000000e5560000, 0x00000000e6ab0000, 0x00000000e6ab0000)
  to   space 21824K,   0% used [0x00000000e6ab0000, 0x00000000e6ab0000, 0x00000000e8000000)
 concurrent mark-sweep generation total 393216K, used 119772K [0x00000000e8000000, 0x0000000100000000, 0x0000000100000000)
 Metaspace       used 34989K, capacity 35952K, committed 36296K, reserved 1081344K
  class space    used 4173K, capacity 4434K, committed 4556K, reserved 1048576K
}
2017-10-26T05:41:37.362+0000: 111.448: Total time for which application threads were stopped: 0.0606388 seconds, Stopping threads took: 0.0000460 seconds
{Heap before GC invocations=16 (full 1):
 par new generation   total 109248K, used 109248K [0x00000000e0000000, 0x00000000e8000000, 0x00000000e8000000)
  eden space 87424K, 100% used [0x00000000e0000000, 0x00000000e5560000, 0x00000000e5560000)
  from space 21824K, 100% used [0x00000000e5560000, 0x00000000e6ab0000, 0x00000000e6ab0000)
  to   space 21824K,   0% used [0x00000000e6ab0000, 0x00000000e6ab0000, 0x00000000e8000000)
 concurrent mark-sweep generation total 393216K, used 119772K [0x00000000e8000000, 0x0000000100000000, 0x0000000100000000)
 Metaspace       used 34989K, capacity 35952K, committed 36296K, reserved 1081344K
  class space    used 4173K, capacity 4434K, committed 4556K, reserved 1048576K
2017-10-26T05:41:38.094+0000: 112.180: [GC (Allocation Failure) 2017-10-26T05:41:38.094+0000: 112.180: [ParNew
Desired survivor size 20112992 bytes, new threshold 5 (max 8)
- age   1:    7184896 bytes,    7184896 total
- age   2:    3480216 bytes,   10665112 total
- age   3:    4070480 bytes,   14735592 total
- age   4:    3747584 bytes,   18483176 total
- age   5:    2772616 bytes,   21255792 total
: 109248K->21824K(109248K), 0.0734125 secs] 229020K->153026K(502464K), 0.0735346 secs] [Times: user=0.07 sys=0.01, real=0.07 secs] 
Heap after GC invocations=17 (full 1):
 par new generation   total 109248K, used 21824K [0x00000000e0000000, 0x00000000e8000000, 0x00000000e8000000)
  eden space 87424K,   0% used [0x00000000e0000000, 0x00000000e0000000, 0x00000000e5560000)
  from space 21824K, 100% used [0x00000000e6ab0000, 0x00000000e8000000, 0x00000000e8000000)
  to   space 21824K,   0% used [0x00000000e5560000, 0x00000000e5560000, 0x00000000e6ab0000)
 concurrent mark-sweep generation total 393216K, used 131202K [0x00000000e8000000, 0x0000000100000000, 0x0000000100000000)
 Metaspace       used 34989K, capacity 35952K, committed 36296K, reserved 1081344K
  class space    used 4173K, capacity 4434K, committed 4556K, reserved 1048576K
}
2017-10-26T05:41:38.167+0000: 112.253: Total time for which application threads were stopped: 0.0737855 seconds, Stopping threads took: 0.0000444 seconds
{Heap before GC invocations=17 (full 1):
 par new generation   total 109248K, used 109248K [0x00000000e0000000, 0x00000000e8000000, 0x00000000e8000000)
  eden space 87424K, 100% used [0x00000000e0000000, 0x00000000e5560000, 0x00000000e5560000)
  from space 21824K, 100% used [0x00000000e6ab0000, 0x00000000e8000000, 0x00000000e8000000)
  to   space 21824K,   0% used [0x00000000e5560000, 0x00000000e5560000, 0x00000000e6ab0000)
 concurrent mark-sweep generation total 393216K, used 131202K [0x00000000e8000000, 0x0000000100000000, 0x0000000100000000)
 Metaspace       used 34990K, capacity 35952K, committed 36296K, reserved 1081344K
  class space    used 4173K, capacity 4434K, committed 4556K, reserved 1048576K
2017-10-26T05:41:38.846+0000: 112.932: [GC (Allocation Failure) 2017-10-26T05:41:38.846+0000: 112.932: [ParNew
Desired survivor size 20112992 bytes, new threshold 5 (max 8)
- age   1:   11382856 bytes,   11382856 total
- age   2:    2726288 bytes,   14109144 total
- age   3:    2538576 bytes,   16647720 total
- age   4:    3314376 bytes,   19962096 total
- age   5:     568768 bytes,   20530864 total
: 109248K->21824K(109248K), 0.0861335 secs] 240450K->168082K(502464K), 0.0862576 secs] [Times: user=0.08 sys=0.00, real=0.09 secs] 
Heap after GC invocations=18 (full 1):
 par new generation   total 109248K, used 21824K [0x00000000e0000000, 0x00000000e8000000, 0x00000000e8000000)
  eden space 87424K,   0% used [0x00000000e0000000, 0x00000000e0000000, 0x00000000e5560000)
  from space 21824K, 100% used [0x00000000e5560000, 0x00000000e6ab0000, 0x00000000e6ab0000)
  to   space 21824K,   0% used [0x00000000e6ab0000, 0x00000000e6ab0000, 0x00000000e8000000)
 concurrent mark-sweep generation total 393216K, used 146258K [0x00000000e8000000, 0x0000000100000000, 0x0000000100000000)
 Metaspace       used 34990K, capacity 35952K, committed 36296K, reserved 1081344K
  class space    used 4173K, capacity 4434K, committed 4556K, reserved 1048576K
}
2017-10-26T05:41:38.932+0000: 113.018: Total time for which application threads were stopped: 0.0865022 seconds, Stopping threads took: 0.0000423 seconds
{Heap before GC invocations=18 (full 1):
 par new generation   total 109248K, used 109248K [0x00000000e0000000, 0x00000000e8000000, 0x00000000e8000000)
  eden space 87424K, 100% used [0x00000000e0000000, 0x00000000e5560000, 0x00000000e5560000)
  from space 21824K, 100% used [0x00000000e5560000, 0x00000000e6ab0000, 0x00000000e6ab0000)
  to   space 21824K,   0% used [0x00000000e6ab0000, 0x00000000e6ab0000, 0x00000000e8000000)
 concurrent mark-sweep generation total 393216K, used 146258K [0x00000000e8000000, 0x0000000100000000, 0x0000000100000000)
 Metaspace       used 34991K, capacity 35952K, committed 36296K, reserved 1081344K
  class space    used 4173K, capacity 4434K, committed 4556K, reserved 1048576K
2017-10-26T05:41:39.584+0000: 113.670: [GC (Allocation Failure) 2017-10-26T05:41:39.584+0000: 113.670: [ParNew
Desired survivor size 20112992 bytes, new threshold 4 (max 8)
- age   1:   12724584 bytes,   12724584 total
- age   2:    4851432 bytes,   17576016 total
- age   3:    2260984 bytes,   19837000 total
- age   4:    1447656 bytes,   21284656 total
- age   5:     870904 bytes,   22155560 total
: 109248K->21824K(109248K), 0.0781004 secs] 255506K->181551K(502464K), 0.0812097 secs] [Times: user=0.07 sys=0.01, real=0.08 secs] 
Heap after GC invocations=19 (full 1):
 par new generation   total 109248K, used 21824K [0x00000000e0000000, 0x00000000e8000000, 0x00000000e8000000)
  eden space 87424K,   0% used [0x00000000e0000000, 0x00000000e0000000, 0x00000000e5560000)
  from space 21824K, 100% used [0x00000000e6ab0000, 0x00000000e8000000, 0x00000000e8000000)
  to   space 21824K,   0% used [0x00000000e5560000, 0x00000000e5560000, 0x00000000e6ab0000)
 concurrent mark-sweep generation total 393216K, used 159727K [0x00000000e8000000, 0x0000000100000000, 0x0000000100000000)
 Metaspace       used 34991K, capacity 35952K, committed 36296K, reserved 1081344K
  class space    used 4173K, capacity 4434K, committed 4556K, reserved 1048576K
}
2017-10-26T05:41:39.666+0000: 113.752: Total time for which application threads were stopped: 0.0814572 seconds, Stopping threads took: 0.0000426 seconds
2017-10-26T05:41:39.781+0000: 113.867: Total time for which application threads were stopped: 0.0001443 seconds, Stopping threads took: 0.0000235 seconds
2017-10-26T05:41:39.782+0000: 113.868: Total time for which application threads were stopped: 0.0002774 seconds, Stopping threads took: 0.0002402 seconds
2017-10-26T05:41:39.782+0000: 113.868: Total time for which application threads were stopped: 0.0000437 seconds, Stopping threads took: 0.0000126 seconds
2017-10-26T05:41:39.783+0000: 113.868: Total time for which application threads were stopped: 0.0000436 seconds, Stopping threads took: 0.0000131 seconds
2017-10-26T05:41:39.783+0000: 113.869: Total time for which application threads were stopped: 0.0000359 seconds, Stopping threads took: 0.0000102 seconds
2017-10-26T05:41:39.783+0000: 113.869: Total time for which application threads were stopped: 0.0000417 seconds, Stopping threads took: 0.0000126 seconds
2017-10-26T05:41:40.528+0000: 114.613: Total time for which application threads were stopped: 0.0002587 seconds, Stopping threads took: 0.0000461 seconds
2017-10-26T05:41:40.528+0000: 114.614: Total time for which application threads were stopped: 0.0000490 seconds, Stopping threads took: 0.0000147 seconds
2017-10-26T05:41:41.530+0000: 115.616: Total time for which application threads were stopped: 0.0022735 seconds, Stopping threads took: 0.0020235 seconds
2017-10-26T05:41:42.024+0000: 116.110: Total time for which application threads were stopped: 0.0002128 seconds, Stopping threads took: 0.0000419 seconds
2017-10-26T05:41:42.025+0000: 116.111: Total time for which application threads were stopped: 0.0000612 seconds, Stopping threads took: 0.0000136 seconds
2017-10-26T05:41:42.872+0000: 116.957: Total time for which application threads were stopped: 0.0001451 seconds, Stopping threads took: 0.0000341 seconds
2017-10-26T05:41:43.673+0000: 117.759: [GC (CMS Initial Mark) [1 CMS-initial-mark: 159727K(393216K)] 267647K(502464K), 0.0414416 secs] [Times: user=0.04 sys=0.00, real=0.04 secs] 
2017-10-26T05:41:43.714+0000: 117.800: Total time for which application threads were stopped: 0.0477027 seconds, Stopping threads took: 0.0059943 seconds
2017-10-26T05:41:43.717+0000: 117.803: [CMS-concurrent-mark-start]
{Heap before GC invocations=19 (full 2):
 par new generation   total 109248K, used 109248K [0x00000000e0000000, 0x00000000e8000000, 0x00000000e8000000)
  eden space 87424K, 100% used [0x00000000e0000000, 0x00000000e5560000, 0x00000000e5560000)
  from space 21824K, 100% used [0x00000000e6ab0000, 0x00000000e8000000, 0x00000000e8000000)
  to   space 21824K,   0% used [0x00000000e5560000, 0x00000000e5560000, 0x00000000e6ab0000)
 concurrent mark-sweep generation total 393216K, used 159727K [0x00000000e8000000, 0x0000000100000000, 0x0000000100000000)
 Metaspace       used 35601K, capacity 36592K, committed 36808K, reserved 1081344K
  class space    used 4224K, capacity 4498K, committed 4556K, reserved 1048576K
2017-10-26T05:41:43.814+0000: 117.900: [GC (Allocation Failure) 2017-10-26T05:41:43.814+0000: 117.900: [ParNew
Desired survivor size 20112992 bytes, new threshold 8 (max 8)
- age   1:    6286712 bytes,    6286712 total
- age   2:    9225512 bytes,   15512224 total
- age   3:     861088 bytes,   16373312 total
- age   4:     612904 bytes,   16986216 total
: 109248K->21824K(109248K), 0.0924079 secs] 268975K->194375K(502464K), 0.0925314 secs] [Times: user=0.08 sys=0.01, real=0.09 secs] 
Heap after GC invocations=20 (full 2):
 par new generation   total 109248K, used 21824K [0x00000000e0000000, 0x00000000e8000000, 0x00000000e8000000)
  eden space 87424K,   0% used [0x00000000e0000000, 0x00000000e0000000, 0x00000000e5560000)
  from space 21824K, 100% used [0x00000000e5560000, 0x00000000e6ab0000, 0x00000000e6ab0000)
  to   space 21824K,   0% used [0x00000000e6ab0000, 0x00000000e6ab0000, 0x00000000e8000000)
 concurrent mark-sweep generation total 393216K, used 172551K [0x00000000e8000000, 0x0000000100000000, 0x0000000100000000)
 Metaspace       used 35601K, capacity 36592K, committed 36808K, reserved 1081344K
  class space    used 4224K, capacity 4498K, committed 4556K, reserved 1048576K
}
2017-10-26T05:41:43.907+0000: 117.993: Total time for which application threads were stopped: 0.0927601 seconds, Stopping threads took: 0.0000313 seconds
2017-10-26T05:41:43.943+0000: 118.029: [CMS-concurrent-mark: 0.133/0.226 secs] [Times: user=0.22 sys=0.01, real=0.22 secs] 
2017-10-26T05:41:43.943+0000: 118.029: [CMS-concurrent-preclean-start]
2017-10-26T05:41:43.977+0000: 118.063: [CMS-concurrent-preclean: 0.029/0.033 secs] [Times: user=0.03 sys=0.01, real=0.03 secs] 
2017-10-26T05:41:43.983+0000: 118.069: [GC (CMS Final Remark) [YG occupancy: 23579 K (109248 K)]{Heap before GC invocations=20 (full 2):
 par new generation   total 109248K, used 23579K [0x00000000e0000000, 0x00000000e8000000, 0x00000000e8000000)
  eden space 87424K,   2% used [0x00000000e0000000, 0x00000000e01b6fc8, 0x00000000e5560000)
  from space 21824K, 100% used [0x00000000e5560000, 0x00000000e6ab0000, 0x00000000e6ab0000)
  to   space 21824K,   0% used [0x00000000e6ab0000, 0x00000000e6ab0000, 0x00000000e8000000)
 concurrent mark-sweep generation total 393216K, used 172551K [0x00000000e8000000, 0x0000000100000000, 0x0000000100000000)
 Metaspace       used 35601K, capacity 36592K, committed 36808K, reserved 1081344K
  class space    used 4224K, capacity 4498K, committed 4556K, reserved 1048576K
2017-10-26T05:41:43.983+0000: 118.069: [GC (CMS Final Remark) 2017-10-26T05:41:43.983+0000: 118.069: [ParNew
Desired survivor size 20112992 bytes, new threshold 8 (max 8)
- age   1:      52240 bytes,      52240 total
- age   2:    6263320 bytes,    6315560 total
- age   3:    9225512 bytes,   15541072 total
- age   4:     861088 bytes,   16402160 total
- age   5:     612904 bytes,   17015064 total
: 23579K->21824K(109248K), 0.0342528 secs] 196131K->194375K(502464K), 0.0343335 secs] [Times: user=0.04 sys=0.00, real=0.04 secs] 
Heap after GC invocations=21 (full 2):
 par new generation   total 109248K, used 21824K [0x00000000e0000000, 0x00000000e8000000, 0x00000000e8000000)
  eden space 87424K,   0% used [0x00000000e0000000, 0x00000000e0000000, 0x00000000e5560000)
  from space 21824K, 100% used [0x00000000e6ab0000, 0x00000000e8000000, 0x00000000e8000000)
  to   space 21824K,   0% used [0x00000000e5560000, 0x00000000e5560000, 0x00000000e6ab0000)
 concurrent mark-sweep generation total 393216K, used 172551K [0x00000000e8000000, 0x0000000100000000, 0x0000000100000000)
 Metaspace       used 35601K, capacity 36592K, committed 36808K, reserved 1081344K
  class space    used 4224K, capacity 4498K, committed 4556K, reserved 1048576K
}
2017-10-26T05:41:44.018+0000: 118.104: [Rescan (parallel) , 0.0136680 secs]2017-10-26T05:41:44.031+0000: 118.117: [weak refs processing, 0.0112354 secs]2017-10-26T05:41:44.043+0000: 118.129: [class unloading, 0.0085993 secs]2017-10-26T05:41:44.051+0000: 118.137: [scrub symbol table, 0.0092102 secs]2017-10-26T05:41:44.061+0000: 118.146: [scrub string table, 0.0042068 secs][1 CMS-remark: 172551K(393216K)] 194375K(502464K), 0.0831434 secs] [Times: user=0.09 sys=0.00, real=0.08 secs] 
2017-10-26T05:41:44.067+0000: 118.152: Total time for which application threads were stopped: 0.0858179 seconds, Stopping threads took: 0.0025621 seconds
2017-10-26T05:41:44.074+0000: 118.160: [CMS-concurrent-sweep-start]
2017-10-26T05:41:44.149+0000: 118.235: [CMS-concurrent-sweep: 0.075/0.075 secs] [Times: user=0.07 sys=0.00, real=0.08 secs] 
2017-10-26T05:41:44.149+0000: 118.235: [CMS-concurrent-reset-start]
2017-10-26T05:41:44.158+0000: 118.244: [CMS-concurrent-reset: 0.009/0.009 secs] [Times: user=0.01 sys=0.00, real=0.01 secs] 
2017-10-26T05:41:45.089+0000: 119.175: Total time for which application threads were stopped: 0.0085716 seconds, Stopping threads took: 0.0084755 seconds
{Heap before GC invocations=21 (full 2):
 par new generation   total 109248K, used 109248K [0x00000000e0000000, 0x00000000e8000000, 0x00000000e8000000)
  eden space 87424K, 100% used [0x00000000e0000000, 0x00000000e5560000, 0x00000000e5560000)
  from space 21824K, 100% used [0x00000000e6ab0000, 0x00000000e8000000, 0x00000000e8000000)
  to   space 21824K,   0% used [0x00000000e5560000, 0x00000000e5560000, 0x00000000e6ab0000)
 concurrent mark-sweep generation total 393216K, used 145674K [0x00000000e8000000, 0x0000000100000000, 0x0000000100000000)
 Metaspace       used 35601K, capacity 36592K, committed 36808K, reserved 1081344K
  class space    used 4224K, capacity 4498K, committed 4556K, reserved 1048576K
2017-10-26T05:41:45.616+0000: 119.702: [GC (Allocation Failure) 2017-10-26T05:41:45.617+0000: 119.702: [ParNew
Desired survivor size 20112992 bytes, new threshold 8 (max 8)
- age   1:      55800 bytes,      55800 total
- age   2:       3312 bytes,      59112 total
- age   3:    6239928 bytes,    6299040 total
- age   4:    9193912 bytes,   15492952 total
- age   5:     845728 bytes,   16338680 total
- age   6:     597784 bytes,   16936464 total
: 109248K->19787K(109248K), 0.0258033 secs] 254922K->165462K(502464K), 0.0259146 secs] [Times: user=0.03 sys=0.00, real=0.03 secs] 
Heap after GC invocations=22 (full 2):
 par new generation   total 109248K, used 19787K [0x00000000e0000000, 0x00000000e8000000, 0x00000000e8000000)
  eden space 87424K,   0% used [0x00000000e0000000, 0x00000000e0000000, 0x00000000e5560000)
  from space 21824K,  90% used [0x00000000e5560000, 0x00000000e68b2f88, 0x00000000e6ab0000)
  to   space 21824K,   0% used [0x00000000e6ab0000, 0x00000000e6ab0000, 0x00000000e8000000)
 concurrent mark-sweep generation total 393216K, used 145674K [0x00000000e8000000, 0x0000000100000000, 0x0000000100000000)
 Metaspace       used 35601K, capacity 36592K, committed 36808K, reserved 1081344K
  class space    used 4224K, capacity 4498K, committed 4556K, reserved 1048576K
}
2017-10-26T05:41:45.642+0000: 119.728: Total time for which application threads were stopped: 0.0261460 seconds, Stopping threads took: 0.0000404 seconds
2017-10-26T05:41:46.353+0000: 120.439: Total time for which application threads were stopped: 0.0001309 seconds, Stopping threads took: 0.0000352 seconds
2017-10-26T05:41:46.357+0000: 120.443: Total time for which application threads were stopped: 0.0000879 seconds, Stopping threads took: 0.0000239 seconds
2017-10-26T05:41:46.358+0000: 120.444: Total time for which application threads were stopped: 0.0000468 seconds, Stopping threads took: 0.0000141 seconds
2017-10-26T05:41:46.587+0000: 120.673: Total time for which application threads were stopped: 0.0001214 seconds, Stopping threads took: 0.0000291 seconds
2017-10-26T05:41:46.587+0000: 120.673: Total time for which application threads were stopped: 0.0000366 seconds, Stopping threads took: 0.0000068 seconds
2017-10-26T05:41:46.590+0000: 120.676: Total time for which application threads were stopped: 0.0000503 seconds, Stopping threads took: 0.0000167 seconds
2017-10-26T05:41:46.591+0000: 120.677: Total time for which application threads were stopped: 0.0000501 seconds, Stopping threads took: 0.0000151 seconds
2017-10-26T05:41:46.604+0000: 120.690: Total time for which application threads were stopped: 0.0010807 seconds, Stopping threads took: 0.0000390 seconds
2017-10-26T05:41:46.606+0000: 120.691: Total time for which application threads were stopped: 0.0000605 seconds, Stopping threads took: 0.0000162 seconds
2017-10-26T05:41:46.629+0000: 120.715: Total time for which application threads were stopped: 0.0009444 seconds, Stopping threads took: 0.0000372 seconds
2017-10-26T05:41:46.694+0000: 120.780: Total time for which application threads were stopped: 0.0003906 seconds, Stopping threads took: 0.0000510 seconds
2017-10-26T05:41:46.703+0000: 120.789: Total time for which application threads were stopped: 0.0001202 seconds, Stopping threads took: 0.0000334 seconds
2017-10-26T05:41:46.703+0000: 120.789: Total time for which application threads were stopped: 0.0000610 seconds, Stopping threads took: 0.0000260 seconds
2017-10-26T05:41:46.703+0000: 120.789: Total time for which application threads were stopped: 0.0000457 seconds, Stopping threads took: 0.0000132 seconds
2017-10-26T05:41:46.703+0000: 120.789: Total time for which application threads were stopped: 0.0000378 seconds, Stopping threads took: 0.0000097 seconds
2017-10-26T05:41:46.704+0000: 120.790: Total time for which application threads were stopped: 0.0000445 seconds, Stopping threads took: 0.0000132 seconds
2017-10-26T05:41:46.705+0000: 120.790: Total time for which application threads were stopped: 0.0000443 seconds, Stopping threads took: 0.0000144 seconds
2017-10-26T05:41:46.753+0000: 120.839: Total time for which application threads were stopped: 0.0001224 seconds, Stopping threads took: 0.0000254 seconds
2017-10-26T05:41:47.753+0000: 121.839: Total time for which application threads were stopped: 0.0001708 seconds, Stopping threads took: 0.0000382 seconds
2017-10-26T05:41:55.999+0000: 130.085: Total time for which application threads were stopped: 0.0001310 seconds, Stopping threads took: 0.0000342 seconds
2017-10-26T05:41:58.999+0000: 133.085: Total time for which application threads were stopped: 0.0001417 seconds, Stopping threads took: 0.0000416 seconds
2017-10-26T05:42:00.013+0000: 134.099: Total time for which application threads were stopped: 0.0001059 seconds, Stopping threads took: 0.0000279 seconds
2017-10-26T05:42:00.014+0000: 134.099: Total time for which application threads were stopped: 0.0000553 seconds, Stopping threads took: 0.0000199 seconds
2017-10-26T05:42:00.014+0000: 134.099: Total time for which application threads were stopped: 0.0000439 seconds, Stopping threads took: 0.0000103 seconds
2017-10-26T05:42:00.014+0000: 134.100: Total time for which application threads were stopped: 0.0000433 seconds, Stopping threads took: 0.0000097 seconds
2017-10-26T05:42:00.014+0000: 134.100: Total time for which application threads were stopped: 0.0000435 seconds, Stopping threads took: 0.0000100 seconds
2017-10-26T05:42:00.021+0000: 134.107: Total time for which application threads were stopped: 0.0000510 seconds, Stopping threads took: 0.0000113 seconds
2017-10-26T05:42:00.021+0000: 134.107: Total time for which application threads were stopped: 0.0000291 seconds, Stopping threads took: 0.0000050 seconds
2017-10-26T05:42:00.021+0000: 134.107: Total time for which application threads were stopped: 0.0000278 seconds, Stopping threads took: 0.0000049 seconds
2017-10-26T05:42:00.021+0000: 134.107: Total time for which application threads were stopped: 0.0000277 seconds, Stopping threads took: 0.0000049 seconds
2017-10-26T05:42:00.021+0000: 134.107: Total time for which application threads were stopped: 0.0000272 seconds, Stopping threads took: 0.0000047 seconds
2017-10-26T05:42:04.109+0000: 138.195: Total time for which application threads were stopped: 0.0008129 seconds, Stopping threads took: 0.0000369 seconds
2017-10-26T05:42:04.114+0000: 138.200: Total time for which application threads were stopped: 0.0002820 seconds, Stopping threads took: 0.0000168 seconds
2017-10-26T05:42:05.114+0000: 139.200: Total time for which application threads were stopped: 0.0001527 seconds, Stopping threads took: 0.0000370 seconds
2017-10-26T05:42:09.115+0000: 143.201: Total time for which application threads were stopped: 0.0001059 seconds, Stopping threads took: 0.0000274 seconds
2017-10-26T05:42:09.160+0000: 143.246: Total time for which application threads were stopped: 0.0001316 seconds, Stopping threads took: 0.0000299 seconds
2017-10-26T05:42:10.160+0000: 144.246: Total time for which application threads were stopped: 0.0001611 seconds, Stopping threads took: 0.0000376 seconds
2017-10-26T05:43:00.022+0000: 194.108: Total time for which application threads were stopped: 0.0001852 seconds, Stopping threads took: 0.0000726 seconds
2017-10-26T05:46:00.004+0000: 374.090: Total time for which application threads were stopped: 0.0003545 seconds, Stopping threads took: 0.0000611 seconds
2017-10-26T05:46:04.151+0000: 378.237: Total time for which application threads were stopped: 0.0001352 seconds, Stopping threads took: 0.0000348 seconds
2017-10-26T06:15:47.342+0000: 2161.428: Total time for which application threads were stopped: 0.0001677 seconds, Stopping threads took: 0.0000650 seconds
2017-10-26T06:47:47.557+0000: 4081.643: Total time for which application threads were stopped: 0.0001844 seconds, Stopping threads took: 0.0000777 seconds
2017-10-26T07:23:48.796+0000: 6242.882: Total time for which application threads were stopped: 0.0001849 seconds, Stopping threads took: 0.0000820 seconds
2017-10-26T07:31:47.850+0000: 6721.935: Total time for which application threads were stopped: 0.0001820 seconds, Stopping threads took: 0.0000783 seconds
2017-10-26T07:37:17.885+0000: 7051.971: Total time for which application threads were stopped: 0.0001765 seconds, Stopping threads took: 0.0000745 seconds
2017-10-26T07:39:17.898+0000: 7171.984: Total time for which application threads were stopped: 0.0001719 seconds, Stopping threads took: 0.0000613 seconds
2017-10-26T08:02:19.052+0000: 8553.138: Total time for which application threads were stopped: 0.0001821 seconds, Stopping threads took: 0.0000639 seconds
2017-10-26T08:44:48.332+0000: 11102.417: Total time for which application threads were stopped: 0.0001947 seconds, Stopping threads took: 0.0000796 seconds
2017-10-26T12:26:00.797+0000: 24374.883: Total time for which application threads were stopped: 0.0001851 seconds, Stopping threads took: 0.0000740 seconds
2017-10-26T12:26:18.799+0000: 24392.885: Total time for which application threads were stopped: 0.0001721 seconds, Stopping threads took: 0.0000630 seconds
2017-10-26T14:31:29.601+0000: 31903.687: Total time for which application threads were stopped: 0.0002203 seconds, Stopping threads took: 0.0000638 seconds
2017-10-26T14:32:19.607+0000: 31953.693: Total time for which application threads were stopped: 0.0001950 seconds, Stopping threads took: 0.0000858 seconds
2017-10-26T16:26:56.298+0000: 38830.384: Total time for which application threads were stopped: 0.0001645 seconds, Stopping threads took: 0.0000464 seconds
2017-10-26T16:26:56.299+0000: 38830.384: Total time for which application threads were stopped: 0.0000391 seconds, Stopping threads took: 0.0000070 seconds
2017-10-26T16:26:56.307+0000: 38830.392: Total time for which application threads were stopped: 0.0000429 seconds, Stopping threads took: 0.0000082 seconds
2017-10-26T16:26:56.307+0000: 38830.393: Total time for which application threads were stopped: 0.0000377 seconds, Stopping threads took: 0.0000069 seconds
2017-10-26T16:26:56.320+0000: 38830.406: Total time for which application threads were stopped: 0.0000641 seconds, Stopping threads took: 0.0000183 seconds
2017-10-26T16:26:56.320+0000: 38830.406: Total time for which application threads were stopped: 0.0000389 seconds, Stopping threads took: 0.0000071 seconds
2017-10-26T16:26:56.323+0000: 38830.409: Total time for which application threads were stopped: 0.0000990 seconds, Stopping threads took: 0.0000620 seconds
2017-10-26T16:26:56.323+0000: 38830.409: Total time for which application threads were stopped: 0.0000384 seconds, Stopping threads took: 0.0000069 seconds
2017-10-26T16:26:56.332+0000: 38830.418: Total time for which application threads were stopped: 0.0032511 seconds, Stopping threads took: 0.0032093 seconds
2017-10-26T16:26:56.335+0000: 38830.421: Total time for which application threads were stopped: 0.0000457 seconds, Stopping threads took: 0.0000080 seconds
2017-10-26T16:26:56.335+0000: 38830.421: Total time for which application threads were stopped: 0.0000436 seconds, Stopping threads took: 0.0000070 seconds
2017-10-26T16:26:57.335+0000: 38831.421: Total time for which application threads were stopped: 0.0002016 seconds, Stopping threads took: 0.0000380 seconds
2017-10-26T16:27:00.393+0000: 38834.479: Total time for which application threads were stopped: 0.0001809 seconds, Stopping threads took: 0.0000481 seconds
2017-10-26T16:27:00.395+0000: 38834.481: Total time for which application threads were stopped: 0.0000723 seconds, Stopping threads took: 0.0000152 seconds
2017-10-26T16:27:02.897+0000: 38836.982: Total time for which application threads were stopped: 0.0001896 seconds, Stopping threads took: 0.0000336 seconds
2017-10-26T16:27:02.900+0000: 38836.986: Total time for which application threads were stopped: 0.0000566 seconds, Stopping threads took: 0.0000109 seconds
2017-10-26T16:27:04.454+0000: 38838.540: Total time for which application threads were stopped: 0.0001678 seconds, Stopping threads took: 0.0000338 seconds
2017-10-26T16:27:04.455+0000: 38838.541: Total time for which application threads were stopped: 0.0000485 seconds, Stopping threads took: 0.0000079 seconds
2017-10-26T16:27:04.457+0000: 38838.543: Total time for which application threads were stopped: 0.0000672 seconds, Stopping threads took: 0.0000278 seconds
2017-10-26T16:27:04.458+0000: 38838.544: Total time for which application threads were stopped: 0.0002101 seconds, Stopping threads took: 0.0000101 seconds
2017-10-26T16:27:04.570+0000: 38838.656: Total time for which application threads were stopped: 0.0001969 seconds, Stopping threads took: 0.0000382 seconds
2017-10-26T16:27:04.575+0000: 38838.661: Total time for which application threads were stopped: 0.0001108 seconds, Stopping threads took: 0.0000225 seconds
2017-10-26T16:27:04.575+0000: 38838.661: Total time for which application threads were stopped: 0.0000435 seconds, Stopping threads took: 0.0000079 seconds
2017-10-26T16:27:04.577+0000: 38838.663: Total time for which application threads were stopped: 0.0000628 seconds, Stopping threads took: 0.0000125 seconds
2017-10-26T16:27:04.577+0000: 38838.663: Total time for which application threads were stopped: 0.0000438 seconds, Stopping threads took: 0.0000080 seconds
2017-10-26T16:27:05.578+0000: 38839.664: Total time for which application threads were stopped: 0.0002057 seconds, Stopping threads took: 0.0000447 seconds
2017-10-26T16:27:06.578+0000: 38840.664: Total time for which application threads were stopped: 0.0001413 seconds, Stopping threads took: 0.0000320 seconds
2017-10-26T16:27:06.741+0000: 38840.827: Total time for which application threads were stopped: 0.0001487 seconds, Stopping threads took: 0.0000361 seconds
2017-10-26T16:27:06.741+0000: 38840.827: Total time for which application threads were stopped: 0.0000462 seconds, Stopping threads took: 0.0000123 seconds
2017-10-26T16:27:06.741+0000: 38840.827: Total time for which application threads were stopped: 0.0000444 seconds, Stopping threads took: 0.0000117 seconds
2017-10-26T16:27:06.741+0000: 38840.827: Total time for which application threads were stopped: 0.0000435 seconds, Stopping threads took: 0.0000111 seconds
2017-10-26T16:27:06.741+0000: 38840.827: Total time for which application threads were stopped: 0.0001232 seconds, Stopping threads took: 0.0000116 seconds
2017-10-26T16:27:06.747+0000: 38840.833: Total time for which application threads were stopped: 0.0000622 seconds, Stopping threads took: 0.0000150 seconds
2017-10-26T16:27:06.747+0000: 38840.833: Total time for which application threads were stopped: 0.0000607 seconds, Stopping threads took: 0.0000200 seconds
2017-10-26T16:27:06.747+0000: 38840.833: Total time for which application threads were stopped: 0.0000517 seconds, Stopping threads took: 0.0000112 seconds
2017-10-26T16:27:06.747+0000: 38840.833: Total time for which application threads were stopped: 0.0000487 seconds, Stopping threads took: 0.0000098 seconds
2017-10-26T16:27:06.747+0000: 38840.833: Total time for which application threads were stopped: 0.0000483 seconds, Stopping threads took: 0.0000099 seconds
2017-10-26T16:27:06.753+0000: 38840.838: Total time for which application threads were stopped: 0.0000504 seconds, Stopping threads took: 0.0000088 seconds
2017-10-26T16:27:06.753+0000: 38840.838: Total time for which application threads were stopped: 0.0000328 seconds, Stopping threads took: 0.0000048 seconds
2017-10-26T16:27:06.753+0000: 38840.839: Total time for which application threads were stopped: 0.0000315 seconds, Stopping threads took: 0.0000047 seconds
2017-10-26T16:27:06.753+0000: 38840.839: Total time for which application threads were stopped: 0.0000409 seconds, Stopping threads took: 0.0000128 seconds
2017-10-26T16:27:06.753+0000: 38840.839: Total time for which application threads were stopped: 0.0000313 seconds, Stopping threads took: 0.0000044 seconds
2017-10-26T16:27:07.753+0000: 38841.839: Total time for which application threads were stopped: 0.0001687 seconds, Stopping threads took: 0.0000503 seconds
2017-10-26T16:27:18.755+0000: 38852.840: Total time for which application threads were stopped: 0.0001515 seconds, Stopping threads took: 0.0000359 seconds
2017-10-26T16:28:06.753+0000: 38900.839: Total time for which application threads were stopped: 0.0001850 seconds, Stopping threads took: 0.0000621 seconds
2017-10-26T16:28:56.760+0000: 38950.845: Total time for which application threads were stopped: 0.0002075 seconds, Stopping threads took: 0.0000709 seconds
2017-10-26T16:29:06.777+0000: 38960.862: Total time for which application threads were stopped: 0.0001800 seconds, Stopping threads took: 0.0000591 seconds
2017-10-26T16:29:06.842+0000: 38960.928: Total time for which application threads were stopped: 0.0001642 seconds, Stopping threads took: 0.0000306 seconds
2017-10-26T17:01:48.056+0000: 40922.142: Total time for which application threads were stopped: 0.0002938 seconds, Stopping threads took: 0.0000822 seconds
2017-10-26T19:55:07.172+0000: 51321.258: Total time for which application threads were stopped: 0.0001825 seconds, Stopping threads took: 0.0000671 seconds
2017-10-27T01:02:08.436+0000: 69742.522: Total time for which application threads were stopped: 0.0002274 seconds, Stopping threads took: 0.0000543 seconds
2017-10-27T01:02:08.437+0000: 69742.523: Total time for which application threads were stopped: 0.0000407 seconds, Stopping threads took: 0.0000073 seconds
2017-10-27T01:02:08.438+0000: 69742.524: Total time for which application threads were stopped: 0.0000426 seconds, Stopping threads took: 0.0000075 seconds
2017-10-27T01:02:08.438+0000: 69742.524: Total time for which application threads were stopped: 0.0000383 seconds, Stopping threads took: 0.0000072 seconds
2017-10-27T01:02:08.444+0000: 69742.530: Total time for which application threads were stopped: 0.0009290 seconds, Stopping threads took: 0.0008639 seconds
2017-10-27T01:02:08.444+0000: 69742.530: Total time for which application threads were stopped: 0.0000447 seconds, Stopping threads took: 0.0000078 seconds
2017-10-27T01:02:08.450+0000: 69742.536: Total time for which application threads were stopped: 0.0014540 seconds, Stopping threads took: 0.0014006 seconds
2017-10-27T01:02:08.450+0000: 69742.536: Total time for which application threads were stopped: 0.0000653 seconds, Stopping threads took: 0.0000067 seconds
2017-10-27T01:02:08.458+0000: 69742.543: Total time for which application threads were stopped: 0.0000623 seconds, Stopping threads took: 0.0000190 seconds
2017-10-27T01:02:08.458+0000: 69742.544: Total time for which application threads were stopped: 0.0000398 seconds, Stopping threads took: 0.0000071 seconds
2017-10-27T01:02:08.458+0000: 69742.544: Total time for which application threads were stopped: 0.0000561 seconds, Stopping threads took: 0.0000214 seconds
2017-10-27T01:02:08.458+0000: 69742.544: Total time for which application threads were stopped: 0.0000377 seconds, Stopping threads took: 0.0000067 seconds
2017-10-27T01:02:08.659+0000: 69742.745: Total time for which application threads were stopped: 0.0002338 seconds, Stopping threads took: 0.0000359 seconds
2017-10-27T01:02:08.660+0000: 69742.746: Total time for which application threads were stopped: 0.0000488 seconds, Stopping threads took: 0.0000085 seconds
2017-10-27T01:02:08.661+0000: 69742.747: Total time for which application threads were stopped: 0.0001087 seconds, Stopping threads took: 0.0000077 seconds
2017-10-27T01:02:08.684+0000: 69742.770: Total time for which application threads were stopped: 0.0001063 seconds, Stopping threads took: 0.0000210 seconds
2017-10-27T01:02:08.685+0000: 69742.771: Total time for which application threads were stopped: 0.0000551 seconds, Stopping threads took: 0.0000076 seconds
2017-10-27T01:02:08.706+0000: 69742.792: Total time for which application threads were stopped: 0.0001374 seconds, Stopping threads took: 0.0000243 seconds
2017-10-27T01:02:08.707+0000: 69742.793: Total time for which application threads were stopped: 0.0002222 seconds, Stopping threads took: 0.0000085 seconds
2017-10-27T01:02:08.777+0000: 69742.863: Total time for which application threads were stopped: 0.0001607 seconds, Stopping threads took: 0.0000371 seconds
2017-10-27T01:02:08.805+0000: 69742.890: Total time for which application threads were stopped: 0.0000687 seconds, Stopping threads took: 0.0000114 seconds
2017-10-27T01:02:08.805+0000: 69742.891: Total time for which application threads were stopped: 0.0000496 seconds, Stopping threads took: 0.0000078 seconds
2017-10-27T01:02:08.807+0000: 69742.893: Total time for which application threads were stopped: 0.0000470 seconds, Stopping threads took: 0.0000085 seconds
2017-10-27T01:02:08.807+0000: 69742.893: Total time for which application threads were stopped: 0.0000463 seconds, Stopping threads took: 0.0000077 seconds
2017-10-27T01:02:08.810+0000: 69742.896: Total time for which application threads were stopped: 0.0000463 seconds, Stopping threads took: 0.0000079 seconds
2017-10-27T01:02:08.810+0000: 69742.896: Total time for which application threads were stopped: 0.0000563 seconds, Stopping threads took: 0.0000080 seconds
2017-10-27T01:02:09.810+0000: 69743.896: Total time for which application threads were stopped: 0.0001630 seconds, Stopping threads took: 0.0000257 seconds
2017-10-27T01:02:10.347+0000: 69744.433: Total time for which application threads were stopped: 0.0001855 seconds, Stopping threads took: 0.0000409 seconds
2017-10-27T01:02:10.348+0000: 69744.434: Total time for which application threads were stopped: 0.0000575 seconds, Stopping threads took: 0.0000141 seconds
2017-10-27T01:02:10.348+0000: 69744.434: Total time for which application threads were stopped: 0.0000499 seconds, Stopping threads took: 0.0000120 seconds
2017-10-27T01:02:10.348+0000: 69744.434: Total time for which application threads were stopped: 0.0000494 seconds, Stopping threads took: 0.0000118 seconds
2017-10-27T01:02:10.348+0000: 69744.434: Total time for which application threads were stopped: 0.0000481 seconds, Stopping threads took: 0.0000114 seconds
2017-10-27T01:02:10.348+0000: 69744.434: Total time for which application threads were stopped: 0.0000477 seconds, Stopping threads took: 0.0000112 seconds
2017-10-27T01:02:10.348+0000: 69744.434: Total time for which application threads were stopped: 0.0000478 seconds, Stopping threads took: 0.0000114 seconds
2017-10-27T01:02:10.349+0000: 69744.434: Total time for which application threads were stopped: 0.0000589 seconds, Stopping threads took: 0.0000114 seconds
2017-10-27T01:02:10.349+0000: 69744.434: Total time for which application threads were stopped: 0.0000481 seconds, Stopping threads took: 0.0000114 seconds
2017-10-27T01:02:10.353+0000: 69744.438: Total time for which application threads were stopped: 0.0000715 seconds, Stopping threads took: 0.0000215 seconds
2017-10-27T01:02:10.353+0000: 69744.439: Total time for which application threads were stopped: 0.0000620 seconds, Stopping threads took: 0.0000190 seconds
2017-10-27T01:02:10.355+0000: 69744.441: Total time for which application threads were stopped: 0.0000782 seconds, Stopping threads took: 0.0000230 seconds
2017-10-27T01:02:10.355+0000: 69744.441: Total time for which application threads were stopped: 0.0000528 seconds, Stopping threads took: 0.0000103 seconds
2017-10-27T01:02:10.355+0000: 69744.441: Total time for which application threads were stopped: 0.0000686 seconds, Stopping threads took: 0.0000097 seconds
2017-10-27T01:02:10.355+0000: 69744.441: Total time for which application threads were stopped: 0.0000547 seconds, Stopping threads took: 0.0000113 seconds
2017-10-27T01:02:10.356+0000: 69744.441: Total time for which application threads were stopped: 0.0000507 seconds, Stopping threads took: 0.0000098 seconds
2017-10-27T01:02:10.368+0000: 69744.453: Total time for which application threads were stopped: 0.0000965 seconds, Stopping threads took: 0.0000200 seconds
2017-10-27T01:02:10.368+0000: 69744.453: Total time for which application threads were stopped: 0.0000345 seconds, Stopping threads took: 0.0000051 seconds
2017-10-27T01:02:10.368+0000: 69744.453: Total time for which application threads were stopped: 0.0000328 seconds, Stopping threads took: 0.0000047 seconds
2017-10-27T01:02:10.368+0000: 69744.454: Total time for which application threads were stopped: 0.0000317 seconds, Stopping threads took: 0.0000043 seconds
2017-10-27T01:02:10.368+0000: 69744.454: Total time for which application threads were stopped: 0.0000323 seconds, Stopping threads took: 0.0000044 seconds
2017-10-27T01:02:11.368+0000: 69745.454: Total time for which application threads were stopped: 0.0001616 seconds, Stopping threads took: 0.0000424 seconds
2017-10-27T01:03:10.368+0000: 69804.454: Total time for which application threads were stopped: 0.0001883 seconds, Stopping threads took: 0.0000609 seconds
2017-10-27T01:04:10.417+0000: 69864.503: Total time for which application threads were stopped: 0.0002236 seconds, Stopping threads took: 0.0000938 seconds
2017-10-27T02:46:11.084+0000: 75985.169: Total time for which application threads were stopped: 0.0001870 seconds, Stopping threads took: 0.0000648 seconds
2017-10-27T18:58:59.249+0000: 134353.335: Total time for which application threads were stopped: 0.0001732 seconds, Stopping threads took: 0.0000419 seconds
2017-10-27T20:32:35.772+0000: 139969.858: Total time for which application threads were stopped: 0.0001665 seconds, Stopping threads took: 0.0000514 seconds
2017-10-27T20:32:35.772+0000: 139969.858: Total time for which application threads were stopped: 0.0000426 seconds, Stopping threads took: 0.0000074 seconds
2017-10-27T20:32:35.784+0000: 139969.870: Total time for which application threads were stopped: 0.0016131 seconds, Stopping threads took: 0.0015065 seconds
2017-10-27T20:32:35.785+0000: 139969.870: Total time for which application threads were stopped: 0.0000489 seconds, Stopping threads took: 0.0000076 seconds
2017-10-27T20:32:35.790+0000: 139969.876: Total time for which application threads were stopped: 0.0017685 seconds, Stopping threads took: 0.0017203 seconds
2017-10-27T20:32:35.790+0000: 139969.876: Total time for which application threads were stopped: 0.0000433 seconds, Stopping threads took: 0.0000076 seconds
2017-10-27T20:32:35.791+0000: 139969.877: Total time for which application threads were stopped: 0.0000680 seconds, Stopping threads took: 0.0000324 seconds
2017-10-27T20:32:35.791+0000: 139969.877: Total time for which application threads were stopped: 0.0000368 seconds, Stopping threads took: 0.0000056 seconds
2017-10-27T20:32:35.791+0000: 139969.877: Total time for which application threads were stopped: 0.0000357 seconds, Stopping threads took: 0.0000053 seconds
2017-10-27T20:32:35.791+0000: 139969.877: Total time for which application threads were stopped: 0.0000452 seconds, Stopping threads took: 0.0000067 seconds
2017-10-27T20:32:36.048+0000: 139970.133: Total time for which application threads were stopped: 0.0001589 seconds, Stopping threads took: 0.0000314 seconds
2017-10-27T20:32:36.048+0000: 139970.134: Total time for which application threads were stopped: 0.0000611 seconds, Stopping threads took: 0.0000080 seconds
2017-10-27T20:32:36.084+0000: 139970.169: Total time for which application threads were stopped: 0.0001459 seconds, Stopping threads took: 0.0000287 seconds
2017-10-27T20:32:36.084+0000: 139970.170: Total time for which application threads were stopped: 0.0000618 seconds, Stopping threads took: 0.0000081 seconds
2017-10-27T20:32:36.085+0000: 139970.171: Total time for which application threads were stopped: 0.0000446 seconds, Stopping threads took: 0.0000082 seconds
2017-10-27T20:32:36.086+0000: 139970.172: Total time for which application threads were stopped: 0.0000467 seconds, Stopping threads took: 0.0000075 seconds
2017-10-27T20:32:36.088+0000: 139970.173: Total time for which application threads were stopped: 0.0001805 seconds, Stopping threads took: 0.0000108 seconds
2017-10-27T20:32:36.121+0000: 139970.207: Total time for which application threads were stopped: 0.0001700 seconds, Stopping threads took: 0.0000275 seconds
2017-10-27T20:32:36.121+0000: 139970.207: Total time for which application threads were stopped: 0.0000591 seconds, Stopping threads took: 0.0000078 seconds
2017-10-27T20:32:36.168+0000: 139970.254: Total time for which application threads were stopped: 0.0001732 seconds, Stopping threads took: 0.0000406 seconds
2017-10-27T20:32:36.169+0000: 139970.254: Total time for which application threads were stopped: 0.0000849 seconds, Stopping threads took: 0.0000226 seconds
2017-10-27T20:32:36.173+0000: 139970.258: Total time for which application threads were stopped: 0.0000588 seconds, Stopping threads took: 0.0000092 seconds
2017-10-27T20:32:36.173+0000: 139970.259: Total time for which application threads were stopped: 0.0000509 seconds, Stopping threads took: 0.0000084 seconds
2017-10-27T20:32:37.173+0000: 139971.259: Total time for which application threads were stopped: 0.0002554 seconds, Stopping threads took: 0.0000381 seconds
2017-10-27T20:32:37.873+0000: 139971.959: Total time for which application threads were stopped: 0.0001793 seconds, Stopping threads took: 0.0000297 seconds
2017-10-27T20:32:37.873+0000: 139971.959: Total time for which application threads were stopped: 0.0000590 seconds, Stopping threads took: 0.0000110 seconds
2017-10-27T20:32:37.874+0000: 139971.959: Total time for which application threads were stopped: 0.0000552 seconds, Stopping threads took: 0.0000104 seconds
2017-10-27T20:32:37.874+0000: 139971.959: Total time for which application threads were stopped: 0.0000633 seconds, Stopping threads took: 0.0000101 seconds
2017-10-27T20:32:37.874+0000: 139971.960: Total time for which application threads were stopped: 0.0000540 seconds, Stopping threads took: 0.0000103 seconds
2017-10-27T20:32:37.879+0000: 139971.964: Total time for which application threads were stopped: 0.0000626 seconds, Stopping threads took: 0.0000118 seconds
2017-10-27T20:32:37.879+0000: 139971.965: Total time for which application threads were stopped: 0.0000354 seconds, Stopping threads took: 0.0000057 seconds
2017-10-27T20:32:37.879+0000: 139971.965: Total time for which application threads were stopped: 0.0000327 seconds, Stopping threads took: 0.0000049 seconds
2017-10-27T20:32:37.879+0000: 139971.965: Total time for which application threads were stopped: 0.0000323 seconds, Stopping threads took: 0.0000049 seconds
2017-10-27T20:32:37.879+0000: 139971.965: Total time for which application threads were stopped: 0.0000324 seconds, Stopping threads took: 0.0000049 seconds
2017-10-27T20:33:37.879+0000: 140031.965: Total time for which application threads were stopped: 0.0001913 seconds, Stopping threads took: 0.0000688 seconds
2017-10-27T20:34:37.932+0000: 140092.018: Total time for which application threads were stopped: 0.0001812 seconds, Stopping threads took: 0.0000535 seconds
2017-10-27T21:10:19.183+0000: 142233.269: Total time for which application threads were stopped: 0.0001941 seconds, Stopping threads took: 0.0000750 seconds
2017-10-28T23:03:59.741+0000: 235453.827: Total time for which application threads were stopped: 0.0001802 seconds, Stopping threads took: 0.0000665 seconds
2017-10-28T23:03:59.743+0000: 235453.829: Total time for which application threads were stopped: 0.0000492 seconds, Stopping threads took: 0.0000096 seconds
2017-10-28T23:03:59.743+0000: 235453.829: Total time for which application threads were stopped: 0.0000401 seconds, Stopping threads took: 0.0000072 seconds
2017-10-28T23:03:59.743+0000: 235453.829: Total time for which application threads were stopped: 0.0000392 seconds, Stopping threads took: 0.0000071 seconds
2017-10-28T23:03:59.745+0000: 235453.830: Total time for which application threads were stopped: 0.0000521 seconds, Stopping threads took: 0.0000080 seconds
2017-10-28T23:03:59.745+0000: 235453.831: Total time for which application threads were stopped: 0.0000392 seconds, Stopping threads took: 0.0000073 seconds
2017-10-28T23:03:59.746+0000: 235453.831: Total time for which application threads were stopped: 0.0000588 seconds, Stopping threads took: 0.0000252 seconds
2017-10-28T23:03:59.746+0000: 235453.831: Total time for which application threads were stopped: 0.0000388 seconds, Stopping threads took: 0.0000071 seconds
2017-10-28T23:03:59.748+0000: 235453.833: Total time for which application threads were stopped: 0.0000626 seconds, Stopping threads took: 0.0000076 seconds
2017-10-28T23:03:59.748+0000: 235453.833: Total time for which application threads were stopped: 0.0000401 seconds, Stopping threads took: 0.0000072 seconds
2017-10-28T23:03:59.749+0000: 235453.835: Total time for which application threads were stopped: 0.0000447 seconds, Stopping threads took: 0.0000083 seconds
2017-10-28T23:03:59.749+0000: 235453.835: Total time for which application threads were stopped: 0.0000394 seconds, Stopping threads took: 0.0000074 seconds
2017-10-28T23:04:00.073+0000: 235454.159: Total time for which application threads were stopped: 0.0001449 seconds, Stopping threads took: 0.0000319 seconds
2017-10-28T23:04:00.073+0000: 235454.159: Total time for which application threads were stopped: 0.0000719 seconds, Stopping threads took: 0.0000085 seconds
2017-10-28T23:04:00.081+0000: 235454.167: Total time for which application threads were stopped: 0.0000581 seconds, Stopping threads took: 0.0000123 seconds
2017-10-28T23:04:00.082+0000: 235454.167: Total time for which application threads were stopped: 0.0000543 seconds, Stopping threads took: 0.0000083 seconds
2017-10-28T23:04:00.084+0000: 235454.170: Total time for which application threads were stopped: 0.0000501 seconds, Stopping threads took: 0.0000095 seconds
2017-10-28T23:04:00.084+0000: 235454.170: Total time for which application threads were stopped: 0.0000523 seconds, Stopping threads took: 0.0000083 seconds
2017-10-28T23:04:00.085+0000: 235454.171: Total time for which application threads were stopped: 0.0001126 seconds, Stopping threads took: 0.0000090 seconds
2017-10-28T23:04:00.166+0000: 235454.252: Total time for which application threads were stopped: 0.0002807 seconds, Stopping threads took: 0.0000444 seconds
2017-10-28T23:04:00.166+0000: 235454.252: Total time for which application threads were stopped: 0.0001026 seconds, Stopping threads took: 0.0000093 seconds
2017-10-28T23:04:00.167+0000: 235454.253: Total time for which application threads were stopped: 0.0001207 seconds, Stopping threads took: 0.0000083 seconds
2017-10-28T23:04:01.167+0000: 235455.253: Total time for which application threads were stopped: 0.0002123 seconds, Stopping threads took: 0.0000506 seconds
2017-10-28T23:04:01.934+0000: 235456.020: Total time for which application threads were stopped: 0.0001827 seconds, Stopping threads took: 0.0000307 seconds
2017-10-28T23:04:01.935+0000: 235456.020: Total time for which application threads were stopped: 0.0000629 seconds, Stopping threads took: 0.0000107 seconds
2017-10-28T23:04:01.935+0000: 235456.020: Total time for which application threads were stopped: 0.0000565 seconds, Stopping threads took: 0.0000102 seconds
2017-10-28T23:04:01.938+0000: 235456.024: Total time for which application threads were stopped: 0.0000941 seconds, Stopping threads took: 0.0000151 seconds
2017-10-28T23:04:01.938+0000: 235456.024: Total time for which application threads were stopped: 0.0000631 seconds, Stopping threads took: 0.0000112 seconds
2017-10-28T23:04:01.948+0000: 235456.033: Total time for which application threads were stopped: 0.0034487 seconds, Stopping threads took: 0.0033525 seconds
2017-10-28T23:04:01.948+0000: 235456.033: Total time for which application threads were stopped: 0.0000700 seconds, Stopping threads took: 0.0000057 seconds
2017-10-28T23:04:01.948+0000: 235456.034: Total time for which application threads were stopped: 0.0000603 seconds, Stopping threads took: 0.0000053 seconds
2017-10-28T23:04:01.948+0000: 235456.034: Total time for which application threads were stopped: 0.0000591 seconds, Stopping threads took: 0.0000050 seconds
2017-10-28T23:04:01.948+0000: 235456.034: Total time for which application threads were stopped: 0.0000589 seconds, Stopping threads took: 0.0000048 seconds
2017-10-28T23:04:12.821+0000: 235466.907: Total time for which application threads were stopped: 0.0001608 seconds, Stopping threads took: 0.0000363 seconds
2017-10-28T23:04:12.828+0000: 235466.914: Total time for which application threads were stopped: 0.0000760 seconds, Stopping threads took: 0.0000185 seconds
2017-10-28T23:04:13.828+0000: 235467.914: Total time for which application threads were stopped: 0.0001644 seconds, Stopping threads took: 0.0000382 seconds
2017-10-28T23:04:23.716+0000: 235477.802: Total time for which application threads were stopped: 0.0001591 seconds, Stopping threads took: 0.0000376 seconds
2017-10-28T23:04:24.716+0000: 235478.802: Total time for which application threads were stopped: 0.0001642 seconds, Stopping threads took: 0.0000407 seconds
2017-10-28T23:04:38.718+0000: 235492.804: Total time for which application threads were stopped: 0.0002010 seconds, Stopping threads took: 0.0000774 seconds
2017-10-28T23:05:01.948+0000: 235516.034: Total time for which application threads were stopped: 0.0002685 seconds, Stopping threads took: 0.0001419 seconds
2017-10-28T23:05:59.955+0000: 235574.041: Total time for which application threads were stopped: 0.0002019 seconds, Stopping threads took: 0.0000843 seconds
2017-11-01T02:30:41.489+0000: 507055.575: Total time for which application threads were stopped: 0.0001817 seconds, Stopping threads took: 0.0000584 seconds
2017-11-01T02:30:41.489+0000: 507055.575: Total time for which application threads were stopped: 0.0000517 seconds, Stopping threads took: 0.0000077 seconds
2017-11-01T02:30:41.559+0000: 507055.645: Total time for which application threads were stopped: 0.0002649 seconds, Stopping threads took: 0.0000316 seconds
2017-11-01T02:30:41.563+0000: 507055.649: Total time for which application threads were stopped: 0.0000904 seconds, Stopping threads took: 0.0000171 seconds
2017-11-01T02:30:41.603+0000: 507055.688: Total time for which application threads were stopped: 0.0000644 seconds, Stopping threads took: 0.0000117 seconds
2017-11-01T02:30:41.603+0000: 507055.689: Total time for which application threads were stopped: 0.0000425 seconds, Stopping threads took: 0.0000074 seconds
2017-11-01T02:30:41.604+0000: 507055.690: Total time for which application threads were stopped: 0.0000407 seconds, Stopping threads took: 0.0000078 seconds
2017-11-01T02:30:41.604+0000: 507055.690: Total time for which application threads were stopped: 0.0000406 seconds, Stopping threads took: 0.0000081 seconds
2017-11-01T02:30:41.604+0000: 507055.690: Total time for which application threads were stopped: 0.0000367 seconds, Stopping threads took: 0.0000066 seconds
2017-11-01T02:30:41.606+0000: 507055.692: Total time for which application threads were stopped: 0.0000424 seconds, Stopping threads took: 0.0000081 seconds
2017-11-01T02:30:41.606+0000: 507055.692: Total time for which application threads were stopped: 0.0000380 seconds, Stopping threads took: 0.0000071 seconds
2017-11-01T02:30:41.607+0000: 507055.692: Total time for which application threads were stopped: 0.0000416 seconds, Stopping threads took: 0.0000081 seconds
2017-11-01T02:30:41.607+0000: 507055.693: Total time for which application threads were stopped: 0.0000401 seconds, Stopping threads took: 0.0000074 seconds
2017-11-01T02:30:41.607+0000: 507055.693: Total time for which application threads were stopped: 0.0000342 seconds, Stopping threads took: 0.0000061 seconds
2017-11-01T02:30:41.644+0000: 507055.730: Total time for which application threads were stopped: 0.0000661 seconds, Stopping threads took: 0.0000121 seconds
2017-11-01T02:30:41.645+0000: 507055.731: Total time for which application threads were stopped: 0.0001230 seconds, Stopping threads took: 0.0000080 seconds
2017-11-01T02:30:41.647+0000: 507055.733: Total time for which application threads were stopped: 0.0000491 seconds, Stopping threads took: 0.0000089 seconds
2017-11-01T02:30:41.649+0000: 507055.735: Total time for which application threads were stopped: 0.0000605 seconds, Stopping threads took: 0.0000084 seconds
2017-11-01T02:30:41.649+0000: 507055.735: Total time for which application threads were stopped: 0.0000823 seconds, Stopping threads took: 0.0000403 seconds
2017-11-01T02:30:41.650+0000: 507055.736: Total time for which application threads were stopped: 0.0001677 seconds, Stopping threads took: 0.0000078 seconds
2017-11-01T02:30:41.693+0000: 507055.778: Total time for which application threads were stopped: 0.0000819 seconds, Stopping threads took: 0.0000150 seconds
2017-11-01T02:30:41.693+0000: 507055.779: Total time for which application threads were stopped: 0.0000695 seconds, Stopping threads took: 0.0000080 seconds
2017-11-01T02:30:41.695+0000: 507055.781: Total time for which application threads were stopped: 0.0000815 seconds, Stopping threads took: 0.0000156 seconds
2017-11-01T02:30:41.696+0000: 507055.782: Total time for which application threads were stopped: 0.0000569 seconds, Stopping threads took: 0.0000174 seconds
2017-11-01T02:30:41.696+0000: 507055.782: Total time for which application threads were stopped: 0.0000524 seconds, Stopping threads took: 0.0000080 seconds
2017-11-01T02:30:42.697+0000: 507056.783: Total time for which application threads were stopped: 0.0002551 seconds, Stopping threads took: 0.0000362 seconds
2017-11-01T02:30:43.288+0000: 507057.374: Total time for which application threads were stopped: 0.0001578 seconds, Stopping threads took: 0.0000267 seconds
2017-11-01T02:30:43.288+0000: 507057.374: Total time for which application threads were stopped: 0.0000611 seconds, Stopping threads took: 0.0000102 seconds
2017-11-01T02:30:43.288+0000: 507057.374: Total time for which application threads were stopped: 0.0000593 seconds, Stopping threads took: 0.0000105 seconds
2017-11-01T02:30:43.289+0000: 507057.374: Total time for which application threads were stopped: 0.0000577 seconds, Stopping threads took: 0.0000096 seconds
2017-11-01T02:30:43.289+0000: 507057.374: Total time for which application threads were stopped: 0.0000573 seconds, Stopping threads took: 0.0000099 seconds
2017-11-01T02:30:43.296+0000: 507057.382: Total time for which application threads were stopped: 0.0022310 seconds, Stopping threads took: 0.0021604 seconds
2017-11-01T02:30:43.296+0000: 507057.382: Total time for which application threads were stopped: 0.0000637 seconds, Stopping threads took: 0.0000049 seconds
2017-11-01T02:30:43.296+0000: 507057.382: Total time for which application threads were stopped: 0.0000688 seconds, Stopping threads took: 0.0000049 seconds
2017-11-01T02:30:43.296+0000: 507057.382: Total time for which application threads were stopped: 0.0000619 seconds, Stopping threads took: 0.0000047 seconds
2017-11-01T02:30:43.296+0000: 507057.382: Total time for which application threads were stopped: 0.0000615 seconds, Stopping threads took: 0.0000045 seconds
2017-11-01T02:31:01.874+0000: 507075.960: Total time for which application threads were stopped: 0.0001659 seconds, Stopping threads took: 0.0000421 seconds
2017-11-01T02:31:02.874+0000: 507076.960: Total time for which application threads were stopped: 0.0001638 seconds, Stopping threads took: 0.0000394 seconds
2017-11-01T02:31:15.876+0000: 507089.961: Total time for which application threads were stopped: 0.0001643 seconds, Stopping threads took: 0.0000396 seconds
2017-11-01T02:31:21.876+0000: 507095.962: Total time for which application threads were stopped: 0.0001655 seconds, Stopping threads took: 0.0000424 seconds
2017-11-01T02:31:28.877+0000: 507102.963: Total time for which application threads were stopped: 0.0001668 seconds, Stopping threads took: 0.0000339 seconds
2017-11-01T02:31:35.361+0000: 507109.447: Total time for which application threads were stopped: 0.0001672 seconds, Stopping threads took: 0.0000398 seconds
2017-11-01T02:31:36.362+0000: 507110.448: Total time for which application threads were stopped: 0.0002039 seconds, Stopping threads took: 0.0000420 seconds
2017-11-01T02:31:43.297+0000: 507117.382: Total time for which application threads were stopped: 0.0001638 seconds, Stopping threads took: 0.0000336 seconds
2017-11-01T02:31:59.298+0000: 507133.384: Total time for which application threads were stopped: 0.0001698 seconds, Stopping threads took: 0.0000390 seconds
2017-11-01T02:32:10.300+0000: 507144.385: Total time for which application threads were stopped: 0.0001267 seconds, Stopping threads took: 0.0000308 seconds
2017-11-01T02:32:15.947+0000: 507150.033: Total time for which application threads were stopped: 0.0001735 seconds, Stopping threads took: 0.0000289 seconds
2017-11-01T02:32:15.947+0000: 507150.033: Total time for which application threads were stopped: 0.0000626 seconds, Stopping threads took: 0.0000107 seconds
2017-11-01T02:32:15.947+0000: 507150.033: Total time for which application threads were stopped: 0.0000678 seconds, Stopping threads took: 0.0000104 seconds
2017-11-01T02:32:15.947+0000: 507150.033: Total time for which application threads were stopped: 0.0000672 seconds, Stopping threads took: 0.0000103 seconds
2017-11-01T02:32:15.947+0000: 507150.033: Total time for which application threads were stopped: 0.0000609 seconds, Stopping threads took: 0.0000117 seconds
2017-11-01T02:32:15.951+0000: 507150.037: Total time for which application threads were stopped: 0.0001056 seconds, Stopping threads took: 0.0000090 seconds
2017-11-01T02:32:15.951+0000: 507150.037: Total time for which application threads were stopped: 0.0000921 seconds, Stopping threads took: 0.0000054 seconds
2017-11-01T02:32:15.951+0000: 507150.037: Total time for which application threads were stopped: 0.0000343 seconds, Stopping threads took: 0.0000049 seconds
2017-11-01T02:32:15.951+0000: 507150.037: Total time for which application threads were stopped: 0.0000327 seconds, Stopping threads took: 0.0000048 seconds
2017-11-01T02:32:15.951+0000: 507150.037: Total time for which application threads were stopped: 0.0000745 seconds, Stopping threads took: 0.0000048 seconds
2017-11-01T02:32:15.951+0000: 507150.037: Total time for which application threads were stopped: 0.0000335 seconds, Stopping threads took: 0.0000049 seconds
2017-11-01T02:32:17.952+0000: 507152.037: Total time for which application threads were stopped: 0.0002045 seconds, Stopping threads took: 0.0000397 seconds
2017-11-01T02:32:48.955+0000: 507183.041: Total time for which application threads were stopped: 0.0002041 seconds, Stopping threads took: 0.0000843 seconds
2017-11-01T02:33:15.952+0000: 507210.037: Total time for which application threads were stopped: 0.0001960 seconds, Stopping threads took: 0.0000729 seconds
2017-11-05T15:03:21.677+0000: 897815.762: Total time for which application threads were stopped: 0.0001477 seconds, Stopping threads took: 0.0000376 seconds
2017-11-05T15:03:21.677+0000: 897815.763: Total time for which application threads were stopped: 0.0000465 seconds, Stopping threads took: 0.0000077 seconds
2017-11-05T15:03:21.682+0000: 897815.768: Total time for which application threads were stopped: 0.0000548 seconds, Stopping threads took: 0.0000084 seconds
2017-11-05T15:03:21.682+0000: 897815.768: Total time for which application threads were stopped: 0.0000396 seconds, Stopping threads took: 0.0000070 seconds
2017-11-05T15:03:21.715+0000: 897815.801: Total time for which application threads were stopped: 0.0000895 seconds, Stopping threads took: 0.0000175 seconds
2017-11-05T15:03:21.721+0000: 897815.807: Total time for which application threads were stopped: 0.0001104 seconds, Stopping threads took: 0.0000208 seconds
2017-11-05T15:03:21.801+0000: 897815.887: Total time for which application threads were stopped: 0.0002771 seconds, Stopping threads took: 0.0000263 seconds
2017-11-05T15:03:21.825+0000: 897815.910: Total time for which application threads were stopped: 0.0000702 seconds, Stopping threads took: 0.0000122 seconds
2017-11-05T15:03:21.825+0000: 897815.910: Total time for which application threads were stopped: 0.0000411 seconds, Stopping threads took: 0.0000071 seconds
2017-11-05T15:03:21.841+0000: 897815.927: Total time for which application threads were stopped: 0.0000608 seconds, Stopping threads took: 0.0000110 seconds
2017-11-05T15:03:21.842+0000: 897815.927: Total time for which application threads were stopped: 0.0000755 seconds, Stopping threads took: 0.0000089 seconds
2017-11-05T15:03:21.846+0000: 897815.932: Total time for which application threads were stopped: 0.0000450 seconds, Stopping threads took: 0.0000084 seconds
2017-11-05T15:03:21.847+0000: 897815.932: Total time for which application threads were stopped: 0.0000350 seconds, Stopping threads took: 0.0000057 seconds
2017-11-05T15:03:21.847+0000: 897815.932: Total time for which application threads were stopped: 0.0000333 seconds, Stopping threads took: 0.0000053 seconds
2017-11-05T15:03:21.847+0000: 897815.933: Total time for which application threads were stopped: 0.0001251 seconds, Stopping threads took: 0.0000062 seconds
2017-11-05T15:03:21.883+0000: 897815.969: Total time for which application threads were stopped: 0.0001497 seconds, Stopping threads took: 0.0000228 seconds
2017-11-05T15:03:21.883+0000: 897815.969: Total time for which application threads were stopped: 0.0000958 seconds, Stopping threads took: 0.0000051 seconds
2017-11-05T15:03:21.884+0000: 897815.970: Total time for which application threads were stopped: 0.0000590 seconds, Stopping threads took: 0.0000081 seconds
2017-11-05T15:03:21.895+0000: 897815.981: Total time for which application threads were stopped: 0.0000494 seconds, Stopping threads took: 0.0000090 seconds
2017-11-05T15:03:21.895+0000: 897815.981: Total time for which application threads were stopped: 0.0000529 seconds, Stopping threads took: 0.0000083 seconds
2017-11-05T15:03:21.899+0000: 897815.985: Total time for which application threads were stopped: 0.0000492 seconds, Stopping threads took: 0.0000091 seconds
2017-11-05T15:03:21.899+0000: 897815.985: Total time for which application threads were stopped: 0.0000566 seconds, Stopping threads took: 0.0000081 seconds
2017-11-05T15:03:21.900+0000: 897815.986: Total time for which application threads were stopped: 0.0000447 seconds, Stopping threads took: 0.0000083 seconds
2017-11-05T15:03:21.900+0000: 897815.986: Total time for which application threads were stopped: 0.0000508 seconds, Stopping threads took: 0.0000080 seconds
2017-11-05T15:03:22.900+0000: 897816.986: Total time for which application threads were stopped: 0.0002058 seconds, Stopping threads took: 0.0000404 seconds
2017-11-05T15:03:23.192+0000: 897817.278: Total time for which application threads were stopped: 0.0001616 seconds, Stopping threads took: 0.0000269 seconds
2017-11-05T15:03:23.192+0000: 897817.278: Total time for which application threads were stopped: 0.0000615 seconds, Stopping threads took: 0.0000108 seconds
2017-11-05T15:03:23.192+0000: 897817.278: Total time for which application threads were stopped: 0.0000589 seconds, Stopping threads took: 0.0000102 seconds
2017-11-05T15:03:23.192+0000: 897817.278: Total time for which application threads were stopped: 0.0000583 seconds, Stopping threads took: 0.0000102 seconds
2017-11-05T15:03:23.192+0000: 897817.278: Total time for which application threads were stopped: 0.0000915 seconds, Stopping threads took: 0.0000102 seconds
2017-11-05T15:03:23.201+0000: 897817.287: Total time for which application threads were stopped: 0.0029103 seconds, Stopping threads took: 0.0028359 seconds
2017-11-05T15:03:23.201+0000: 897817.287: Total time for which application threads were stopped: 0.0000650 seconds, Stopping threads took: 0.0000054 seconds
2017-11-05T15:03:23.201+0000: 897817.287: Total time for which application threads were stopped: 0.0000627 seconds, Stopping threads took: 0.0000050 seconds
2017-11-05T15:03:23.201+0000: 897817.287: Total time for which application threads were stopped: 0.0000648 seconds, Stopping threads took: 0.0000058 seconds
2017-11-05T15:03:23.201+0000: 897817.287: Total time for which application threads were stopped: 0.0000622 seconds, Stopping threads took: 0.0000049 seconds
2017-11-05T15:03:23.259+0000: 897817.345: Total time for which application threads were stopped: 0.0004453 seconds, Stopping threads took: 0.0003050 seconds
2017-11-05T15:03:23.267+0000: 897817.353: Total time for which application threads were stopped: 0.0026784 seconds, Stopping threads took: 0.0026264 seconds
2017-11-05T15:03:23.267+0000: 897817.353: Total time for which application threads were stopped: 0.0000357 seconds, Stopping threads took: 0.0000063 seconds
2017-11-05T15:03:23.267+0000: 897817.353: Total time for which application threads were stopped: 0.0000318 seconds, Stopping threads took: 0.0000048 seconds
2017-11-05T15:03:23.267+0000: 897817.353: Total time for which application threads were stopped: 0.0001202 seconds, Stopping threads took: 0.0000046 seconds
2017-11-05T15:03:23.267+0000: 897817.353: Total time for which application threads were stopped: 0.0000397 seconds, Stopping threads took: 0.0000069 seconds
2017-11-05T15:03:23.268+0000: 897817.353: Total time for which application threads were stopped: 0.0000334 seconds, Stopping threads took: 0.0000048 seconds
2017-11-05T15:04:23.268+000